Archive member included to satisfy reference by file (symbol)

/Users/y.fujita/.pico-sdk/toolchain/14_2_Rel1/bin/../lib/gcc/arm-none-eabi/14.2.1/thumb/v6-m/nofp/libgcc.a(_dvmd_tls.o)
                              CMakeFiles/redwing.dir/Users/y.fujita/.pico-sdk/sdk/2.2.0/src/rp2_common/pico_divider/divider_hardware.S.o (__aeabi_idiv0)
/Users/y.fujita/.pico-sdk/toolchain/14_2_Rel1/bin/../lib/gcc/arm-none-eabi/14.2.1/../../../../arm-none-eabi/lib/thumb/v6-m/nofp/libg.a(libc_a-calloc.o)
                              CMakeFiles/redwing.dir/Users/y.fujita/.pico-sdk/sdk/2.2.0/src/rp2_common/pico_malloc/malloc.c.o (calloc)
/Users/y.fujita/.pico-sdk/toolchain/14_2_Rel1/bin/../lib/gcc/arm-none-eabi/14.2.1/../../../../arm-none-eabi/lib/thumb/v6-m/nofp/libg.a(libc_a-callocr.o)
                              /Users/y.fujita/.pico-sdk/toolchain/14_2_Rel1/bin/../lib/gcc/arm-none-eabi/14.2.1/../../../../arm-none-eabi/lib/thumb/v6-m/nofp/libg.a(libc_a-calloc.o) (_calloc_r)
/Users/y.fujita/.pico-sdk/toolchain/14_2_Rel1/bin/../lib/gcc/arm-none-eabi/14.2.1/../../../../arm-none-eabi/lib/thumb/v6-m/nofp/libg.a(libc_a-malloc.o)
                              CMakeFiles/redwing.dir/Users/y.fujita/.pico-sdk/sdk/2.2.0/src/rp2_common/pico_malloc/malloc.c.o (malloc)
/Users/y.fujita/.pico-sdk/toolchain/14_2_Rel1/bin/../lib/gcc/arm-none-eabi/14.2.1/../../../../arm-none-eabi/lib/thumb/v6-m/nofp/libg.a(libc_a-mallocr.o)
                              /Users/y.fujita/.pico-sdk/toolchain/14_2_Rel1/bin/../lib/gcc/arm-none-eabi/14.2.1/../../../../arm-none-eabi/lib/thumb/v6-m/nofp/libg.a(libc_a-callocr.o) (_malloc_r)
/Users/y.fujita/.pico-sdk/toolchain/14_2_Rel1/bin/../lib/gcc/arm-none-eabi/14.2.1/../../../../arm-none-eabi/lib/thumb/v6-m/nofp/libg.a(libc_a-mlock.o)
                              /Users/y.fujita/.pico-sdk/toolchain/14_2_Rel1/bin/../lib/gcc/arm-none-eabi/14.2.1/../../../../arm-none-eabi/lib/thumb/v6-m/nofp/libg.a(libc_a-mallocr.o) (__malloc_lock)
/Users/y.fujita/.pico-sdk/toolchain/14_2_Rel1/bin/../lib/gcc/arm-none-eabi/14.2.1/../../../../arm-none-eabi/lib/thumb/v6-m/nofp/libg.a(libc_a-realloc.o)
                              CMakeFiles/redwing.dir/Users/y.fujita/.pico-sdk/sdk/2.2.0/src/rp2_common/pico_malloc/malloc.c.o (realloc)
/Users/y.fujita/.pico-sdk/toolchain/14_2_Rel1/bin/../lib/gcc/arm-none-eabi/14.2.1/../../../../arm-none-eabi/lib/thumb/v6-m/nofp/libg.a(libc_a-reallocr.o)
                              /Users/y.fujita/.pico-sdk/toolchain/14_2_Rel1/bin/../lib/gcc/arm-none-eabi/14.2.1/../../../../arm-none-eabi/lib/thumb/v6-m/nofp/libg.a(libc_a-realloc.o) (_realloc_r)
/Users/y.fujita/.pico-sdk/toolchain/14_2_Rel1/bin/../lib/gcc/arm-none-eabi/14.2.1/../../../../arm-none-eabi/lib/thumb/v6-m/nofp/libg.a(libc_a-memcmp.o)
                              CMakeFiles/redwing.dir/Users/y.fujita/.pico-sdk/sdk/2.2.0/src/rp2_common/pico_atomic/atomic.c.o (memcmp)
/Users/y.fujita/.pico-sdk/toolchain/14_2_Rel1/bin/../lib/gcc/arm-none-eabi/14.2.1/../../../../arm-none-eabi/lib/thumb/v6-m/nofp/libg.a(libc_a-memmove.o)
                              CMakeFiles/redwing.dir/src/devices/bno085.c.o (memmove)
/Users/y.fujita/.pico-sdk/toolchain/14_2_Rel1/bin/../lib/gcc/arm-none-eabi/14.2.1/../../../../arm-none-eabi/lib/thumb/v6-m/nofp/libg.a(libc_a-lcltime_r.o)
                              CMakeFiles/redwing.dir/Users/y.fujita/.pico-sdk/sdk/2.2.0/src/common/pico_util/datetime.c.o (localtime_r)
/Users/y.fujita/.pico-sdk/toolchain/14_2_Rel1/bin/../lib/gcc/arm-none-eabi/14.2.1/../../../../arm-none-eabi/lib/thumb/v6-m/nofp/libg.a(libc_a-mktime.o)
                              CMakeFiles/redwing.dir/Users/y.fujita/.pico-sdk/sdk/2.2.0/src/common/pico_util/datetime.c.o (mktime)
/Users/y.fujita/.pico-sdk/toolchain/14_2_Rel1/bin/../lib/gcc/arm-none-eabi/14.2.1/../../../../arm-none-eabi/lib/thumb/v6-m/nofp/libg.a(libc_a-month_lengths.o)
                              /Users/y.fujita/.pico-sdk/toolchain/14_2_Rel1/bin/../lib/gcc/arm-none-eabi/14.2.1/../../../../arm-none-eabi/lib/thumb/v6-m/nofp/libg.a(libc_a-lcltime_r.o) (__month_lengths)
/Users/y.fujita/.pico-sdk/toolchain/14_2_Rel1/bin/../lib/gcc/arm-none-eabi/14.2.1/../../../../arm-none-eabi/lib/thumb/v6-m/nofp/libg.a(libc_a-tzcalc_limits.o)
                              /Users/y.fujita/.pico-sdk/toolchain/14_2_Rel1/bin/../lib/gcc/arm-none-eabi/14.2.1/../../../../arm-none-eabi/lib/thumb/v6-m/nofp/libg.a(libc_a-lcltime_r.o) (__tzcalc_limits)
/Users/y.fujita/.pico-sdk/toolchain/14_2_Rel1/bin/../lib/gcc/arm-none-eabi/14.2.1/../../../../arm-none-eabi/lib/thumb/v6-m/nofp/libg.a(libc_a-tzlock.o)
                              /Users/y.fujita/.pico-sdk/toolchain/14_2_Rel1/bin/../lib/gcc/arm-none-eabi/14.2.1/../../../../arm-none-eabi/lib/thumb/v6-m/nofp/libg.a(libc_a-lcltime_r.o) (__tz_lock)
/Users/y.fujita/.pico-sdk/toolchain/14_2_Rel1/bin/../lib/gcc/arm-none-eabi/14.2.1/../../../../arm-none-eabi/lib/thumb/v6-m/nofp/libg.a(libc_a-tzset.o)
[...]
Memory Configuration

Name             Origin             Length             Attributes
FLASH            0x10000000         0x00200000         xr
RAM              0x20000000         0x00040000         xrw
SCRATCH_X        0x20040000         0x00001000         xrw
SCRATCH_Y        0x20041000         0x00001000         xrw
*default*        0x00000000         0xffffffff

Linker script and memory map

LOAD /Users/y.fujita/.pico-sdk/toolchain/14_2_Rel1/bin/../lib/gcc/arm-none-eabi/14.2.1/thumb/v6-m/nofp/crti.o
LOAD /Users/y.fujita/.pico-sdk/toolchain/14_2_Rel1/bin/../lib/gcc/arm-none-eabi/14.2.1/thumb/v6-m/nofp/crtbegin.o
LOAD /Users/y.fujita/.pico-sdk/toolchain/14_2_Rel1/bin/../lib/gcc/arm-none-eabi/14.2.1/../../../../arm-none-eabi/lib/thumb/v6-m/nofp/crt0.o

.flash_begin    0x10000000        0x0
                0x10000000                        __flash_binary_start = .

.boot2          0x10000000      0x100
                0x10000000                        __boot2_start__ = .
 *(.boot2)
 .boot2         0x10000000      0x100 pico-sdk/src/rp2040/boot_stage2/CMakeFiles/bs2_default_library.dir/bs2_default_padded_checksummed.S.o
                0x10000100                        __boot2_end__ = .
                0x00000001                        ASSERT (((__boot2_end__ - __boot2_start__) == 0x100), ERROR: Pico second stage bootloader must be 256 bytes in size)

.text           0x10000100     0xd92c
                0x10000100                        __logical_binary_start = .
 *(.vectors)
 .vectors       0x10000100       0xd4 CMakeFiles/redwing.dir/Users/y.fujita/.pico-sdk/sdk/2.2.0/src/rp2_common/pico_crt0/crt0.S.o
                0x10000100                __VECTOR_TABLE
                0x10000100                __vectors
                0x100001c0                isr_irq13
                0x100001c0                isr_irq27
                0x100001c0                isr_irq31
                0x100001c0                isr_irq5
                0x100001c0                isr_irq11
                0x100001c0                isr_irq23
                0x100001c0                isr_irq18
                0x100001c0                isr_irq9
                0x100001c0                __unhandled_user_irq
                0x100001c0                isr_irq25
                0x100001c0                isr_irq4
                0x100001c0                isr_irq16
                0x100001c0                isr_irq29
                0x100001c0                isr_irq26
                0x100001c0                isr_irq3
                0x100001c0                isr_irq12
                0x100001c0                isr_irq30
                0x100001c0                isr_irq28
                0x100001c0                isr_irq19
                0x100001c0                isr_irq0
                0x100001c0                isr_irq6
                0x100001c0                isr_irq22
                0x100001c0                isr_irq17
                0x100001c0                isr_irq14
                0x100001c0                __vectors_end
                0x100001c0                __default_isrs_start
                0x100001c0                isr_irq2
                0x100001c0                isr_irq10
                0x100001c0                isr_irq8
                0x100001c0                isr_irq24
                0x100001c0                isr_irq1
                0x100001c0                isr_irq7
                0x100001c0                isr_irq21
                0x100001c0                isr_irq20
                0x100001c0                isr_irq15
                0x100001c6                unhandled_user_irq_num_in_r0
                0x100001c8                isr_invalid
                0x100001ca                isr_nmi
                0x100001cc                isr_hardfault
                0x100001ce                isr_svcall
                0x100001d0                isr_pendsv
                0x100001d2                isr_systick
                0x100001d4                __default_isrs_end
 *(.binary_info_header)
 .binary_info_header
                0x100001d4       0x14 CMakeFiles/redwing.dir/Users/y.fujita/.pico-sdk/sdk/2.2.0/src/rp2_common/pico_crt0/crt0.S.o
                0x100001e8                        __binary_info_header_end = .
 *(.embedded_block)
                0x100001e8                        __embedded_block_end = .
 *(.reset)
 .reset         0x100001e8       0x9c CMakeFiles/redwing.dir/Users/y.fujita/.pico-sdk/sdk/2.2.0/src/rp2_common/pico_crt0/crt0.S.o
                0x100001e8                _entry_point
 *(.init)
 .init          0x10000284        0x4 /Users/y.fujita/.pico-sdk/toolchain/14_2_Rel1/bin/../lib/gcc/arm-none-eabi/14.2.1/thumb/v6-m/nofp/crti.o
                0x10000284                _init
 *(EXCLUDE_FILE(*libm.a: *libc.a:*lib_a-mem*.o *libgcc.a:) .text*)
 .text.register_tm_clones
                0x10000288       0x28 /Users/y.fujita/.pico-sdk/toolchain/14_2_Rel1/bin/../lib/gcc/arm-none-eabi/14.2.1/thumb/v6-m/nofp/crtbegin.o
 .text.frame_dummy
                0x100002b0       0x24 /Users/y.fujita/.pico-sdk/toolchain/14_2_Rel1/bin/../lib/gcc/arm-none-eabi/14.2.1/thumb/v6-m/nofp/crtbegin.o
 .text.pid_timer_cb
                0x100002d4       0x14 CMakeFiles/redwing.dir/src/main.c.o
 .text.startup.main
                0x100002e8      0x7d8 CMakeFiles/redwing.dir/src/main.c.o
                0x100002e8                main
 .text.usb_comm_init
                0x10000ac0       0x14 CMakeFiles/redwing.dir/src/usb_comm.c.o
                0x10000ac0                usb_comm_init
 .text.usb_comm_recv
                0x10000ad4      0x230 CMakeFiles/redwing.dir/src/usb_comm.c.o
                0x10000ad4                usb_comm_recv
 .text.usb_comm_send
                0x10000d04      0x124 CMakeFiles/redwing.dir/src/usb_comm.c.o
                0x10000d04                usb_comm_send
 .text.usb_comm_send_ack
                0x10000e28       0xe4 CMakeFiles/redwing.dir/src/usb_comm.c.o
                0x10000e28                usb_comm_send_ack
 .text.usb_comm_send_log
                0x10000f0c       0x1c CMakeFiles/redwing.dir/src/usb_comm.c.o
                0x10000f0c                usb_comm_send_log
 .text.usb_comm_send_error
                0x10000f28       0x3c CMakeFiles/redwing.dir/src/usb_comm.c.o
                0x10000f28                usb_comm_send_error
 .text.port_deinit
                0x10000f64       0xe8 CMakeFiles/redwing.dir/src/port_manager.c.o
 .text.port_manager_init
                0x1000104c      0x1bc CMakeFiles/redwing.dir/src/port_manager.c.o
                0x1000104c                port_manager_init
 .text.port_configure
                0x10001208      0x174 CMakeFiles/redwing.dir/src/port_manager.c.o
                0x10001208                port_configure
 .text.port_configure_uart
                0x1000137c       0x98 CMakeFiles/redwing.dir/src/port_manager.c.o
                0x1000137c                port_configure_uart
 .text.port_config_done
                0x10001414       0xd0 CMakeFiles/redwing.dir/src/port_manager.c.o
                0x10001414                port_config_done
 .text.port_uart_tx
                0x100014e4       0x40 CMakeFiles/redwing.dir/src/port_manager.c.o
                0x100014e4                port_uart_tx
 .text.port_uart_rx
                0x10001524       0x4c CMakeFiles/redwing.dir/src/port_manager.c.o
                0x10001524                port_uart_rx
 .text.port_set_motor
                0x10001570       0x74 CMakeFiles/redwing.dir/src/port_manager.c.o
                0x10001570                port_set_motor
 .text.port_set_servo
                0x100015e4       0x28 CMakeFiles/redwing.dir/src/port_manager.c.o
                0x100015e4                port_set_servo
 .text.port_set_servo_range
                0x1000160c       0x30 CMakeFiles/redwing.dir/src/port_manager.c.o
                0x1000160c                port_set_servo_range
 .text.port_attach_encoder
                0x1000163c       0x30 CMakeFiles/redwing.dir/src/port_manager.c.o
                0x1000163c                port_attach_encoder
 .text.port_set_velocity
                0x1000166c       0x2c CMakeFiles/redwing.dir/src/port_manager.c.o
                0x1000166c                port_set_velocity
 .text.port_set_position
                0x10001698       0x7c CMakeFiles/redwing.dir/src/port_manager.c.o
                0x10001698                port_set_position
 .text.port_set_encoder_inverted
                0x10001714       0x24 CMakeFiles/redwing.dir/src/port_manager.c.o
                0x10001714                port_set_encoder_inverted
 .text.port_set_pos_options
                0x10001738       0xd0 CMakeFiles/redwing.dir/src/port_manager.c.o
                0x10001738                port_set_pos_options
 .text.port_set_pid
                0x10001808       0x1c CMakeFiles/redwing.dir/src/port_manager.c.o
                0x10001808                port_set_pid
 .text.port_reset_encoder
                0x10001824       0x24 CMakeFiles/redwing.dir/src/port_manager.c.o
                0x10001824                port_reset_encoder
 .text.port_set_gpio
                0x10001848       0x34 CMakeFiles/redwing.dir/src/port_manager.c.o
                0x10001848                port_set_gpio
 .text.port_stop_all
                0x1000187c       0x74 CMakeFiles/redwing.dir/src/port_manager.c.o
                0x1000187c                port_stop_all
 .text.port_reset
                0x100018f0      0x11c CMakeFiles/redwing.dir/src/port_manager.c.o
                0x100018f0                port_reset
 .text.port_pid_update
                0x10001a0c      0x404 CMakeFiles/redwing.dir/src/port_manager.c.o
                0x10001a0c                port_pid_update
 .text.port_send_state
                0x10001e10      0x66c CMakeFiles/redwing.dir/src/port_manager.c.o
                0x10001e10                port_send_state
 .text.motor_sm_init
                0x1000247c       0xc4 CMakeFiles/redwing.dir/src/devices/motor.c.o
                0x1000247c                motor_sm_init
 .text.motor_sm_set
                0x10002540      0x114 CMakeFiles/redwing.dir/src/devices/motor.c.o
                0x10002540                motor_sm_set
 .text.motor_lap_init
                0x10002654       0xbc CMakeFiles/redwing.dir/src/devices/motor.c.o
                0x10002654                motor_lap_init
 .text.motor_lap_set
                0x10002710       0x88 CMakeFiles/redwing.dir/src/devices/motor.c.o
                0x10002710                motor_lap_set
 .text.motor_stop
                0x10002798       0xc0 CMakeFiles/redwing.dir/src/devices/motor.c.o
                0x10002798                motor_stop
 .text.servo_init
                0x10002858       0xc8 CMakeFiles/redwing.dir/src/devices/servo.c.o
                0x10002858                servo_init
 .text.servo_set_raw_us
                0x10002920       0x6c CMakeFiles/redwing.dir/src/devices/servo.c.o
                0x10002920                servo_set_raw_us
 .text.encoder_irq_handler
                0x1000298c       0x64 CMakeFiles/redwing.dir/src/devices/encoder.c.o
 .text.encoder_init
                0x100029f0      0x110 CMakeFiles/redwing.dir/src/devices/encoder.c.o
                0x100029f0                encoder_init
 .text.encoder_deinit
                0x10002b00       0x48 CMakeFiles/redwing.dir/src/devices/encoder.c.o
                0x10002b00                encoder_deinit
 .text.encoder_reset
                0x10002b48       0x58 CMakeFiles/redwing.dir/src/devices/encoder.c.o
                0x10002b48                encoder_reset
 .text.encoder_get_count
                0x10002ba0       0x28 CMakeFiles/redwing.dir/src/devices/encoder.c.o
                0x10002ba0                encoder_get_count
 .text.encoder_get_velocity
                0x10002bc8       0x28 CMakeFiles/redwing.dir/src/devices/encoder.c.o
                0x10002bc8                encoder_get_velocity
 .text.encoder_set_inverted
                0x10002bf0       0x18 CMakeFiles/redwing.dir/src/devices/encoder.c.o
                0x10002bf0                encoder_set_inverted
 .text.encoder_update_velocity
                0x10002c08      0x1a8 CMakeFiles/redwing.dir/src/devices/encoder.c.o
                0x10002c08                encoder_update_velocity
 .text.ultrasonic_init
                0x10002db0       0x40 CMakeFiles/redwing.dir/src/devices/ultrasonic.c.o
                0x10002db0                ultrasonic_init
 .text.ultrasonic_deinit
                0x10002df0       0x14 CMakeFiles/redwing.dir/src/devices/ultrasonic.c.o
                0x10002df0                ultrasonic_deinit
 .text.ultrasonic_update
                0x10002e04      0x150 CMakeFiles/redwing.dir/src/devices/ultrasonic.c.o
                0x10002e04                ultrasonic_update
 .text.ultrasonic_read
                0x10002f54       0x24 CMakeFiles/redwing.dir/src/devices/ultrasonic.c.o
                0x10002f54                ultrasonic_read
 .text.pio_pwm_pin
                0x10002f78       0x1c CMakeFiles/redwing.dir/src/devices/pio_pwm.c.o
                0x10002f78                pio_pwm_pin
 .text.pio_pwm_init
                0x10002f94      0x1c8 CMakeFiles/redwing.dir/src/devices/pio_pwm.c.o
                0x10002f94                pio_pwm_init
 .text.pio_pwm_set_level
                0x1000315c       0x28 CMakeFiles/redwing.dir/src/devices/pio_pwm.c.o
                0x1000315c                pio_pwm_set_level
 .text.pio_pwm_stop
                0x10003184       0x44 CMakeFiles/redwing.dir/src/devices/pio_pwm.c.o
                0x10003184                pio_pwm_stop
 .text.single_ref_cal
                0x100031c8       0xec CMakeFiles/redwing.dir/src/devices/vl53l0x.c.o
 .text.vl53l0x_init
                0x100032b4     0x1078 CMakeFiles/redwing.dir/src/devices/vl53l0x.c.o
                0x100032b4                vl53l0x_init
 .text.vl53l0x_read_mm
                0x1000432c      0x104 CMakeFiles/redwing.dir/src/devices/vl53l0x.c.o
                0x1000432c                vl53l0x_read_mm
 .text.pca9685_init
                0x10004430       0xcc CMakeFiles/redwing.dir/src/devices/pca9685.c.o
                0x10004430                pca9685_init
 .text.pca9685_set_channel
                0x100044fc       0x4c CMakeFiles/redwing.dir/src/devices/pca9685.c.o
                0x100044fc                pca9685_set_channel
 .text.pca9685_channel_off
                0x10004548       0x34 CMakeFiles/redwing.dir/src/devices/pca9685.c.o
                0x10004548                pca9685_channel_off
 .text.pca9685_channel_on
                0x1000457c       0x34 CMakeFiles/redwing.dir/src/devices/pca9685.c.o
                0x1000457c                pca9685_channel_on
 .text.gobilda_set_mode
                0x100045b0      0x254 CMakeFiles/redwing.dir/src/devices/gobilda_serial.c.o
                0x100045b0                gobilda_set_mode
 .text.ir_distance_adc_init
                0x10004804       0x3c CMakeFiles/redwing.dir/src/devices/ir_distance.c.o
                0x10004804                ir_distance_adc_init
 .text.ir_distance_read_mm
                0x10004840       0xd4 CMakeFiles/redwing.dir/src/devices/ir_distance.c.o
                0x10004840                ir_distance_read_mm
 .text.shtp_read
                0x10004914      0x164 CMakeFiles/redwing.dir/src/devices/bno085.c.o
 .text.bno085_init
                0x10004a78      0x3fc CMakeFiles/redwing.dir/src/devices/bno085.c.o
                0x10004a78                bno085_init
 .text.bno085_get_diag
                0x10004e74        0x8 CMakeFiles/redwing.dir/src/devices/bno085.c.o
                0x10004e74                bno085_get_diag
 .text.bno085_poll
                0x10004e7c      0x370 CMakeFiles/redwing.dir/src/devices/bno085.c.o
                0x10004e7c                bno085_poll
 .text.bno085_get_quat
                0x100051ec       0x2c CMakeFiles/redwing.dir/src/devices/bno085.c.o
                0x100051ec                bno085_get_quat
 .text.bno085_get_linear_accel
                0x10005218       0x20 CMakeFiles/redwing.dir/src/devices/bno085.c.o
                0x10005218                bno085_get_linear_accel
 .text.bno055_init
                0x10005238      0x108 CMakeFiles/redwing.dir/src/devices/bno055.c.o
                0x10005238                bno055_init
 .text.bno055_read
                0x10005340       0xd4 CMakeFiles/redwing.dir/src/devices/bno055.c.o
                0x10005340                bno055_read
 .text.mpu6050_init
                0x10005414      0x114 CMakeFiles/redwing.dir/src/devices/mpu6050.c.o
                0x10005414                mpu6050_init
 .text.mpu6050_read
                0x10005528       0xb4 CMakeFiles/redwing.dir/src/devices/mpu6050.c.o
                0x10005528                mpu6050_read
 .text.gpio_default_irq_handler
                0x100055dc      0x2c8 CMakeFiles/redwing.dir/Users/y.fujita/.pico-sdk/sdk/2.2.0/src/rp2_common/hardware_gpio/gpio.c.o
 .text.gpio_set_function
                0x100058a4       0x34 CMakeFiles/redwing.dir/Users/y.fujita/.pico-sdk/sdk/2.2.0/src/rp2_common/hardware_gpio/gpio.c.o
                0x100058a4                gpio_set_function
 .text.gpio_set_pulls
                0x100058d8       0x28 CMakeFiles/redwing.dir/Users/y.fujita/.pico-sdk/sdk/2.2.0/src/rp2_common/hardware_gpio/gpio.c.o
                0x100058d8                gpio_set_pulls
 .text.gpio_set_drive_strength
                0x10005900       0x24 CMakeFiles/redwing.dir/Users/y.fujita/.pico-sdk/sdk/2.2.0/src/rp2_common/hardware_gpio/gpio.c.o
                0x10005900                gpio_set_drive_strength
 .text.gpio_set_irq_enabled
                0x10005924       0x58 CMakeFiles/redwing.dir/Users/y.fujita/.pico-sdk/sdk/2.2.0/src/rp2_common/hardware_gpio/gpio.c.o
                0x10005924                gpio_set_irq_enabled
 .text.gpio_set_irq_enabled_with_callback
                0x1000597c       0xd0 CMakeFiles/redwing.dir/Users/y.fujita/.pico-sdk/sdk/2.2.0/src/rp2_common/hardware_gpio/gpio.c.o
                0x1000597c                gpio_set_irq_enabled_with_callback
 .text.gpio_set_input_enabled
                0x10005a4c       0x28 CMakeFiles/redwing.dir/Users/y.fujita/.pico-sdk/sdk/2.2.0/src/rp2_common/hardware_gpio/gpio.c.o
                0x10005a4c                gpio_set_input_enabled
 .text.gpio_init
                0x10005a74       0x40 CMakeFiles/redwing.dir/Users/y.fujita/.pico-sdk/sdk/2.2.0/src/rp2_common/hardware_gpio/gpio.c.o
                0x10005a74                gpio_init
 .text.rp2040_chip_version
                0x10005ab4        0xc CMakeFiles/redwing.dir/Users/y.fujita/.pico-sdk/sdk/2.2.0/src/rp2040/pico_platform/platform.c.o
                0x10005ab4                rp2040_chip_version
 .text.panic    0x10005ac0       0x30 CMakeFiles/redwing.dir/Users/y.fujita/.pico-sdk/sdk/2.2.0/src/rp2_common/pico_platform_panic/panic.c.o
                0x10005ac0                panic
 .text.hw_claim_lock
                0x10005af0       0x18 CMakeFiles/redwing.dir/Users/y.fujita/.pico-sdk/sdk/2.2.0/src/common/hardware_claim/claim.c.o
                0x10005af0                hw_claim_lock
 .text.hw_claim_unlock
                0x10005b08       0x14 CMakeFiles/redwing.dir/Users/y.fujita/.pico-sdk/sdk/2.2.0/src/common/hardware_claim/claim.c.o
                0x10005b08                hw_claim_unlock
 .text.hw_claim_or_assert
                0x10005b1c       0x44 CMakeFiles/redwing.dir/Users/y.fujita/.pico-sdk/sdk/2.2.0/src/common/hardware_claim/claim.c.o
                0x10005b1c                hw_claim_or_assert
 .text.hw_claim_unused_from_range
                0x10005b60       0x88 CMakeFiles/redwing.dir/Users/y.fujita/.pico-sdk/sdk/2.2.0/src/common/hardware_claim/claim.c.o
                0x10005b60                hw_claim_unused_from_range
 .text.next_striped_spin_lock_num
                0x10005be8       0x18 CMakeFiles/redwing.dir/Users/y.fujita/.pico-sdk/sdk/2.2.0/src/rp2_common/hardware_sync/sync.c.o
                0x10005be8                next_striped_spin_lock_num
 .text.spin_lock_claim_unused
                0x10005c00       0x24 CMakeFiles/redwing.dir/Users/y.fujita/.pico-sdk/sdk/2.2.0/src/rp2_common/hardware_sync/sync.c.o
                0x10005c00                spin_lock_claim_unused
 .text.spin_locks_reset
                0x10005c24       0x1c CMakeFiles/redwing.dir/Users/y.fujita/.pico-sdk/sdk/2.2.0/src/rp2_common/hardware_sync_spin_lock/sync_spin_lock.c.o
                0x10005c24                spin_locks_reset
 .text.runtime_init_per_core_irq_priorities
                0x10005c40       0x24 CMakeFiles/redwing.dir/Users/y.fujita/.pico-sdk/sdk/2.2.0/src/rp2_common/hardware_irq/irq.c.o
                0x10005c40                runtime_init_per_core_irq_priorities
 .text.irq_set_enabled
                0x10005c64       0x24 CMakeFiles/redwing.dir/Users/y.fujita/.pico-sdk/sdk/2.2.0/src/rp2_common/hardware_irq/irq.c.o
                0x10005c64                irq_set_enabled
 .text.irq_is_enabled
                0x10005c88       0x18 CMakeFiles/redwing.dir/Users/y.fujita/.pico-sdk/sdk/2.2.0/src/rp2_common/hardware_irq/irq.c.o
                0x10005c88                irq_is_enabled
 .text.irq_set_pending
                0x10005ca0       0x10 CMakeFiles/redwing.dir/Users/y.fujita/.pico-sdk/sdk/2.2.0/src/rp2_common/hardware_irq/irq.c.o
                0x10005ca0                irq_set_pending
 .text.irq_has_shared_handler
                0x10005cb0       0x24 CMakeFiles/redwing.dir/Users/y.fujita/.pico-sdk/sdk/2.2.0/src/rp2_common/hardware_irq/irq.c.o
                0x10005cb0                irq_has_shared_handler
 .text.irq_set_exclusive_handler
                0x10005cd4       0x54 CMakeFiles/redwing.dir/Users/y.fujita/.pico-sdk/sdk/2.2.0/src/rp2_common/hardware_irq/irq.c.o
                0x10005cd4                irq_set_exclusive_handler
 .text.irq_add_shared_handler
                0x10005d28      0x1f4 CMakeFiles/redwing.dir/Users/y.fujita/.pico-sdk/sdk/2.2.0/src/rp2_common/hardware_irq/irq.c.o
                0x10005d28                irq_add_shared_handler
 .text.irq_remove_handler
                0x10005f1c      0x1d4 CMakeFiles/redwing.dir/Users/y.fujita/.pico-sdk/sdk/2.2.0/src/rp2_common/hardware_irq/irq.c.o
                0x10005f1c                irq_remove_handler
 .text.irq_add_tail_to_free_list
                0x100060f0       0xb4 CMakeFiles/redwing.dir/Users/y.fujita/.pico-sdk/sdk/2.2.0/src/rp2_common/hardware_irq/irq.c.o
                0x100060f0                irq_add_tail_to_free_list
 .text.user_irq_claim_unused
                0x100061a4       0x2c CMakeFiles/redwing.dir/Users/y.fujita/.pico-sdk/sdk/2.2.0/src/rp2_common/hardware_irq/irq.c.o
                0x100061a4                user_irq_claim_unused
 .text.lock_init
                0x100061d0       0x10 CMakeFiles/redwing.dir/Users/y.fujita/.pico-sdk/sdk/2.2.0/src/common/pico_sync/lock_core.c.o
                0x100061d0                lock_init
 .text.runtime_init_mutex
                0x100061e0       0x50 CMakeFiles/redwing.dir/Users/y.fujita/.pico-sdk/sdk/2.2.0/src/common/pico_sync/mutex.c.o
                0x100061e0                runtime_init_mutex
 .text.mutex_init
                0x10006230       0x1c CMakeFiles/redwing.dir/Users/y.fujita/.pico-sdk/sdk/2.2.0/src/common/pico_sync/mutex.c.o
                0x10006230                mutex_init
 .text.critical_section_init
                0x1000624c       0x1c CMakeFiles/redwing.dir/Users/y.fujita/.pico-sdk/sdk/2.2.0/src/common/pico_sync/critical_section.c.o
                0x1000624c                critical_section_init
 .text.critical_section_init_with_lock_num
                0x10006268       0x14 CMakeFiles/redwing.dir/Users/y.fujita/.pico-sdk/sdk/2.2.0/src/common/pico_sync/critical_section.c.o
                0x10006268                critical_section_init_with_lock_num
 .text.sleep_until_callback
                0x1000627c       0x30 CMakeFiles/redwing.dir/Users/y.fujita/.pico-sdk/sdk/2.2.0/src/common/pico_time/time.c.o
 .text.alarm_pool_irq_handler
                0x100062ac      0x300 CMakeFiles/redwing.dir/Users/y.fujita/.pico-sdk/sdk/2.2.0/src/common/pico_time/time.c.o
 .text.runtime_init_default_alarm_pool
                0x100065ac       0xdc CMakeFiles/redwing.dir/Users/y.fujita/.pico-sdk/sdk/2.2.0/src/common/pico_time/time.c.o
                0x100065ac                runtime_init_default_alarm_pool
 .text.alarm_pool_get_default
                0x10006688        0x8 CMakeFiles/redwing.dir/Users/y.fujita/.pico-sdk/sdk/2.2.0/src/common/pico_time/time.c.o
                0x10006688                alarm_pool_get_default
 .text.alarm_pool_add_alarm_at
                0x10006690       0xd0 CMakeFiles/redwing.dir/Users/y.fujita/.pico-sdk/sdk/2.2.0/src/common/pico_time/time.c.o
                0x10006690                alarm_pool_add_alarm_at
 .text.alarm_pool_add_alarm_at_force_in_context
                0x10006760       0xb0 CMakeFiles/redwing.dir/Users/y.fujita/.pico-sdk/sdk/2.2.0/src/common/pico_time/time.c.o
                0x10006760                alarm_pool_add_alarm_at_force_in_context
 .text.alarm_pool_cancel_alarm
                0x10006810       0x74 CMakeFiles/redwing.dir/Users/y.fujita/.pico-sdk/sdk/2.2.0/src/common/pico_time/time.c.o
                0x10006810                alarm_pool_cancel_alarm
 .text.alarm_pool_core_num
                0x10006884        0x4 CMakeFiles/redwing.dir/Users/y.fujita/.pico-sdk/sdk/2.2.0/src/common/pico_time/time.c.o
                0x10006884                alarm_pool_core_num
 .text.sleep_us
                0x10006888       0xec CMakeFiles/redwing.dir/Users/y.fujita/.pico-sdk/sdk/2.2.0/src/common/pico_time/time.c.o
                0x10006888                sleep_us
 .text.sleep_ms
                0x10006974       0xfc CMakeFiles/redwing.dir/Users/y.fujita/.pico-sdk/sdk/2.2.0/src/common/pico_time/time.c.o
                0x10006974                sleep_ms
 .text.best_effort_wfe_or_timeout
                0x10006a70      0x10c CMakeFiles/redwing.dir/Users/y.fujita/.pico-sdk/sdk/2.2.0/src/common/pico_time/time.c.o
                0x10006a70                best_effort_wfe_or_timeout
 .text.alarm_pool_add_repeating_timer_us
                0x10006b7c      0x124 CMakeFiles/redwing.dir/Users/y.fujita/.pico-sdk/sdk/2.2.0/src/common/pico_time/time.c.o
                0x10006b7c                alarm_pool_add_repeating_timer_us
 .text.check_single_timeout_us
                0x10006ca0       0x24 CMakeFiles/redwing.dir/Users/y.fujita/.pico-sdk/sdk/2.2.0/src/common/pico_time/timeout_helper.c.o
 .text.init_single_timeout_until
                0x10006cc4        0xc CMakeFiles/redwing.dir/Users/y.fujita/.pico-sdk/sdk/2.2.0/src/common/pico_time/timeout_helper.c.o
                0x10006cc4                init_single_timeout_until
 .text.timer_hardware_alarm_claim
                0x10006cd0       0x14 CMakeFiles/redwing.dir/Users/y.fujita/.pico-sdk/sdk/2.2.0/src/rp2_common/hardware_timer/timer.c.o
                0x10006cd0                timer_hardware_alarm_claim
 .text.timer_time_us_64
                0x10006ce4       0x10 CMakeFiles/redwing.dir/Users/y.fujita/.pico-sdk/sdk/2.2.0/src/rp2_common/hardware_timer/timer.c.o
                0x10006ce4                timer_time_us_64
 .text.time_us_64
                0x10006cf4       0x14 CMakeFiles/redwing.dir/Users/y.fujita/.pico-sdk/sdk/2.2.0/src/rp2_common/hardware_timer/timer.c.o
                0x10006cf4                time_us_64
 .text.busy_wait_us_32
                0x10006d08       0x7c CMakeFiles/redwing.dir/Users/y.fujita/.pico-sdk/sdk/2.2.0/src/rp2_common/hardware_timer/timer.c.o
                0x10006d08                busy_wait_us_32
 .text.busy_wait_us
                0x10006d84       0x68 CMakeFiles/redwing.dir/Users/y.fujita/.pico-sdk/sdk/2.2.0/src/rp2_common/hardware_timer/timer.c.o
                0x10006d84                busy_wait_us
 .text.busy_wait_until
                0x10006dec       0x20 CMakeFiles/redwing.dir/Users/y.fujita/.pico-sdk/sdk/2.2.0/src/rp2_common/hardware_timer/timer.c.o
                0x10006dec                busy_wait_until
 .text.uart_init
                0x10006e0c      0x120 CMakeFiles/redwing.dir/Users/y.fujita/.pico-sdk/sdk/2.2.0/src/rp2_common/hardware_uart/uart.c.o
                0x10006e0c                uart_init
 .text.uart_deinit
                0x10006f2c       0x24 CMakeFiles/redwing.dir/Users/y.fujita/.pico-sdk/sdk/2.2.0/src/rp2_common/hardware_uart/uart.c.o
                0x10006f2c                uart_deinit
 .text.clock_configure_int_divider
                0x10006f50       0xf4 CMakeFiles/redwing.dir/Users/y.fujita/.pico-sdk/sdk/2.2.0/src/rp2_common/hardware_clocks/clocks.c.o
                0x10006f50                clock_configure_int_divider
 .text.clock_configure_undivided
                0x10007044       0xe8 CMakeFiles/redwing.dir/Users/y.fujita/.pico-sdk/sdk/2.2.0/src/rp2_common/hardware_clocks/clocks.c.o
                0x10007044                clock_configure_undivided
 .text.clock_get_hz
                0x1000712c        0xc CMakeFiles/redwing.dir/Users/y.fujita/.pico-sdk/sdk/2.2.0/src/rp2_common/hardware_clocks/clocks.c.o
                0x1000712c                clock_get_hz
 .text.pll_init
                0x10007138       0xa4 CMakeFiles/redwing.dir/Users/y.fujita/.pico-sdk/sdk/2.2.0/src/rp2_common/hardware_pll/pll.c.o
                0x10007138                pll_init
 .text.watchdog_reboot
                0x100071dc       0x9c CMakeFiles/redwing.dir/Users/y.fujita/.pico-sdk/sdk/2.2.0/src/rp2_common/hardware_watchdog/watchdog.c.o
                0x100071dc                watchdog_reboot
 .text.tick_start
                0x10007278       0x10 CMakeFiles/redwing.dir/Users/y.fujita/.pico-sdk/sdk/2.2.0/src/rp2_common/hardware_ticks/ticks.c.o
                0x10007278                tick_start
 .text.rom_func_lookup
                0x10007288       0x10 CMakeFiles/redwing.dir/Users/y.fujita/.pico-sdk/sdk/2.2.0/src/rp2_common/pico_bootrom/bootrom.c.o
                0x10007288                rom_func_lookup
 .text.rom_data_lookup
                0x10007298       0x10 CMakeFiles/redwing.dir/Users/y.fujita/.pico-sdk/sdk/2.2.0/src/rp2_common/pico_bootrom/bootrom.c.o
                0x10007298                rom_data_lookup
 .text.rom_funcs_lookup
                0x100072a8       0x44 CMakeFiles/redwing.dir/Users/y.fujita/.pico-sdk/sdk/2.2.0/src/rp2_common/pico_bootrom/bootrom.c.o
                0x100072a8                rom_funcs_lookup
 .text.rom_reset_usb_boot_extra
                0x100072ec       0x24 CMakeFiles/redwing.dir/Users/y.fujita/.pico-sdk/sdk/2.2.0/src/rp2_common/pico_bootrom/bootrom.c.o
                0x100072ec                rom_reset_usb_boot_extra
 .text.xosc_init
                0x10007310       0x28 CMakeFiles/redwing.dir/Users/y.fujita/.pico-sdk/sdk/2.2.0/src/rp2_common/hardware_xosc/xosc.c.o
                0x10007310                xosc_init
 .text.first_per_core_initializer
                0x10007338        0x4 CMakeFiles/redwing.dir/Users/y.fujita/.pico-sdk/sdk/2.2.0/src/rp2_common/pico_runtime/runtime.c.o
 .text.hard_assertion_failure
                0x1000733c        0xc CMakeFiles/redwing.dir/Users/y.fujita/.pico-sdk/sdk/2.2.0/src/rp2_common/pico_runtime/runtime.c.o
                0x1000733c                hard_assertion_failure
 .text.runtime_run_initializers
                0x10007348       0x28 CMakeFiles/redwing.dir/Users/y.fujita/.pico-sdk/sdk/2.2.0/src/rp2_common/pico_runtime/runtime.c.o
                0x10007348                runtime_run_initializers
 .text.runtime_init_early_resets
                0x10007370       0x2c CMakeFiles/redwing.dir/Users/y.fujita/.pico-sdk/sdk/2.2.0/src/rp2_common/pico_runtime_init/runtime_init.c.o
                0x10007370                runtime_init_early_resets
 .text.runtime_init_usb_power_down
                0x1000739c       0x1c CMakeFiles/redwing.dir/Users/y.fujita/.pico-sdk/sdk/2.2.0/src/rp2_common/pico_runtime_init/runtime_init.c.o
                0x1000739c                runtime_init_usb_power_down
 .text.runtime_init_post_clock_resets
                0x100073b8       0x20 CMakeFiles/redwing.dir/Users/y.fujita/.pico-sdk/sdk/2.2.0/src/rp2_common/pico_runtime_init/runtime_init.c.o
                0x100073b8                runtime_init_post_clock_resets
 .text.runtime_init_rp2040_gpio_ie_disable
                0x100073d8       0x14 CMakeFiles/redwing.dir/Users/y.fujita/.pico-sdk/sdk/2.2.0/src/rp2_common/pico_runtime_init/runtime_init.c.o
                0x100073d8                runtime_init_rp2040_gpio_ie_disable
 .text.runtime_init_spin_locks_reset
                0x100073ec        0x8 CMakeFiles/redwing.dir/Users/y.fujita/.pico-sdk/sdk/2.2.0/src/rp2_common/pico_runtime_init/runtime_init.c.o
                0x100073ec                runtime_init_spin_locks_reset
 .text.runtime_init_install_ram_vector_table
                0x100073f4       0xb4 CMakeFiles/redwing.dir/Users/y.fujita/.pico-sdk/sdk/2.2.0/src/rp2_common/pico_runtime_init/runtime_init.c.o
                0x100073f4                runtime_init_install_ram_vector_table
 .text.runtime_init_clocks
                0x100074a8       0xd8 CMakeFiles/redwing.dir/Users/y.fujita/.pico-sdk/sdk/2.2.0/src/rp2_common/pico_runtime_init/runtime_init_clocks.c.o
                0x100074a8                runtime_init_clocks
 .text          0x10007580       0x10 CMakeFiles/redwing.dir/Users/y.fujita/.pico-sdk/sdk/2.2.0/src/rp2_common/pico_bit_ops/bit_ops_aeabi.S.o
 .text.__wrap___aeabi_idiv
                0x10007590       0x50 CMakeFiles/redwing.dir/Users/y.fujita/.pico-sdk/sdk/2.2.0/src/rp2_common/pico_divider/divider_hardware.S.o
                0x10007590                __wrap___aeabi_idivmod
                0x10007590                divmod_s32s32
                0x10007590                div_s32s32
                0x10007590                __wrap___aeabi_idiv
                0x10007598                divmod_s32s32_unsafe
                0x100075c4                divmod_s32s32_savestate
 .text.__wrap___aeabi_uidiv
                0x100075e0       0x4c CMakeFiles/redwing.dir/Users/y.fujita/.pico-sdk/sdk/2.2.0/src/rp2_common/pico_divider/divider_hardware.S.o
                0x100075e0                __wrap___aeabi_uidiv
                0x100075e0                __wrap___aeabi_uidivmod
                0x100075e0                div_u32u32
                0x100075e0                divmod_u32u32
                0x100075e8                divmod_u32u32_unsafe
                0x10007610                divmod_u32u32_savestate
 .text.__wrap___aeabi_ldiv
                0x1000762c      0x424 CMakeFiles/redwing.dir/Users/y.fujita/.pico-sdk/sdk/2.2.0/src/rp2_common/pico_divider/divider_hardware.S.o
                0x1000762c                __wrap___aeabi_ldivmod
                0x1000762c                div_s64s64
                0x1000762c                divmod_s64s64
                0x1000765c                divmod_u64u64
                0x1000765c                div_u64u64
                0x1000765c                __wrap___aeabi_uldivmod
                0x1000766c                divmod_u64u64_savestate
                0x1000768c                divmod_s64s64_unsafe
                0x10007714                divmod_u64u64_unsafe
 .text.__wrap___aeabi_darithmetic
                0x10007a50       0x80 CMakeFiles/redwing.dir/Users/y.fujita/.pico-sdk/sdk/2.2.0/src/rp2_common/pico_double/double_aeabi_rp2040.S.o
                0x10007a50                __wrap___aeabi_drsub
                0x10007a56                __wrap___aeabi_dsub
                0x10007a68                __wrap___aeabi_dadd
                0x10007a7a                __wrap___aeabi_ddiv
                0x10007ab6                __wrap___aeabi_dmul
 .text.__wrap___aeabi_cdcmple
                0x10007ad0       0x6c CMakeFiles/redwing.dir/Users/y.fujita/.pico-sdk/sdk/2.2.0/src/rp2_common/pico_double/double_aeabi_rp2040.S.o
                0x10007ad0                __wrap___aeabi_cdrcmple
                0x10007ae0                __wrap___aeabi_cdcmple
                0x10007ae0                __wrap___aeabi_cdcmpeq
 .text.__wrap___aeabi_dcmplt
                0x10007b3c        0xc CMakeFiles/redwing.dir/Users/y.fujita/.pico-sdk/sdk/2.2.0/src/rp2_common/pico_double/double_aeabi_rp2040.S.o
                0x10007b3c                __wrap___aeabi_dcmplt
 .text.__wrap___aeabi_dcmple
                0x10007b48       0x10 CMakeFiles/redwing.dir/Users/y.fujita/.pico-sdk/sdk/2.2.0/src/rp2_common/pico_double/double_aeabi_rp2040.S.o
                0x10007b48                __wrap___aeabi_dcmple
 .text.__wrap___aeabi_dcmpge
                0x10007b58       0x10 CMakeFiles/redwing.dir/Users/y.fujita/.pico-sdk/sdk/2.2.0/src/rp2_common/pico_double/double_aeabi_rp2040.S.o
                0x10007b58                __wrap___aeabi_dcmpge
 .text.__wrap___aeabi_dcmpgt
                0x10007b68        0xa CMakeFiles/redwing.dir/Users/y.fujita/.pico-sdk/sdk/2.2.0/src/rp2_common/pico_double/double_aeabi_rp2040.S.o
                0x10007b68                __wrap___aeabi_dcmpgt
 .text.__wrap___aeabi_dcmpun
                0x10007b72       0x18 CMakeFiles/redwing.dir/Users/y.fujita/.pico-sdk/sdk/2.2.0/src/rp2_common/pico_double/double_aeabi_rp2040.S.o
                0x10007b72                __wrap___aeabi_dcmpun
 *fill*         0x10007b8a        0x2 
 .text.__wrap___aeabi_i2d
                0x10007b8c       0x38 CMakeFiles/redwing.dir/Users/y.fujita/.pico-sdk/sdk/2.2.0/src/rp2_common/pico_double/double_aeabi_rp2040.S.o
                0x10007b8c                __wrap___aeabi_ui2d
                0x10007b8c                uint2double
                0x10007b94                __wrap___aeabi_i2d
                0x10007b94                int2double
 .text.__wrap___aeabi_d2iz
                0x10007bc4       0x48 CMakeFiles/redwing.dir/Users/y.fujita/.pico-sdk/sdk/2.2.0/src/rp2_common/pico_double/double_aeabi_rp2040.S.o
                0x10007bc4                __wrap___aeabi_d2iz
                0x10007bc4                double2int_z
 .text.__wrap___aeabi_d2uiz
                0x10007c0c       0x18 CMakeFiles/redwing.dir/Users/y.fujita/.pico-sdk/sdk/2.2.0/src/rp2_common/pico_double/double_aeabi_rp2040.S.o
                0x10007c0c                double2uint_z
                0x10007c0c                double2uint
                0x10007c0c                __wrap___aeabi_d2uiz
 .text.__wrap___aeabi_d2f
                0x10007c24       0x18 CMakeFiles/redwing.dir/Users/y.fujita/.pico-sdk/sdk/2.2.0/src/rp2_common/pico_double/double_aeabi_rp2040.S.o
                0x10007c24                __wrap___aeabi_d2f
 .text.__wrap_exp
                0x10007c3c       0x18 CMakeFiles/redwing.dir/Users/y.fujita/.pico-sdk/sdk/2.2.0/src/rp2_common/pico_double/double_aeabi_rp2040.S.o
                0x10007c3c                __wrap_exp
 .text.__wrap_log
                0x10007c54       0x18 CMakeFiles/redwing.dir/Users/y.fujita/.pico-sdk/sdk/2.2.0/src/rp2_common/pico_double/double_aeabi_rp2040.S.o
                0x10007c54                __wrap_log
 .text.__aeabi_double_init
                0x10007c6c       0xa4 CMakeFiles/redwing.dir/Users/y.fujita/.pico-sdk/sdk/2.2.0/src/rp2_common/pico_double/double_init_rom_rp2040.c.o
                0x10007c6c                __aeabi_double_init
 .text.double_table_shim_on_use_helper
                0x10007d10       0x2c CMakeFiles/redwing.dir/Users/y.fujita/.pico-sdk/sdk/2.2.0/src/rp2_common/pico_double/double_v1_rom_shim_rp2040.S.o
                0x10007d10                double_table_shim_on_use_helper
 .text.__wrap___aeabi_dsub
                0x10007d3c       0x10 CMakeFiles/redwing.dir/Users/y.fujita/.pico-sdk/sdk/2.2.0/src/rp2_common/pico_double/double_v1_rom_shim_rp2040.S.o
                0x10007d3c                drsub_shim
                0x10007d42                dsub_shim
 .text.dadd_shim
                0x10007d4c      0x15c CMakeFiles/redwing.dir/Users/y.fujita/.pico-sdk/sdk/2.2.0/src/rp2_common/pico_double/double_v1_rom_shim_rp2040.S.o
                0x10007d4c                dadd_shim
 .text.dmul_shim
                0x10007ea8      0x15c CMakeFiles/redwing.dir/Users/y.fujita/.pico-sdk/sdk/2.2.0/src/rp2_common/pico_double/double_v1_rom_shim_rp2040.S.o
                0x10007ea8                dmul_shim
 .text.ddiv_shim
                0x10008004      0x1b0 CMakeFiles/redwing.dir/Users/y.fujita/.pico-sdk/sdk/2.2.0/src/rp2_common/pico_double/double_v1_rom_shim_rp2040.S.o
                0x10008004                ddiv_shim
 .text.double2uint_shim
                0x100081b4        0xe CMakeFiles/redwing.dir/Users/y.fujita/.pico-sdk/sdk/2.2.0/src/rp2_common/pico_double/double_v1_rom_shim_rp2040.S.o
                0x100081b4                double2uint_shim
                0x100081b6                double2ufix_shim
 *fill*         0x100081c2        0x2 
 .text.double2uint64_shim
                0x100081c4       0x70 CMakeFiles/redwing.dir/Users/y.fujita/.pico-sdk/sdk/2.2.0/src/rp2_common/pico_double/double_v1_rom_shim_rp2040.S.o
                0x100081c4                double2uint64_shim
                0x100081c6                double2ufix64_shim
                0x100081e6                d2fix_a
 .text.double2float_shim
                0x10008234       0x5c CMakeFiles/redwing.dir/Users/y.fujita/.pico-sdk/sdk/2.2.0/src/rp2_common/pico_double/double_v1_rom_shim_rp2040.S.o
                0x10008234                double2float_shim
 .text.x2double_shims
                0x10008290       0x90 CMakeFiles/redwing.dir/Users/y.fujita/.pico-sdk/sdk/2.2.0/src/rp2_common/pico_double/double_v1_rom_shim_rp2040.S.o
                0x10008290                uint2double_shim
                0x10008292                ufix2double_shim
                0x10008298                int2double_shim
                0x1000829a                fix2double_shim
                0x100082a0                uint642double_shim
                0x100082a2                ufix642double_shim
                0x100082a8                int642double_shim
                0x100082aa                fix642double_shim
 .text.dunpacks
                0x10008320       0x3c CMakeFiles/redwing.dir/Users/y.fujita/.pico-sdk/sdk/2.2.0/src/rp2_common/pico_double/double_v1_rom_shim_rp2040.S.o
                0x10008320                dunpacks
 .text.dreduce  0x1000835c       0x82 CMakeFiles/redwing.dir/Users/y.fujita/.pico-sdk/sdk/2.2.0/src/rp2_common/pico_double/double_v1_rom_shim_rp2040.S.o
                0x1000835c                dreduce
 *fill*         0x100083de        0x2 
 .text.dexp_guts
                0x100083e0      0x268 CMakeFiles/redwing.dir/Users/y.fujita/.pico-sdk/sdk/2.2.0/src/rp2_common/pico_double/double_v1_rom_shim_rp2040.S.o
                0x100083e0                dexp_shim
                0x1000847c                dln_shim
 .text.__aeabi_lmul
                0x10008648       0x32 CMakeFiles/redwing.dir/Users/y.fujita/.pico-sdk/sdk/2.2.0/src/rp2_common/pico_int64_ops/pico_int64_ops_aeabi.S.o
                0x10008648                __wrap___aeabi_lmul
 *fill*         0x1000867a        0x2 
 .text.__wrap___aeabi_farithmetic
                0x1000867c       0x48 CMakeFiles/redwing.dir/Users/y.fujita/.pico-sdk/sdk/2.2.0/src/rp2_common/pico_float/float_aeabi_rp2040.S.o
                0x1000867c                __wrap___aeabi_frsub
                0x10008682                __wrap___aeabi_fsub
                0x10008688                __wrap___aeabi_fadd
                0x1000868e                __wrap___aeabi_fdiv
                0x100086b6                __wrap___aeabi_fmul
 .text.__wrap___aeabi_cfcmple
                0x100086c4       0x50 CMakeFiles/redwing.dir/Users/y.fujita/.pico-sdk/sdk/2.2.0/src/rp2_common/pico_float/float_aeabi_rp2040.S.o
                0x100086c4                __wrap___aeabi_cfrcmple
                0x100086d0                __wrap___aeabi_cfcmpeq
                0x100086d0                __wrap___aeabi_cfcmple
 .text.__wrap___aeabi_fcmpeq
                0x10008714       0x10 CMakeFiles/redwing.dir/Users/y.fujita/.pico-sdk/sdk/2.2.0/src/rp2_common/pico_float/float_aeabi_rp2040.S.o
                0x10008714                __wrap___aeabi_fcmpeq
 .text.__wrap___aeabi_fcmplt
                0x10008724        0xc CMakeFiles/redwing.dir/Users/y.fujita/.pico-sdk/sdk/2.2.0/src/rp2_common/pico_float/float_aeabi_rp2040.S.o
                0x10008724                __wrap___aeabi_fcmplt
 .text.__wrap___aeabi_fcmple
                0x10008730       0x10 CMakeFiles/redwing.dir/Users/y.fujita/.pico-sdk/sdk/2.2.0/src/rp2_common/pico_float/float_aeabi_rp2040.S.o
                0x10008730                __wrap___aeabi_fcmple
 .text.__wrap___aeabi_fcmpge
                0x10008740       0x10 CMakeFiles/redwing.dir/Users/y.fujita/.pico-sdk/sdk/2.2.0/src/rp2_common/pico_float/float_aeabi_rp2040.S.o
                0x10008740                __wrap___aeabi_fcmpge
 .text.__wrap___aeabi_fcmpgt
                0x10008750        0xa CMakeFiles/redwing.dir/Users/y.fujita/.pico-sdk/sdk/2.2.0/src/rp2_common/pico_float/float_aeabi_rp2040.S.o
                0x10008750                __wrap___aeabi_fcmpgt
 .text.__wrap___aeabi_ui2f
                0x1000875a        0xa CMakeFiles/redwing.dir/Users/y.fujita/.pico-sdk/sdk/2.2.0/src/rp2_common/pico_float/float_aeabi_rp2040.S.o
                0x1000875a                uint2float
                0x1000875a                __wrap___aeabi_ui2f
 .text.__wrap___aeabi_i2f
                0x10008764       0x44 CMakeFiles/redwing.dir/Users/y.fujita/.pico-sdk/sdk/2.2.0/src/rp2_common/pico_float/float_aeabi_rp2040.S.o
                0x10008764                int2float
                0x10008764                __wrap___aeabi_i2f
 .text.__wrap___aeabi_f2iz
                0x100087a8       0x4e CMakeFiles/redwing.dir/Users/y.fujita/.pico-sdk/sdk/2.2.0/src/rp2_common/pico_float/float_aeabi_rp2040.S.o
                0x100087a8                __wrap___aeabi_f2iz
                0x100087a8                float2int_z
 *fill*         0x100087f6        0x2 
 .text.float2int
                0x100087f8       0x14 CMakeFiles/redwing.dir/Users/y.fujita/.pico-sdk/sdk/2.2.0/src/rp2_common/pico_float/float_aeabi_rp2040.S.o
                0x100087f8                float2int
 .text.__wrap___aeabi_f2uiz
                0x1000880c        0xc CMakeFiles/redwing.dir/Users/y.fujita/.pico-sdk/sdk/2.2.0/src/rp2_common/pico_float/float_aeabi_rp2040.S.o
                0x1000880c                float2uint
                0x1000880c                float2uint_z
                0x1000880c                __wrap___aeabi_f2uiz
 .text.__wrap___aeabi_f2d
                0x10008818       0x14 CMakeFiles/redwing.dir/Users/y.fujita/.pico-sdk/sdk/2.2.0/src/rp2_common/pico_float/float_aeabi_rp2040.S.o
                0x10008818                __wrap___aeabi_f2d
 .text.__aeabi_float_init
                0x1000882c       0x64 CMakeFiles/redwing.dir/Users/y.fujita/.pico-sdk/sdk/2.2.0/src/rp2_common/pico_float/float_init_rom_rp2040.c.o
                0x1000882c                __aeabi_float_init
 .text.fpow_int2
                0x10008890       0xb8 CMakeFiles/redwing.dir/Users/y.fujita/.pico-sdk/sdk/2.2.0/src/rp2_common/pico_float/float_math.c.o
 .text.fpow_0   0x10008948       0xfc CMakeFiles/redwing.dir/Users/y.fujita/.pico-sdk/sdk/2.2.0/src/rp2_common/pico_float/float_math.c.o
 .text.__wrap_powf
                0x10008a44      0x198 CMakeFiles/redwing.dir/Users/y.fujita/.pico-sdk/sdk/2.2.0/src/rp2_common/pico_float/float_math.c.o
                0x10008a44                __wrap_powf
 .text.float_table_shim_on_use_helper
                0x10008bdc       0x2c CMakeFiles/redwing.dir/Users/y.fujita/.pico-sdk/sdk/2.2.0/src/rp2_common/pico_float/float_v1_rom_shim_rp2040.S.o
                0x10008bdc                float_table_shim_on_use_helper
 .text.float232_shims
                0x10008c08       0x18 CMakeFiles/redwing.dir/Users/y.fujita/.pico-sdk/sdk/2.2.0/src/rp2_common/pico_float/float_v1_rom_shim_rp2040.S.o
                0x10008c08                float2int_shim
                0x10008c0a                float2fix_shim
 .text.float2double_shim
                0x10008c20       0x30 CMakeFiles/redwing.dir/Users/y.fujita/.pico-sdk/sdk/2.2.0/src/rp2_common/pico_float/float_v1_rom_shim_rp2040.S.o
                0x10008c20                float2double_shim
 .text          0x10008c50       0x10 CMakeFiles/redwing.dir/Users/y.fujita/.pico-sdk/sdk/2.2.0/src/rp2_common/pico_mem_ops/mem_ops_aeabi.S.o
                0x10008c50                __aeabi_mem_init
 .text.memset   0x10008c60        0xc CMakeFiles/redwing.dir/Users/y.fujita/.pico-sdk/sdk/2.2.0/src/rp2_common/pico_mem_ops/mem_ops_aeabi.S.o
                0x10008c60                __wrap_memset
 .text.memcpy   0x10008c6c        0xc CMakeFiles/redwing.dir/Users/y.fujita/.pico-sdk/sdk/2.2.0/src/rp2_common/pico_mem_ops/mem_ops_aeabi.S.o
                0x10008c6c                __wrap___aeabi_memcpy
                0x10008c6c                __wrap_memcpy
 .text._out_buffer
                0x10008c78        0x8 CMakeFiles/redwing.dir/Users/y.fujita/.pico-sdk/sdk/2.2.0/src/rp2_common/pico_printf/printf.c.o
 .text._out_null
                0x10008c80        0x4 CMakeFiles/redwing.dir/Users/y.fujita/.pico-sdk/sdk/2.2.0/src/rp2_common/pico_printf/printf.c.o
 .text._out_rev
                0x10008c84       0xac CMakeFiles/redwing.dir/Users/y.fujita/.pico-sdk/sdk/2.2.0/src/rp2_common/pico_printf/printf.c.o
 .text._ntoa_format
                0x10008d30      0x1cc CMakeFiles/redwing.dir/Users/y.fujita/.pico-sdk/sdk/2.2.0/src/rp2_common/pico_printf/printf.c.o
 .text._out_char
                0x10008efc       0x10 CMakeFiles/redwing.dir/Users/y.fujita/.pico-sdk/sdk/2.2.0/src/rp2_common/pico_printf/printf.c.o
 .text._ftoa    0x10008f0c      0x4a8 CMakeFiles/redwing.dir/Users/y.fujita/.pico-sdk/sdk/2.2.0/src/rp2_common/pico_printf/printf.c.o
 .text._etoa    0x100093b4      0x57c CMakeFiles/redwing.dir/Users/y.fujita/.pico-sdk/sdk/2.2.0/src/rp2_common/pico_printf/printf.c.o
 .text._vsnprintf
                0x10009930      0xbe0 CMakeFiles/redwing.dir/Users/y.fujita/.pico-sdk/sdk/2.2.0/src/rp2_common/pico_printf/printf.c.o
 .text.__wrap_snprintf
                0x1000a510       0x28 CMakeFiles/redwing.dir/Users/y.fujita/.pico-sdk/sdk/2.2.0/src/rp2_common/pico_printf/printf.c.o
                0x1000a510                __wrap_snprintf
 .text.weak_raw_vprintf
                0x1000a538       0x30 CMakeFiles/redwing.dir/Users/y.fujita/.pico-sdk/sdk/2.2.0/src/rp2_common/pico_printf/printf.c.o
                0x1000a538                weak_raw_vprintf
 .text._exit    0x1000a568        0x4 CMakeFiles/redwing.dir/Users/y.fujita/.pico-sdk/sdk/2.2.0/src/rp2_common/pico_clib_interface/newlib_interface.c.o
                0x1000a568                _exit
 .text.exit     0x1000a56c        0x8 CMakeFiles/redwing.dir/Users/y.fujita/.pico-sdk/sdk/2.2.0/src/rp2_common/pico_clib_interface/newlib_interface.c.o
                0x1000a56c                exit
 .text.runtime_init
                0x1000a574       0x2c CMakeFiles/redwing.dir/Users/y.fujita/.pico-sdk/sdk/2.2.0/src/rp2_common/pico_clib_interface/newlib_interface.c.o
                0x1000a574                runtime_init
 .text.stdio_out_chars_no_crlf
                0x1000a5a0       0x10 CMakeFiles/redwing.dir/Users/y.fujita/.pico-sdk/sdk/2.2.0/src/rp2_common/pico_stdio/stdio.c.o
 .text.stdio_out_chars_crlf
                0x1000a5b0       0xb0 CMakeFiles/redwing.dir/Users/y.fujita/.pico-sdk/sdk/2.2.0/src/rp2_common/pico_stdio/stdio.c.o
 .text.stdio_put_string
                0x1000a660       0xfc CMakeFiles/redwing.dir/Users/y.fujita/.pico-sdk/sdk/2.2.0/src/rp2_common/pico_stdio/stdio.c.o
                0x1000a660                stdio_put_string
 .text.stdio_putchar_raw
                0x1000a75c       0x94 CMakeFiles/redwing.dir/Users/y.fujita/.pico-sdk/sdk/2.2.0/src/rp2_common/pico_stdio/stdio.c.o
                0x1000a75c                stdio_putchar_raw
 .text.stdio_set_driver_enabled
                0x1000a7f0       0x30 CMakeFiles/redwing.dir/Users/y.fujita/.pico-sdk/sdk/2.2.0/src/rp2_common/pico_stdio/stdio.c.o
                0x1000a7f0                stdio_set_driver_enabled
 .text.stdio_init_all
                0x1000a820        0x8 CMakeFiles/redwing.dir/Users/y.fujita/.pico-sdk/sdk/2.2.0/src/rp2_common/pico_stdio/stdio.c.o
                0x1000a820                stdio_init_all
 .text.stdio_getchar_timeout_us
                0x1000a828       0x98 CMakeFiles/redwing.dir/Users/y.fujita/.pico-sdk/sdk/2.2.0/src/rp2_common/pico_stdio/stdio.c.o
                0x1000a828                stdio_getchar_timeout_us
 .text.__wrap_putchar
                0x1000a8c0       0x94 CMakeFiles/redwing.dir/Users/y.fujita/.pico-sdk/sdk/2.2.0/src/rp2_common/pico_stdio/stdio.c.o
                0x1000a8c0                stdio_putchar
                0x1000a8c0                __wrap_putchar
 .text.__wrap_puts
                0x1000a954       0x3c CMakeFiles/redwing.dir/Users/y.fujita/.pico-sdk/sdk/2.2.0/src/rp2_common/pico_stdio/stdio.c.o
                0x1000a954                __wrap_puts
                0x1000a954                stdio_puts
 .text.resetd_init
                0x1000a990        0x4 CMakeFiles/redwing.dir/Users/y.fujita/.pico-sdk/sdk/2.2.0/src/rp2_common/pico_stdio_usb/reset_interface.c.o
 .text.resetd_reset
                0x1000a994        0xc CMakeFiles/redwing.dir/Users/y.fujita/.pico-sdk/sdk/2.2.0/src/rp2_common/pico_stdio_usb/reset_interface.c.o
 .text.resetd_open
                0x1000a9a0       0x28 CMakeFiles/redwing.dir/Users/y.fujita/.pico-sdk/sdk/2.2.0/src/rp2_common/pico_stdio_usb/reset_interface.c.o
 .text.resetd_xfer_cb
                0x1000a9c8        0x4 CMakeFiles/redwing.dir/Users/y.fujita/.pico-sdk/sdk/2.2.0/src/rp2_common/pico_stdio_usb/reset_interface.c.o
 .text.resetd_control_xfer_cb
                0x1000a9cc       0x54 CMakeFiles/redwing.dir/Users/y.fujita/.pico-sdk/sdk/2.2.0/src/rp2_common/pico_stdio_usb/reset_interface.c.o
 .text.tud_descriptor_bos_cb
                0x1000aa20        0x8 CMakeFiles/redwing.dir/Users/y.fujita/.pico-sdk/sdk/2.2.0/src/rp2_common/pico_stdio_usb/reset_interface.c.o
                0x1000aa20                tud_descriptor_bos_cb
 .text.tud_vendor_control_xfer_cb
                0x1000aa28       0x34 CMakeFiles/redwing.dir/Users/y.fujita/.pico-sdk/sdk/2.2.0/src/rp2_common/pico_stdio_usb/reset_interface.c.o
                0x1000aa28                tud_vendor_control_xfer_cb
 .text.usbd_app_driver_get_cb
                0x1000aa5c        0xc CMakeFiles/redwing.dir/Users/y.fujita/.pico-sdk/sdk/2.2.0/src/rp2_common/pico_stdio_usb/reset_interface.c.o
                0x1000aa5c                usbd_app_driver_get_cb
 .text.tud_cdc_line_coding_cb
                0x1000aa68       0x2c CMakeFiles/redwing.dir/Users/y.fujita/.pico-sdk/sdk/2.2.0/src/rp2_common/pico_stdio_usb/reset_interface.c.o
                0x1000aa68                tud_cdc_line_coding_cb
 .text.stdio_usb_set_chars_available_callback
                0x1000aa94       0x14 CMakeFiles/redwing.dir/Users/y.fujita/.pico-sdk/sdk/2.2.0/src/rp2_common/pico_stdio_usb/stdio_usb.c.o
                0x1000aa94                stdio_usb_set_chars_available_callback
 .text.usb_irq  0x1000aaa8       0x10 CMakeFiles/redwing.dir/Users/y.fujita/.pico-sdk/sdk/2.2.0/src/rp2_common/pico_stdio_usb/stdio_usb.c.o
 .text.timer_task
                0x1000aab8       0x64 CMakeFiles/redwing.dir/Users/y.fujita/.pico-sdk/sdk/2.2.0/src/rp2_common/pico_stdio_usb/stdio_usb.c.o
 .text.stdio_usb_in_chars
                0x1000ab1c       0x8c CMakeFiles/redwing.dir/Users/y.fujita/.pico-sdk/sdk/2.2.0/src/rp2_common/pico_stdio_usb/stdio_usb.c.o
                0x1000ab1c                stdio_usb_in_chars
 .text.stdio_usb_out_flush
                0x1000aba8       0x4c CMakeFiles/redwing.dir/Users/y.fujita/.pico-sdk/sdk/2.2.0/src/rp2_common/pico_stdio_usb/stdio_usb.c.o
 .text.stdio_usb_out_chars
                0x1000abf4      0x100 CMakeFiles/redwing.dir/Users/y.fujita/.pico-sdk/sdk/2.2.0/src/rp2_common/pico_stdio_usb/stdio_usb.c.o
 .text.low_priority_worker_irq
                0x1000acf4       0xc8 CMakeFiles/redwing.dir/Users/y.fujita/.pico-sdk/sdk/2.2.0/src/rp2_common/pico_stdio_usb/stdio_usb.c.o
 .text.stdio_usb_init
                0x1000adbc       0xe8 CMakeFiles/redwing.dir/Users/y.fujita/.pico-sdk/sdk/2.2.0/src/rp2_common/pico_stdio_usb/stdio_usb.c.o
                0x1000adbc                stdio_usb_init
 .text.tud_descriptor_device_cb
                0x1000aea4        0x8 CMakeFiles/redwing.dir/Users/y.fujita/.pico-sdk/sdk/2.2.0/src/rp2_common/pico_stdio_usb/stdio_usb_descriptors.c.o
                0x1000aea4                tud_descriptor_device_cb
 .text.tud_descriptor_configuration_cb
                0x1000aeac        0x8 CMakeFiles/redwing.dir/Users/y.fujita/.pico-sdk/sdk/2.2.0/src/rp2_common/pico_stdio_usb/stdio_usb_descriptors.c.o
                0x1000aeac                tud_descriptor_configuration_cb
 .text.tud_descriptor_string_cb
                0x1000aeb4       0x78 CMakeFiles/redwing.dir/Users/y.fujita/.pico-sdk/sdk/2.2.0/src/rp2_common/pico_stdio_usb/stdio_usb_descriptors.c.o
                0x1000aeb4                tud_descriptor_string_cb
 .text.startup._retrieve_unique_id_on_boot
                0x1000af2c       0x10 CMakeFiles/redwing.dir/Users/y.fujita/.pico-sdk/sdk/2.2.0/src/rp2_common/pico_unique_id/unique_id.c.o
 .text.pico_get_unique_board_id_string
                0x1000af3c      0x1a8 CMakeFiles/redwing.dir/Users/y.fujita/.pico-sdk/sdk/2.2.0/src/rp2_common/pico_unique_id/unique_id.c.o
                0x1000af3c                pico_get_unique_board_id_string
 .text.flash_get_unique_id
                0x1000b0e4       0x3c CMakeFiles/redwing.dir/Users/y.fujita/.pico-sdk/sdk/2.2.0/src/rp2_common/hardware_flash/flash.c.o
                0x1000b0e4                flash_get_unique_id
 .text.dcd_init
                0x1000b120       0x90 CMakeFiles/redwing.dir/Users/y.fujita/.pico-sdk/sdk/2.2.0/lib/tinyusb/src/portable/raspberrypi/rp2040/dcd_rp2040.c.o
                0x1000b120                dcd_init
 .text.dcd_int_enable
                0x1000b1b0        0xc CMakeFiles/redwing.dir/Users/y.fujita/.pico-sdk/sdk/2.2.0/lib/tinyusb/src/portable/raspberrypi/rp2040/dcd_rp2040.c.o
                0x1000b1b0                dcd_int_enable
 .text.dcd_set_address
                0x1000b1bc       0x14 CMakeFiles/redwing.dir/Users/y.fujita/.pico-sdk/sdk/2.2.0/lib/tinyusb/src/portable/raspberrypi/rp2040/dcd_rp2040.c.o
                0x1000b1bc                dcd_set_address
 .text.dcd_sof_enable
                0x1000b1d0       0x1c CMakeFiles/redwing.dir/Users/y.fujita/.pico-sdk/sdk/2.2.0/lib/tinyusb/src/portable/raspberrypi/rp2040/dcd_rp2040.c.o
                0x1000b1d0                dcd_sof_enable
 .text.dcd_edpt0_status_complete
                0x1000b1ec       0x1c CMakeFiles/redwing.dir/Users/y.fujita/.pico-sdk/sdk/2.2.0/lib/tinyusb/src/portable/raspberrypi/rp2040/dcd_rp2040.c.o
                0x1000b1ec                dcd_edpt0_status_complete
 .text.dcd_edpt_open
                0x1000b208      0x114 CMakeFiles/redwing.dir/Users/y.fujita/.pico-sdk/sdk/2.2.0/lib/tinyusb/src/portable/raspberrypi/rp2040/dcd_rp2040.c.o
                0x1000b208                dcd_edpt_open
 .text.dcd_edpt_close_all
                0x1000b31c        0x8 CMakeFiles/redwing.dir/Users/y.fujita/.pico-sdk/sdk/2.2.0/lib/tinyusb/src/portable/raspberrypi/rp2040/dcd_rp2040.c.o
                0x1000b31c                dcd_edpt_close_all
 .text.dcd_edpt_xfer
                0x1000b324       0x24 CMakeFiles/redwing.dir/Users/y.fujita/.pico-sdk/sdk/2.2.0/lib/tinyusb/src/portable/raspberrypi/rp2040/dcd_rp2040.c.o
                0x1000b324                dcd_edpt_xfer
 .text.dcd_edpt_stall
                0x1000b348       0x3c CMakeFiles/redwing.dir/Users/y.fujita/.pico-sdk/sdk/2.2.0/lib/tinyusb/src/portable/raspberrypi/rp2040/dcd_rp2040.c.o
                0x1000b348                dcd_edpt_stall
 .text.dcd_edpt_clear_stall
                0x1000b384       0x30 CMakeFiles/redwing.dir/Users/y.fujita/.pico-sdk/sdk/2.2.0/lib/tinyusb/src/portable/raspberrypi/rp2040/dcd_rp2040.c.o
                0x1000b384                dcd_edpt_clear_stall
 .text.rp2040_usb_init
                0x1000b3b4       0x40 CMakeFiles/redwing.dir/Users/y.fujita/.pico-sdk/sdk/2.2.0/lib/tinyusb/src/portable/raspberrypi/rp2040/rp2040_usb.c.o
                0x1000b3b4                rp2040_usb_init
 .text.hw_endpoint_xfer_start
                0x1000b3f4       0x40 CMakeFiles/redwing.dir/Users/y.fujita/.pico-sdk/sdk/2.2.0/lib/tinyusb/src/portable/raspberrypi/rp2040/rp2040_usb.c.o
                0x1000b3f4                hw_endpoint_xfer_start
 .text.tud_event_hook_cb
                0x1000b434        0x4 CMakeFiles/redwing.dir/Users/y.fujita/.pico-sdk/sdk/2.2.0/lib/tinyusb/src/device/usbd.c.o
                0x1000b434                tud_event_hook_cb
 .text.tud_sof_cb
                0x1000b438        0x4 CMakeFiles/redwing.dir/Users/y.fujita/.pico-sdk/sdk/2.2.0/lib/tinyusb/src/device/usbd.c.o
                0x1000b438                tud_sof_cb
 .text.tud_descriptor_device_qualifier_cb
                0x1000b43c        0x4 CMakeFiles/redwing.dir/Users/y.fujita/.pico-sdk/sdk/2.2.0/lib/tinyusb/src/device/usbd.c.o
                0x1000b43c                tud_descriptor_device_qualifier_cb
 .text.tud_descriptor_other_speed_configuration_cb
                0x1000b440        0x4 CMakeFiles/redwing.dir/Users/y.fujita/.pico-sdk/sdk/2.2.0/lib/tinyusb/src/device/usbd.c.o
                0x1000b440                tud_descriptor_other_speed_configuration_cb
 .text.tud_mount_cb
                0x1000b444        0x4 CMakeFiles/redwing.dir/Users/y.fujita/.pico-sdk/sdk/2.2.0/lib/tinyusb/src/device/usbd.c.o
                0x1000b444                tud_mount_cb
 .text.tud_umount_cb
                0x1000b448        0x4 CMakeFiles/redwing.dir/Users/y.fujita/.pico-sdk/sdk/2.2.0/lib/tinyusb/src/device/usbd.c.o
                0x1000b448                tud_umount_cb
 .text.tud_suspend_cb
                0x1000b44c        0x4 CMakeFiles/redwing.dir/Users/y.fujita/.pico-sdk/sdk/2.2.0/lib/tinyusb/src/device/usbd.c.o
                0x1000b44c                tud_suspend_cb
 .text.tud_resume_cb
                0x1000b450        0x4 CMakeFiles/redwing.dir/Users/y.fujita/.pico-sdk/sdk/2.2.0/lib/tinyusb/src/device/usbd.c.o
                0x1000b450                tud_resume_cb
 .text.tud_mounted
                0x1000b454       0x10 CMakeFiles/redwing.dir/Users/y.fujita/.pico-sdk/sdk/2.2.0/lib/tinyusb/src/device/usbd.c.o
                0x1000b454                tud_mounted
 .text.tud_suspended
                0x1000b464       0x10 CMakeFiles/redwing.dir/Users/y.fujita/.pico-sdk/sdk/2.2.0/lib/tinyusb/src/device/usbd.c.o
                0x1000b464                tud_suspended
 .text.tud_rhport_init
                0x1000b474       0xf4 CMakeFiles/redwing.dir/Users/y.fujita/.pico-sdk/sdk/2.2.0/lib/tinyusb/src/device/usbd.c.o
                0x1000b474                tud_rhport_init
 .text.tud_task_ext
                0x1000b568      0x800 CMakeFiles/redwing.dir/Users/y.fujita/.pico-sdk/sdk/2.2.0/lib/tinyusb/src/device/usbd.c.o
                0x1000b568                tud_task_ext
 .text.usbd_open_edpt_pair
                0x1000bd68       0x9c CMakeFiles/redwing.dir/Users/y.fujita/.pico-sdk/sdk/2.2.0/lib/tinyusb/src/device/usbd.c.o
                0x1000bd68                usbd_open_edpt_pair
 .text.usbd_edpt_open
                0x1000be04       0x34 CMakeFiles/redwing.dir/Users/y.fujita/.pico-sdk/sdk/2.2.0/lib/tinyusb/src/device/usbd.c.o
                0x1000be04                usbd_edpt_open
 .text.usbd_edpt_claim
                0x1000be38       0x28 CMakeFiles/redwing.dir/Users/y.fujita/.pico-sdk/sdk/2.2.0/lib/tinyusb/src/device/usbd.c.o
                0x1000be38                usbd_edpt_claim
 .text.usbd_edpt_release
                0x1000be60       0x28 CMakeFiles/redwing.dir/Users/y.fujita/.pico-sdk/sdk/2.2.0/lib/tinyusb/src/device/usbd.c.o
                0x1000be60                usbd_edpt_release
 .text.usbd_edpt_xfer
                0x1000be88       0x4c CMakeFiles/redwing.dir/Users/y.fujita/.pico-sdk/sdk/2.2.0/lib/tinyusb/src/device/usbd.c.o
                0x1000be88                usbd_edpt_xfer
 .text.tud_control_status
                0x1000bed4       0x2c CMakeFiles/redwing.dir/Users/y.fujita/.pico-sdk/sdk/2.2.0/lib/tinyusb/src/device/usbd_control.c.o
                0x1000bed4                tud_control_status
 .text.tud_control_xfer
                0x1000bf00       0xa8 CMakeFiles/redwing.dir/Users/y.fujita/.pico-sdk/sdk/2.2.0/lib/tinyusb/src/device/usbd_control.c.o
                0x1000bf00                tud_control_xfer
 .text.usbd_control_reset
                0x1000bfa8       0x14 CMakeFiles/redwing.dir/Users/y.fujita/.pico-sdk/sdk/2.2.0/lib/tinyusb/src/device/usbd_control.c.o
                0x1000bfa8                usbd_control_reset
 .text.usbd_control_set_complete_callback
                0x1000bfbc        0xc CMakeFiles/redwing.dir/Users/y.fujita/.pico-sdk/sdk/2.2.0/lib/tinyusb/src/device/usbd_control.c.o
                0x1000bfbc                usbd_control_set_complete_callback
 .text.usbd_control_set_request
                0x1000bfc8       0x1c CMakeFiles/redwing.dir/Users/y.fujita/.pico-sdk/sdk/2.2.0/lib/tinyusb/src/device/usbd_control.c.o
                0x1000bfc8                usbd_control_set_request
 .text.usbd_control_xfer_cb
                0x1000bfe4       0xec CMakeFiles/redwing.dir/Users/y.fujita/.pico-sdk/sdk/2.2.0/lib/tinyusb/src/device/usbd_control.c.o
                0x1000bfe4                usbd_control_xfer_cb
 .text._prep_out_transaction.isra.0
                0x1000c0d0       0x6c CMakeFiles/redwing.dir/Users/y.fujita/.pico-sdk/sdk/2.2.0/lib/tinyusb/src/class/cdc/cdc_device.c.o
 .text.tud_cdc_n_connected
                0x1000c13c       0x2c CMakeFiles/redwing.dir/Users/y.fujita/.pico-sdk/sdk/2.2.0/lib/tinyusb/src/class/cdc/cdc_device.c.o
                0x1000c13c                tud_cdc_n_connected
 .text.tud_cdc_n_available
                0x1000c168       0x14 CMakeFiles/redwing.dir/Users/y.fujita/.pico-sdk/sdk/2.2.0/lib/tinyusb/src/class/cdc/cdc_device.c.o
                0x1000c168                tud_cdc_n_available
 .text.tud_cdc_n_read
                0x1000c17c       0x88 CMakeFiles/redwing.dir/Users/y.fujita/.pico-sdk/sdk/2.2.0/lib/tinyusb/src/class/cdc/cdc_device.c.o
                0x1000c17c                tud_cdc_n_read
 .text.tud_cdc_n_write_flush
                0x1000c204       0x74 CMakeFiles/redwing.dir/Users/y.fujita/.pico-sdk/sdk/2.2.0/lib/tinyusb/src/class/cdc/cdc_device.c.o
                0x1000c204                tud_cdc_n_write_flush
 .text.tud_cdc_n_write
                0x1000c278       0x40 CMakeFiles/redwing.dir/Users/y.fujita/.pico-sdk/sdk/2.2.0/lib/tinyusb/src/class/cdc/cdc_device.c.o
                0x1000c278                tud_cdc_n_write
 .text.tud_cdc_n_write_available
                0x1000c2b8       0x14 CMakeFiles/redwing.dir/Users/y.fujita/.pico-sdk/sdk/2.2.0/lib/tinyusb/src/class/cdc/cdc_device.c.o
                0x1000c2b8                tud_cdc_n_write_available
 .text.cdcd_init
                0x1000c2cc       0x70 CMakeFiles/redwing.dir/Users/y.fujita/.pico-sdk/sdk/2.2.0/lib/tinyusb/src/class/cdc/cdc_device.c.o
                0x1000c2cc                cdcd_init
 .text.cdcd_deinit
                0x1000c33c       0x30 CMakeFiles/redwing.dir/Users/y.fujita/.pico-sdk/sdk/2.2.0/lib/tinyusb/src/class/cdc/cdc_device.c.o
                0x1000c33c                cdcd_deinit
 .text.cdcd_reset
                0x1000c36c       0x4c CMakeFiles/redwing.dir/Users/y.fujita/.pico-sdk/sdk/2.2.0/lib/tinyusb/src/class/cdc/cdc_device.c.o
                0x1000c36c                cdcd_reset
 .text.cdcd_open
                0x1000c3b8       0xa4 CMakeFiles/redwing.dir/Users/y.fujita/.pico-sdk/sdk/2.2.0/lib/tinyusb/src/class/cdc/cdc_device.c.o
                0x1000c3b8                cdcd_open
 .text.cdcd_control_xfer_cb
                0x1000c45c       0xe8 CMakeFiles/redwing.dir/Users/y.fujita/.pico-sdk/sdk/2.2.0/lib/tinyusb/src/class/cdc/cdc_device.c.o
                0x1000c45c                cdcd_control_xfer_cb
 .text.cdcd_xfer_cb
                0x1000c544      0x100 CMakeFiles/redwing.dir/Users/y.fujita/.pico-sdk/sdk/2.2.0/lib/tinyusb/src/class/cdc/cdc_device.c.o
                0x1000c544                cdcd_xfer_cb
 .text.vendord_init
                0x1000c644       0x5c CMakeFiles/redwing.dir/Users/y.fujita/.pico-sdk/sdk/2.2.0/lib/tinyusb/src/class/vendor/vendor_device.c.o
                0x1000c644                vendord_init
 .text.vendord_deinit
                0x1000c6a0       0x1c CMakeFiles/redwing.dir/Users/y.fujita/.pico-sdk/sdk/2.2.0/lib/tinyusb/src/class/vendor/vendor_device.c.o
                0x1000c6a0                vendord_deinit
 .text.vendord_reset
                0x1000c6bc       0x28 CMakeFiles/redwing.dir/Users/y.fujita/.pico-sdk/sdk/2.2.0/lib/tinyusb/src/class/vendor/vendor_device.c.o
                0x1000c6bc                vendord_reset
 .text.vendord_open
                0x1000c6e4      0x120 CMakeFiles/redwing.dir/Users/y.fujita/.pico-sdk/sdk/2.2.0/lib/tinyusb/src/class/vendor/vendor_device.c.o
                0x1000c6e4                vendord_open
 .text.vendord_xfer_cb
                0x1000c804       0x9c CMakeFiles/redwing.dir/Users/y.fujita/.pico-sdk/sdk/2.2.0/lib/tinyusb/src/class/vendor/vendor_device.c.o
                0x1000c804                vendord_xfer_cb
 .text.tusb_rhport_init
                0x1000c8a0       0x4c CMakeFiles/redwing.dir/Users/y.fujita/.pico-sdk/sdk/2.2.0/lib/tinyusb/src/tusb.c.o
                0x1000c8a0                tusb_rhport_init
 .text.tu_edpt_claim
                0x1000c8ec       0x50 CMakeFiles/redwing.dir/Users/y.fujita/.pico-sdk/sdk/2.2.0/lib/tinyusb/src/tusb.c.o
                0x1000c8ec                tu_edpt_claim
 .text.tu_edpt_release
                0x1000c93c       0x38 CMakeFiles/redwing.dir/Users/y.fujita/.pico-sdk/sdk/2.2.0/lib/tinyusb/src/tusb.c.o
                0x1000c93c                tu_edpt_release
 .text.tu_edpt_validate
                0x1000c974       0x7c CMakeFiles/redwing.dir/Users/y.fujita/.pico-sdk/sdk/2.2.0/lib/tinyusb/src/tusb.c.o
                0x1000c974                tu_edpt_validate
 .text.tu_edpt_bind_driver
                0x1000c9f0       0x34 CMakeFiles/redwing.dir/Users/y.fujita/.pico-sdk/sdk/2.2.0/lib/tinyusb/src/tusb.c.o
                0x1000c9f0                tu_edpt_bind_driver
 .text.tu_edpt_stream_init
                0x1000ca24       0x6c CMakeFiles/redwing.dir/Users/y.fujita/.pico-sdk/sdk/2.2.0/lib/tinyusb/src/tusb.c.o
                0x1000ca24                tu_edpt_stream_init
 .text.tu_edpt_stream_deinit
                0x1000ca90        0x4 CMakeFiles/redwing.dir/Users/y.fujita/.pico-sdk/sdk/2.2.0/lib/tinyusb/src/tusb.c.o
                0x1000ca90                tu_edpt_stream_deinit
 .text.tu_edpt_stream_write_zlp_if_needed
                0x1000ca94       0x68 CMakeFiles/redwing.dir/Users/y.fujita/.pico-sdk/sdk/2.2.0/lib/tinyusb/src/tusb.c.o
                0x1000ca94                tu_edpt_stream_write_zlp_if_needed
 .text.tu_edpt_stream_write_xfer
                0x1000cafc       0x68 CMakeFiles/redwing.dir/Users/y.fujita/.pico-sdk/sdk/2.2.0/lib/tinyusb/src/tusb.c.o
                0x1000cafc                tu_edpt_stream_write_xfer
 .text.tu_edpt_stream_read_xfer
                0x1000cb64       0xd8 CMakeFiles/redwing.dir/Users/y.fujita/.pico-sdk/sdk/2.2.0/lib/tinyusb/src/tusb.c.o
                0x1000cb64                tu_edpt_stream_read_xfer
 .text.tu_fifo_config
                0x1000cc3c       0x6c CMakeFiles/redwing.dir/Users/y.fujita/.pico-sdk/sdk/2.2.0/lib/tinyusb/src/common/tusb_fifo.c.o
                0x1000cc3c                tu_fifo_config
 .text.tu_fifo_count
                0x1000cca8       0x2c CMakeFiles/redwing.dir/Users/y.fujita/.pico-sdk/sdk/2.2.0/lib/tinyusb/src/common/tusb_fifo.c.o
                0x1000cca8                tu_fifo_count
 .text.tu_fifo_empty
                0x1000ccd4       0x10 CMakeFiles/redwing.dir/Users/y.fujita/.pico-sdk/sdk/2.2.0/lib/tinyusb/src/common/tusb_fifo.c.o
                0x1000ccd4                tu_fifo_empty
 .text.tu_fifo_remaining
                0x1000cce4       0x2c CMakeFiles/redwing.dir/Users/y.fujita/.pico-sdk/sdk/2.2.0/lib/tinyusb/src/common/tusb_fifo.c.o
                0x1000cce4                tu_fifo_remaining
 .text.tu_fifo_read
                0x1000cd10       0x9c CMakeFiles/redwing.dir/Users/y.fujita/.pico-sdk/sdk/2.2.0/lib/tinyusb/src/common/tusb_fifo.c.o
                0x1000cd10                tu_fifo_read
 .text.tu_fifo_read_n
                0x1000cdac       0xe8 CMakeFiles/redwing.dir/Users/y.fujita/.pico-sdk/sdk/2.2.0/lib/tinyusb/src/common/tusb_fifo.c.o
                0x1000cdac                tu_fifo_read_n
 .text.tu_fifo_write
                0x1000ce94       0xa4 CMakeFiles/redwing.dir/Users/y.fujita/.pico-sdk/sdk/2.2.0/lib/tinyusb/src/common/tusb_fifo.c.o
                0x1000ce94                tu_fifo_write
 .text.tu_fifo_write_n
                0x1000cf38      0x178 CMakeFiles/redwing.dir/Users/y.fujita/.pico-sdk/sdk/2.2.0/lib/tinyusb/src/common/tusb_fifo.c.o
                0x1000cf38                tu_fifo_write_n
 .text.tu_fifo_clear
                0x1000d0b0       0x40 CMakeFiles/redwing.dir/Users/y.fujita/.pico-sdk/sdk/2.2.0/lib/tinyusb/src/common/tusb_fifo.c.o
                0x1000d0b0                tu_fifo_clear
 .text.tu_fifo_set_overwritable
                0x1000d0f0       0x48 CMakeFiles/redwing.dir/Users/y.fujita/.pico-sdk/sdk/2.2.0/lib/tinyusb/src/common/tusb_fifo.c.o
                0x1000d0f0                tu_fifo_set_overwritable
 .text.pio_claim_unused_sm
                0x1000d138       0x38 CMakeFiles/redwing.dir/Users/y.fujita/.pico-sdk/sdk/2.2.0/src/rp2_common/hardware_pio/pio.c.o
                0x1000d138                pio_claim_unused_sm
 .text.pio_add_program
                0x1000d170       0xf8 CMakeFiles/redwing.dir/Users/y.fujita/.pico-sdk/sdk/2.2.0/src/rp2_common/hardware_pio/pio.c.o
                0x1000d170                pio_add_program
 .text.pio_sm_set_consecutive_pindirs
                0x1000d268       0xb4 CMakeFiles/redwing.dir/Users/y.fujita/.pico-sdk/sdk/2.2.0/src/rp2_common/hardware_pio/pio.c.o
                0x1000d268                pio_sm_set_consecutive_pindirs
 .text.pio_sm_init
                0x1000d31c       0x9c CMakeFiles/redwing.dir/Users/y.fujita/.pico-sdk/sdk/2.2.0/src/rp2_common/hardware_pio/pio.c.o
                0x1000d31c                pio_sm_init
 .text.i2c_read_blocking_internal
                0x1000d3b8      0x100 CMakeFiles/redwing.dir/Users/y.fujita/.pico-sdk/sdk/2.2.0/src/rp2_common/hardware_i2c/i2c.c.o
 .text.i2c_read_blocking_internal.constprop.0
                0x1000d4b8       0x98 CMakeFiles/redwing.dir/Users/y.fujita/.pico-sdk/sdk/2.2.0/src/rp2_common/hardware_i2c/i2c.c.o
 .text.i2c_write_blocking_internal.constprop.0
                0x1000d550       0xf8 CMakeFiles/redwing.dir/Users/y.fujita/.pico-sdk/sdk/2.2.0/src/rp2_common/hardware_i2c/i2c.c.o
 .text.i2c_set_baudrate
                0x1000d648       0xc0 CMakeFiles/redwing.dir/Users/y.fujita/.pico-sdk/sdk/2.2.0/src/rp2_common/hardware_i2c/i2c.c.o
                0x1000d648                i2c_set_baudrate
 .text.i2c_init
                0x1000d708       0x50 CMakeFiles/redwing.dir/Users/y.fujita/.pico-sdk/sdk/2.2.0/src/rp2_common/hardware_i2c/i2c.c.o
                0x1000d708                i2c_init
 .text.i2c_write_blocking
                0x1000d758       0x14 CMakeFiles/redwing.dir/Users/y.fujita/.pico-sdk/sdk/2.2.0/src/rp2_common/hardware_i2c/i2c.c.o
                0x1000d758                i2c_write_blocking
 .text.i2c_read_blocking
                0x1000d76c       0x14 CMakeFiles/redwing.dir/Users/y.fujita/.pico-sdk/sdk/2.2.0/src/rp2_common/hardware_i2c/i2c.c.o
                0x1000d76c                i2c_read_blocking
 .text.i2c_read_blocking_until
                0x1000d780       0x48 CMakeFiles/redwing.dir/Users/y.fujita/.pico-sdk/sdk/2.2.0/src/rp2_common/hardware_i2c/i2c.c.o
                0x1000d780                i2c_read_blocking_until
 .text.adc_init
                0x1000d7c8       0x38 CMakeFiles/redwing.dir/Users/y.fujita/.pico-sdk/sdk/2.2.0/src/rp2_common/hardware_adc/adc.c.o
                0x1000d7c8                adc_init
 .text.memmove  0x1000d800       0xc4 /Users/y.fujita/.pico-sdk/toolchain/14_2_Rel1/bin/../lib/gcc/arm-none-eabi/14.2.1/../../../../arm-none-eabi/lib/thumb/v6-m/nofp/libg.a(libc_a-memmove.o)
                0x1000d800                memmove
 .text.strlen   0x1000d8c4       0x5c /Users/y.fujita/.pico-sdk/toolchain/14_2_Rel1/bin/../lib/gcc/arm-none-eabi/14.2.1/../../../../arm-none-eabi/lib/thumb/v6-m/nofp/libg.a(libc_a-strlen-stub.o)
                0x1000d8c4                strlen
 *(.fini)
 .fini          0x1000d920        0x4 /Users/y.fujita/.pico-sdk/toolchain/14_2_Rel1/bin/../lib/gcc/arm-none-eabi/14.2.1/thumb/v6-m/nofp/crti.o
                0x1000d920                _fini
 *fill*         0x1000d924        0x4 
 .fini.__stub   0x1000d928       0xc0 linker stubs
 *crtbegin.o(.ctors)
 *crtbegin?.o(.ctors)
 *(EXCLUDE_FILE(*crtend.o *crtend?.o) .ctors)
 *(SORT_BY_NAME(.ctors.*))
 *(.ctors)
 *crtbegin.o(.dtors)
 *crtbegin?.o(.dtors)
 *(EXCLUDE_FILE(*crtend.o *crtend?.o) .dtors)
 *(SORT_BY_NAME(.dtors.*))
 *(.dtors)
                0x1000d9e8                        . = ALIGN (0x4)
                0x1000d9e8                        PROVIDE (__preinit_array_start = .)
 *(SORT_BY_NAME(.preinit_array.*))
 .preinit_array.00100
                0x1000d9e8        0x4 CMakeFiles/redwing.dir/Users/y.fujita/.pico-sdk/sdk/2.2.0/src/rp2_common/pico_runtime_init/runtime_init.c.o
                0x1000d9e8                __pre_init_runtime_init_early_resets
 .preinit_array.00101
                0x1000d9ec        0x4 CMakeFiles/redwing.dir/Users/y.fujita/.pico-sdk/sdk/2.2.0/src/rp2_common/pico_runtime_init/runtime_init.c.o
                0x1000d9ec                __pre_init_runtime_init_usb_power_down
 .preinit_array.00275
                0x1000d9f0        0x4 CMakeFiles/redwing.dir/Users/y.fujita/.pico-sdk/sdk/2.2.0/src/rp2_common/pico_bit_ops/bit_ops_aeabi.S.o
 .preinit_array.00300
                0x1000d9f4        0x4 CMakeFiles/redwing.dir/Users/y.fujita/.pico-sdk/sdk/2.2.0/src/rp2_common/pico_mem_ops/mem_ops_aeabi.S.o
 .preinit_array.00350
                0x1000d9f8        0x4 CMakeFiles/redwing.dir/Users/y.fujita/.pico-sdk/sdk/2.2.0/src/rp2_common/pico_double/double_aeabi_rp2040.S.o
 .preinit_array.00350
                0x1000d9fc        0x4 CMakeFiles/redwing.dir/Users/y.fujita/.pico-sdk/sdk/2.2.0/src/rp2_common/pico_float/float_aeabi_rp2040.S.o
 .preinit_array.00500
                0x1000da00        0x4 CMakeFiles/redwing.dir/Users/y.fujita/.pico-sdk/sdk/2.2.0/src/rp2_common/pico_runtime_init/runtime_init.c.o
                0x1000da00                __pre_init_runtime_init_clocks
 .preinit_array.00600
                0x1000da04        0x4 CMakeFiles/redwing.dir/Users/y.fujita/.pico-sdk/sdk/2.2.0/src/rp2_common/pico_runtime_init/runtime_init.c.o
                0x1000da04                __pre_init_runtime_init_post_clock_resets
 .preinit_array.00700
                0x1000da08        0x4 CMakeFiles/redwing.dir/Users/y.fujita/.pico-sdk/sdk/2.2.0/src/rp2_common/pico_runtime_init/runtime_init.c.o
                0x1000da08                __pre_init_runtime_init_rp2040_gpio_ie_disable
 .preinit_array.01000
                0x1000da0c        0x4 CMakeFiles/redwing.dir/Users/y.fujita/.pico-sdk/sdk/2.2.0/src/rp2_common/pico_runtime_init/runtime_init.c.o
                0x1000da0c                __pre_init_runtime_init_spin_locks_reset
 .preinit_array.01100
                0x1000da10        0x4 CMakeFiles/redwing.dir/Users/y.fujita/.pico-sdk/sdk/2.2.0/src/common/pico_sync/mutex.c.o
                0x1000da10                __pre_init_runtime_init_mutex
 .preinit_array.10080
                0x1000da14        0x4 CMakeFiles/redwing.dir/Users/y.fujita/.pico-sdk/sdk/2.2.0/src/rp2_common/pico_runtime_init/runtime_init.c.o
                0x1000da14                __pre_init_runtime_init_install_ram_vector_table
 .preinit_array.11000
                0x1000da18        0x4 CMakeFiles/redwing.dir/Users/y.fujita/.pico-sdk/sdk/2.2.0/src/common/pico_time/time.c.o
                0x1000da18                __pre_init_runtime_init_default_alarm_pool
 .preinit_array.YYYYY
                0x1000da1c        0x4 CMakeFiles/redwing.dir/Users/y.fujita/.pico-sdk/sdk/2.2.0/src/rp2_common/pico_runtime/runtime.c.o
                0x1000da1c                __pre_init_first_per_core_initializer
 .preinit_array.ZZZZZ.01200
                0x1000da20        0x4 CMakeFiles/redwing.dir/Users/y.fujita/.pico-sdk/sdk/2.2.0/src/rp2_common/hardware_irq/irq.c.o
                0x1000da20                __pre_init_runtime_init_per_core_irq_priorities
 *(.preinit_array)
                0x1000da24                        PROVIDE (__preinit_array_end = .)
                0x1000da24                        . = ALIGN (0x4)
                0x1000da24                        PROVIDE (__init_array_start = .)
 *(SORT_BY_NAME(.init_array.*))
 .init_array.01000
                0x1000da24        0x4 CMakeFiles/redwing.dir/Users/y.fujita/.pico-sdk/sdk/2.2.0/src/rp2_common/pico_unique_id/unique_id.c.o
 *(.init_array)
 .init_array    0x1000da28        0x4 /Users/y.fujita/.pico-sdk/toolchain/14_2_Rel1/bin/../lib/gcc/arm-none-eabi/14.2.1/thumb/v6-m/nofp/crtbegin.o
                0x1000da2c                        PROVIDE (__init_array_end = .)
                0x1000da2c                        . = ALIGN (0x4)
                [!provide]                        PROVIDE (__fini_array_start = .)
 *(SORT_BY_NAME(.fini_array.*))
 *(.fini_array)
                [!provide]                        PROVIDE (__fini_array_end = .)
 *(.eh_frame*)
 .eh_frame      0x1000da2c        0x0 /Users/y.fujita/.pico-sdk/toolchain/14_2_Rel1/bin/../lib/gcc/arm-none-eabi/14.2.1/thumb/v6-m/nofp/crtbegin.o
                0x1000da2c                        . = ALIGN (0x4)

.glue_7         0x1000da2c        0x0
 .glue_7        0x1000da2c        0x0 linker stubs

.glue_7t        0x1000da2c        0x0
 .glue_7t       0x1000da2c        0x0 linker stubs

.vfp11_veneer   0x1000da2c        0x0
 .vfp11_veneer  0x1000da2c        0x0 linker stubs

.v4_bx          0x1000da2c        0x0
 .v4_bx         0x1000da2c        0x0 linker stubs

.iplt           0x1000da2c        0x0
 .iplt          0x1000da2c        0x0 /Users/y.fujita/.pico-sdk/toolchain/14_2_Rel1/bin/../lib/gcc/arm-none-eabi/14.2.1/thumb/v6-m/nofp/crtbegin.o

.rodata         0x1000da30      0xc5c
 *(EXCLUDE_FILE(*libm.a: *libc.a:*lib_a-mem*.o *libgcc.a:) .rodata*)
 .rodata.main.str1.4
                0x1000da30      0x550 CMakeFiles/redwing.dir/src/main.c.o
                                 0xc2 (size before relaxing)
 .rodata.main   0x1000df80       0x64 CMakeFiles/redwing.dir/src/main.c.o
 .rodata.SINGLE_GPIO
                0x1000dfe4        0x8 CMakeFiles/redwing.dir/src/main.c.o
 .rodata.usb_comm_recv
                0x1000dfec       0x14 CMakeFiles/redwing.dir/src/usb_comm.c.o
 .rodata.port_deinit
                0x1000e000       0x2c CMakeFiles/redwing.dir/src/port_manager.c.o
 .rodata.port_configure.str1.4
                0x1000e02c       0x3a CMakeFiles/redwing.dir/src/port_manager.c.o
 .rodata.port_configure
                0x1000e02c       0x3c CMakeFiles/redwing.dir/src/port_manager.c.o
 .rodata.port_configure_uart.str1.4
                0x1000e068       0x13 CMakeFiles/redwing.dir/src/port_manager.c.o
 .rodata.port_config_done.str1.4
                0x1000e068       0x1e CMakeFiles/redwing.dir/src/port_manager.c.o
 .rodata.port_reset
                0x1000e068       0x2c CMakeFiles/redwing.dir/src/port_manager.c.o
 .rodata.port_send_state
                0x1000e094       0x48 CMakeFiles/redwing.dir/src/port_manager.c.o
 .rodata.DUAL_GPIO
                0x1000e0dc       0x10 CMakeFiles/redwing.dir/src/port_manager.c.o
 .rodata.SINGLE_GPIO
                0x1000e0ec        0x8 CMakeFiles/redwing.dir/src/port_manager.c.o
 .rodata.QEM    0x1000e0f4       0x10 CMakeFiles/redwing.dir/src/devices/encoder.c.o
 .rodata.pio_pwm_program
                0x1000e104        0x8 CMakeFiles/redwing.dir/src/devices/pio_pwm.c.o
 .rodata.pio_pwm_program_instructions
                0x1000e10c        0xe CMakeFiles/redwing.dir/src/devices/pio_pwm.c.o
 .rodata.single_ref_cal.str1.4
                0x1000e11a       0x13 CMakeFiles/redwing.dir/src/devices/vl53l0x.c.o
 .rodata.vl53l0x_init.str1.4
                0x1000e11a       0xa2 CMakeFiles/redwing.dir/src/devices/vl53l0x.c.o
 *fill*         0x1000e11a        0x2 
 .rodata        0x1000e11c        0x5 CMakeFiles/redwing.dir/src/devices/pca9685.c.o
 *fill*         0x1000e121        0x3 
 .rodata.REBOOT
                0x1000e124        0x6 CMakeFiles/redwing.dir/src/devices/gobilda_serial.c.o
 *fill*         0x1000e12a        0x2 
 .rodata.LOCK   0x1000e12c        0x8 CMakeFiles/redwing.dir/src/devices/gobilda_serial.c.o
 .rodata.CFG_POS
                0x1000e134       0x33 CMakeFiles/redwing.dir/src/devices/gobilda_serial.c.o
 *fill*         0x1000e167        0x1 
 .rodata.CFG_CONT
                0x1000e168       0x33 CMakeFiles/redwing.dir/src/devices/gobilda_serial.c.o
 *fill*         0x1000e19b        0x1 
 .rodata.UNLOCK
                0x1000e19c        0x8 CMakeFiles/redwing.dir/src/devices/gobilda_serial.c.o
 .rodata.bno085_init.str1.4
                0x1000e1a4      0x122 CMakeFiles/redwing.dir/src/devices/bno085.c.o
 .rodata.bno085_poll.str1.4
                0x1000e1a4       0x83 CMakeFiles/redwing.dir/src/devices/bno085.c.o
 .rodata.rst_pkt.7
                0x1000e1a4        0x5 CMakeFiles/redwing.dir/src/devices/bno085.c.o
 *fill*         0x1000e1a9        0x3 
 .rodata        0x1000e1ac       0x39 CMakeFiles/redwing.dir/src/devices/bno085.c.o
 .rodata.mpu6050_init.str1.4
                0x1000e1e5       0x2c CMakeFiles/redwing.dir/src/devices/mpu6050.c.o
 .rodata.panic.str1.4
                0x1000e1e5       0x12 CMakeFiles/redwing.dir/Users/y.fujita/.pico-sdk/sdk/2.2.0/src/rp2_common/pico_platform_panic/panic.c.o
 .rodata.spin_lock_claim_unused.str1.4
                0x1000e1e5       0x1b CMakeFiles/redwing.dir/Users/y.fujita/.pico-sdk/sdk/2.2.0/src/rp2_common/hardware_sync/sync.c.o
 .rodata.user_irq_claim_unused.str1.4
                0x1000e1e5       0x1b CMakeFiles/redwing.dir/Users/y.fujita/.pico-sdk/sdk/2.2.0/src/rp2_common/hardware_irq/irq.c.o
 .rodata.timer_hardware_alarm_claim.str1.4
                0x1000e1e5       0x22 CMakeFiles/redwing.dir/Users/y.fujita/.pico-sdk/sdk/2.2.0/src/rp2_common/hardware_timer/timer.c.o
 .rodata.hard_assertion_failure.str1.4
                0x1000e1e5        0xc CMakeFiles/redwing.dir/Users/y.fujita/.pico-sdk/sdk/2.2.0/src/rp2_common/pico_runtime/runtime.c.o
 .rodata.str1.4
                0x1000e1e5       0x3c CMakeFiles/redwing.dir/Users/y.fujita/.pico-sdk/sdk/2.2.0/src/rp2_common/pico_standard_binary_info/standard_binary_info.c.o
 *fill*         0x1000e1e5        0x3 
 .rodata.__bi_84
                0x1000e1e8        0xc CMakeFiles/redwing.dir/Users/y.fujita/.pico-sdk/sdk/2.2.0/src/rp2_common/pico_standard_binary_info/standard_binary_info.c.o
 .rodata.__bi_78
                0x1000e1f4        0xc CMakeFiles/redwing.dir/Users/y.fujita/.pico-sdk/sdk/2.2.0/src/rp2_common/pico_standard_binary_info/standard_binary_info.c.o
 .rodata.__bi_54
                0x1000e200        0xc CMakeFiles/redwing.dir/Users/y.fujita/.pico-sdk/sdk/2.2.0/src/rp2_common/pico_standard_binary_info/standard_binary_info.c.o
 .rodata.__bi_48
                0x1000e20c        0xc CMakeFiles/redwing.dir/Users/y.fujita/.pico-sdk/sdk/2.2.0/src/rp2_common/pico_standard_binary_info/standard_binary_info.c.o
 .rodata.__bi_42
                0x1000e218        0xc CMakeFiles/redwing.dir/Users/y.fujita/.pico-sdk/sdk/2.2.0/src/rp2_common/pico_standard_binary_info/standard_binary_info.c.o
 .rodata.__bi_34
                0x1000e224        0xc CMakeFiles/redwing.dir/Users/y.fujita/.pico-sdk/sdk/2.2.0/src/rp2_common/pico_standard_binary_info/standard_binary_info.c.o
 .rodata.__bi_26
                0x1000e230        0xc CMakeFiles/redwing.dir/Users/y.fujita/.pico-sdk/sdk/2.2.0/src/rp2_common/pico_standard_binary_info/standard_binary_info.c.o
 .rodata._ftoa.str1.4
                0x1000e23c       0x15 CMakeFiles/redwing.dir/Users/y.fujita/.pico-sdk/sdk/2.2.0/src/rp2_common/pico_printf/printf.c.o
 .rodata._vsnprintf
                0x1000e23c      0x19c CMakeFiles/redwing.dir/Users/y.fujita/.pico-sdk/sdk/2.2.0/src/rp2_common/pico_printf/printf.c.o
 .rodata.pow10.0
                0x1000e3d8       0x50 CMakeFiles/redwing.dir/Users/y.fujita/.pico-sdk/sdk/2.2.0/src/rp2_common/pico_printf/printf.c.o
 .rodata.crlf_str.0
                0x1000e428        0x2 CMakeFiles/redwing.dir/Users/y.fujita/.pico-sdk/sdk/2.2.0/src/rp2_common/pico_stdio/stdio.c.o
 *fill*         0x1000e42a        0x2 
 .rodata._resetd_driver
                0x1000e42c       0x20 CMakeFiles/redwing.dir/Users/y.fujita/.pico-sdk/sdk/2.2.0/src/rp2_common/pico_stdio_usb/reset_interface.c.o
 .rodata.desc_ms_os_20
                0x1000e44c       0xa6 CMakeFiles/redwing.dir/Users/y.fujita/.pico-sdk/sdk/2.2.0/src/rp2_common/pico_stdio_usb/reset_interface.c.o
 *fill*         0x1000e4f2        0x2 
 .rodata.desc_bos
                0x1000e4f4       0x21 CMakeFiles/redwing.dir/Users/y.fujita/.pico-sdk/sdk/2.2.0/src/rp2_common/pico_stdio_usb/reset_interface.c.o
                0x1000e4f4                desc_bos
 .rodata.str1.4
                0x1000e515       0x13 CMakeFiles/redwing.dir/Users/y.fujita/.pico-sdk/sdk/2.2.0/src/rp2_common/pico_stdio_usb/stdio_usb.c.o
 *fill*         0x1000e515        0x3 
 .rodata.__bi_202.0
                0x1000e518        0xc CMakeFiles/redwing.dir/Users/y.fujita/.pico-sdk/sdk/2.2.0/src/rp2_common/pico_stdio_usb/stdio_usb.c.o
 .rodata.str1.4
                0x1000e524       0x2a CMakeFiles/redwing.dir/Users/y.fujita/.pico-sdk/sdk/2.2.0/src/rp2_common/pico_stdio_usb/stdio_usb_descriptors.c.o
 .rodata.usbd_desc_str
                0x1000e524       0x18 CMakeFiles/redwing.dir/Users/y.fujita/.pico-sdk/sdk/2.2.0/src/rp2_common/pico_stdio_usb/stdio_usb_descriptors.c.o
 .rodata.usbd_desc_cfg
                0x1000e53c       0x54 CMakeFiles/redwing.dir/Users/y.fujita/.pico-sdk/sdk/2.2.0/src/rp2_common/pico_stdio_usb/stdio_usb_descriptors.c.o
 .rodata.usbd_desc_device
                0x1000e590       0x12 CMakeFiles/redwing.dir/Users/y.fujita/.pico-sdk/sdk/2.2.0/src/rp2_common/pico_stdio_usb/stdio_usb_descriptors.c.o
 .rodata.str1.4
                0x1000e5a2       0x14 CMakeFiles/redwing.dir/Users/y.fujita/.pico-sdk/sdk/2.2.0/lib/tinyusb/src/portable/raspberrypi/rp2040/dcd_rp2040.c.o
 .rodata.str1.4
                0x1000e5a2       0x48 CMakeFiles/redwing.dir/Users/y.fujita/.pico-sdk/sdk/2.2.0/lib/tinyusb/src/portable/raspberrypi/rp2040/rp2040_usb.c.o
 *fill*         0x1000e5a2        0x2 
 .rodata.tud_task_ext
                0x1000e5a4       0x8c CMakeFiles/redwing.dir/Users/y.fujita/.pico-sdk/sdk/2.2.0/lib/tinyusb/src/device/usbd.c.o
 .rodata        0x1000e630       0x1c CMakeFiles/redwing.dir/Users/y.fujita/.pico-sdk/sdk/2.2.0/lib/tinyusb/src/device/usbd.c.o
 .rodata._usbd_driver
                0x1000e64c       0x40 CMakeFiles/redwing.dir/Users/y.fujita/.pico-sdk/sdk/2.2.0/lib/tinyusb/src/device/usbd.c.o
 .rodata.pio_claim_unused_sm.str1.4
                0x1000e68c       0x24 CMakeFiles/redwing.dir/Users/y.fujita/.pico-sdk/sdk/2.2.0/src/rp2_common/hardware_pio/pio.c.o
                0x1000e6b0                        . = ALIGN (0x4)
 *(SORT_BY_ALIGNMENT(SORT_BY_NAME(.flashdata*)))
                0x1000e6b0                        . = ALIGN (0x4)

.ARM.extab
 *(.ARM.extab* .gnu.linkonce.armextab.*)
                0x1000e68c                        __exidx_start = .

.ARM.exidx
 *(.ARM.exidx* .gnu.linkonce.armexidx.*)
                0x1000e68c                        __exidx_end = .
                0x1000e6b0                        . = ALIGN (0x4)
                0x1000e68c                        __binary_info_start = .

.binary_info    0x1000e68c       0x20
 *(.binary_info.keep.*)
 .binary_info.keep.__bi_ptr84
                0x1000e68c        0x4 CMakeFiles/redwing.dir/Users/y.fujita/.pico-sdk/sdk/2.2.0/src/rp2_common/pico_standard_binary_info/standard_binary_info.c.o
 .binary_info.keep.__bi_ptr78
                0x1000e690        0x4 CMakeFiles/redwing.dir/Users/y.fujita/.pico-sdk/sdk/2.2.0/src/rp2_common/pico_standard_binary_info/standard_binary_info.c.o
 .binary_info.keep.__bi_ptr54
                0x1000e694        0x4 CMakeFiles/redwing.dir/Users/y.fujita/.pico-sdk/sdk/2.2.0/src/rp2_common/pico_standard_binary_info/standard_binary_info.c.o
 .binary_info.keep.__bi_ptr48
                0x1000e698        0x4 CMakeFiles/redwing.dir/Users/y.fujita/.pico-sdk/sdk/2.2.0/src/rp2_common/pico_standard_binary_info/standard_binary_info.c.o
 .binary_info.keep.__bi_ptr42
                0x1000e69c        0x4 CMakeFiles/redwing.dir/Users/y.fujita/.pico-sdk/sdk/2.2.0/src/rp2_common/pico_standard_binary_info/standard_binary_info.c.o
 .binary_info.keep.__bi_ptr34
                0x1000e6a0        0x4 CMakeFiles/redwing.dir/Users/y.fujita/.pico-sdk/sdk/2.2.0/src/rp2_common/pico_standard_binary_info/standard_binary_info.c.o
 .binary_info.keep.__bi_ptr26
                0x1000e6a4        0x4 CMakeFiles/redwing.dir/Users/y.fujita/.pico-sdk/sdk/2.2.0/src/rp2_common/pico_standard_binary_info/standard_binary_info.c.o
 *(.binary_info.*)
 .binary_info.__bi_ptr202
                0x1000e6a8        0x4 CMakeFiles/redwing.dir/Users/y.fujita/.pico-sdk/sdk/2.2.0/src/rp2_common/pico_stdio_usb/stdio_usb.c.o
                0x1000e6ac                        __binary_info_end = .
                0x1000e6ac                        . = ALIGN (0x4)

.ram_vector_table
                0x20000000       0xc0
 *(.ram_vector_table)
 .ram_vector_table
                0x20000000       0xc0 CMakeFiles/redwing.dir/Users/y.fujita/.pico-sdk/sdk/2.2.0/src/rp2_common/pico_runtime_init/runtime_init.c.o
                0x20000000                ram_vector_table

.uninitialized_data
                0x200000c0        0x0
                0x200000c0                        . = ALIGN (0x4)
 *(.uninitialized_data*)

.data           0x200000c0     0x1010 load address 0x1000e6ac