Archive member included to satisfy reference by file (symbol)

/Users/y.fujita/.pico-sdk/toolchain/14_2_Rel1/bin/../lib/gcc/arm-none-eabi/14.2.1/thumb/v6-m/nofp/libgcc.a(_dvmd_tls.o)
                              CMakeFiles/redwing.dir/Users/y.fujita/.pico-sdk/sdk/2.2.0/src/rp2_common/pico_divider/divider_hardware.S.o (__aeabi_idiv0)
/Users/y.fujita/.pico-sdk/toolchain/14_2_Rel1/bin/../lib/gcc/arm-none-eabi/14.2.1/../../../../arm-none-eabi/lib/thumb/v6-m/nofp/libg.a(libc_a-calloc.o)
                              CMakeFiles/redwing.dir/Users/y.fujita/.pico-sdk/sdk/2.2.0/src/rp2_common/pico_malloc/malloc.c.o (calloc)
/Users/y.fujita/.pico-sdk/toolchain/14_2_Rel1/bin/../lib/gcc/arm-none-eabi/14.2.1/../../../../arm-none-eabi/lib/thumb/v6-m/nofp/libg.a(libc_a-callocr.o)
                              /Users/y.fujita/.pico-sdk/toolchain/14_2_Rel1/bin/../lib/gcc/arm-none-eabi/14.2.1/../../../../arm-none-eabi/lib/thumb/v6-m/nofp/libg.a(libc_a-calloc.o) (_calloc_r)
/Users/y.fujita/.pico-sdk/toolchain/14_2_Rel1/bin/../lib/gcc/arm-none-eabi/14.2.1/../../../../arm-none-eabi/lib/thumb/v6-m/nofp/libg.a(libc_a-malloc.o)
                              CMakeFiles/redwing.dir/Users/y.fujita/.pico-sdk/sdk/2.2.0/src/rp2_common/pico_malloc/malloc.c.o (malloc)
/Users/y.fujita/.pico-sdk/toolchain/14_2_Rel1/bin/../lib/gcc/arm-none-eabi/14.2.1/../../../../arm-none-eabi/lib/thumb/v6-m/nofp/libg.a(libc_a-mallocr.o)
                              /Users/y.fujita/.pico-sdk/toolchain/14_2_Rel1/bin/../lib/gcc/arm-none-eabi/14.2.1/../../../../arm-none-eabi/lib/thumb/v6-m/nofp/libg.a(libc_a-callocr.o) (_malloc_r)
/Users/y.fujita/.pico-sdk/toolchain/14_2_Rel1/bin/../lib/gcc/arm-none-eabi/14.2.1/../../../../arm-none-eabi/lib/thumb/v6-m/nofp/libg.a(libc_a-mlock.o)
                              /Users/y.fujita/.pico-sdk/toolchain/14_2_Rel1/bin/../lib/gcc/arm-none-eabi/14.2.1/../../../../arm-none-eabi/lib/thumb/v6-m/nofp/libg.a(libc_a-mallocr.o) (__malloc_lock)
/Users/y.fujita/.pico-sdk/toolchain/14_2_Rel1/bin/../lib/gcc/arm-none-eabi/14.2.1/../../../../arm-none-eabi/lib/thumb/v6-m/nofp/libg.a(libc_a-realloc.o)
                              CMakeFiles/redwing.dir/Users/y.fujita/.pico-sdk/sdk/2.2.0/src/rp2_common/pico_malloc/malloc.c.o (realloc)
/Users/y.fujita/.pico-sdk/toolchain/14_2_Rel1/bin/../lib/gcc/arm-none-eabi/14.2.1/../../../../arm-none-eabi/lib/thumb/v6-m/nofp/libg.a(libc_a-reallocr.o)
                              /Users/y.fujita/.pico-sdk/toolchain/14_2_Rel1/bin/../lib/gcc/arm-none-eabi/14.2.1/../../../../arm-none-eabi/lib/thumb/v6-m/nofp/libg.a(libc_a-realloc.o) (_realloc_r)
/Users/y.fujita/.pico-sdk/toolchain/14_2_Rel1/bin/../lib/gcc/arm-none-eabi/14.2.1/../../../../arm-none-eabi/lib/thumb/v6-m/nofp/libg.a(libc_a-memcmp.o)
                              CMakeFiles/redwing.dir/Users/y.fujita/.pico-sdk/sdk/2.2.0/src/rp2_common/pico_atomic/atomic.c.o (memcmp)
/Users/y.fujita/.pico-sdk/toolchain/14_2_Rel1/bin/../lib/gcc/arm-none-eabi/14.2.1/../../../../arm-none-eabi/lib/thumb/v6-m/nofp/libg.a(libc_a-memmove.o)
                              CMakeFiles/redwing.dir/src/devices/bno085.c.o (memmove)
/Users/y.fujita/.pico-sdk/toolchain/14_2_Rel1/bin/../lib/gcc/arm-none-eabi/14.2.1/../../../../arm-none-eabi/lib/thumb/v6-m/nofp/libg.a(libc_a-lcltime_r.o)
                              CMakeFiles/redwing.dir/Users/y.fujita/.pico-sdk/sdk/2.2.0/src/common/pico_util/datetime.c.o (localtime_r)
/Users/y.fujita/.pico-sdk/toolchain/14_2_Rel1/bin/../lib/gcc/arm-none-eabi/14.2.1/../../../../arm-none-eabi/lib/thumb/v6-m/nofp/libg.a(libc_a-mktime.o)
                              CMakeFiles/redwing.dir/Users/y.fujita/.pico-sdk/sdk/2.2.0/src/common/pico_util/datetime.c.o (mktime)
/Users/y.fujita/.pico-sdk/toolchain/14_2_Rel1/bin/../lib/gcc/arm-none-eabi/14.2.1/../../../../arm-none-eabi/lib/thumb/v6-m/nofp/libg.a(libc_a-month_lengths.o)
                              /Users/y.fujita/.pico-sdk/toolchain/14_2_Rel1/bin/../lib/gcc/arm-none-eabi/14.2.1/../../../../arm-none-eabi/lib/thumb/v6-m/nofp/libg.a(libc_a-lcltime_r.o) (__month_lengths)
/Users/y.fujita/.pico-sdk/toolchain/14_2_Rel1/bin/../lib/gcc/arm-none-eabi/14.2.1/../../../../arm-none-eabi/lib/thumb/v6-m/nofp/libg.a(libc_a-tzcalc_limits.o)
                              /Users/y.fujita/.pico-sdk/toolchain/14_2_Rel1/bin/../lib/gcc/arm-none-eabi/14.2.1/../../../../arm-none-eabi/lib/thumb/v6-m/nofp/libg.a(libc_a-lcltime_r.o) (__tzcalc_limits)
/Users/y.fujita/.pico-sdk/toolchain/14_2_Rel1/bin/../lib/gcc/arm-none-eabi/14.2.1/../../../../arm-none-eabi/lib/thumb/v6-m/nofp/libg.a(libc_a-tzlock.o)
                              /Users/y.fujita/.pico-sdk/toolchain/14_2_Rel1/bin/../lib/gcc/arm-none-eabi/14.2.1/../../../../arm-none-eabi/lib/thumb/v6-m/nofp/libg.a(libc_a-lcltime_r.o) (__tz_lock)
/Users/y.fujita/.pico-sdk/toolchain/14_2_Rel1/bin/../lib/gcc/arm-none-eabi/14.2.1/../../../../arm-none-eabi/lib/thumb/v6-m/nofp/libg.a(libc_a-tzset.o)
[...]
Memory Configuration

Name             Origin             Length             Attributes
FLASH            0x10000000         0x00200000         xr
RAM              0x20000000         0x00040000         xrw
SCRATCH_X        0x20040000         0x00001000         xrw
SCRATCH_Y        0x20041000         0x00001000         xrw
*default*        0x00000000         0xffffffff

Linker script and memory map

LOAD /Users/y.fujita/.pico-sdk/toolchain/14_2_Rel1/bin/../lib/gcc/arm-none-eabi/14.2.1/thumb/v6-m/nofp/crti.o
LOAD /Users/y.fujita/.pico-sdk/toolchain/14_2_Rel1/bin/../lib/gcc/arm-none-eabi/14.2.1/thumb/v6-m/nofp/crtbegin.o
LOAD /Users/y.fujita/.pico-sdk/toolchain/14_2_Rel1/bin/../lib/gcc/arm-none-eabi/14.2.1/../../../../arm-none-eabi/lib/thumb/v6-m/nofp/crt0.o

.flash_begin    0x10000000        0x0
                0x10000000                        __flash_binary_start = .

.boot2          0x10000000      0x100
                0x10000000                        __boot2_start__ = .
 *(.boot2)
 .boot2         0x10000000      0x100 pico-sdk/src/rp2040/boot_stage2/CMakeFiles/bs2_default_library.dir/bs2_default_padded_checksummed.S.o
                0x10000100                        __boot2_end__ = .
                0x00000001                        ASSERT (((__boot2_end__ - __boot2_start__) == 0x100), ERROR: Pico second stage bootloader must be 256 bytes in size)

.text           0x10000100     0xd8dc
                0x10000100                        __logical_binary_start = .
 *(.vectors)
 .vectors       0x10000100       0xd4 CMakeFiles/redwing.dir/Users/y.fujita/.pico-sdk/sdk/2.2.0/src/rp2_common/pico_crt0/crt0.S.o
                0x10000100                __VECTOR_TABLE
                0x10000100                __vectors
                0x100001c0                isr_irq13
                0x100001c0                isr_irq27
                0x100001c0                isr_irq31
                0x100001c0                isr_irq5
                0x100001c0                isr_irq11
                0x100001c0                isr_irq23
                0x100001c0                isr_irq18
                0x100001c0                isr_irq9
                0x100001c0                __unhandled_user_irq
                0x100001c0                isr_irq25
                0x100001c0                isr_irq4
                0x100001c0                isr_irq16
                0x100001c0                isr_irq29
                0x100001c0                isr_irq26
                0x100001c0                isr_irq3
                0x100001c0                isr_irq12
                0x100001c0                isr_irq30
                0x100001c0                isr_irq28
                0x100001c0                isr_irq19
                0x100001c0                isr_irq0
                0x100001c0                isr_irq6
                0x100001c0                isr_irq22
                0x100001c0                isr_irq17
                0x100001c0                isr_irq14
                0x100001c0                __vectors_end
                0x100001c0                __default_isrs_start
                0x100001c0                isr_irq2
                0x100001c0                isr_irq10
                0x100001c0                isr_irq8
                0x100001c0                isr_irq24
                0x100001c0                isr_irq1
                0x100001c0                isr_irq7
                0x100001c0                isr_irq21
                0x100001c0                isr_irq20
                0x100001c0                isr_irq15
                0x100001c6                unhandled_user_irq_num_in_r0
                0x100001c8                isr_invalid
                0x100001ca                isr_nmi
                0x100001cc                isr_hardfault
                0x100001ce                isr_svcall
                0x100001d0                isr_pendsv
                0x100001d2                isr_systick
                0x100001d4                __default_isrs_end
 *(.binary_info_header)
 .binary_info_header
                0x100001d4       0x14 CMakeFiles/redwing.dir/Users/y.fujita/.pico-sdk/sdk/2.2.0/src/rp2_common/pico_crt0/crt0.S.o
                0x100001e8                        __binary_info_header_end = .
 *(.embedded_block)
                0x100001e8                        __embedded_block_end = .
 *(.reset)
 .reset         0x100001e8       0x9c CMakeFiles/redwing.dir/Users/y.fujita/.pico-sdk/sdk/2.2.0/src/rp2_common/pico_crt0/crt0.S.o
                0x100001e8                _entry_point
 *(.init)
 .init          0x10000284        0x4 /Users/y.fujita/.pico-sdk/toolchain/14_2_Rel1/bin/../lib/gcc/arm-none-eabi/14.2.1/thumb/v6-m/nofp/crti.o
                0x10000284                _init
 *(EXCLUDE_FILE(*libm.a: *libc.a:*lib_a-mem*.o *libgcc.a:) .text*)
 .text.register_tm_clones
                0x10000288       0x28 /Users/y.fujita/.pico-sdk/toolchain/14_2_Rel1/bin/../lib/gcc/arm-none-eabi/14.2.1/thumb/v6-m/nofp/crtbegin.o
 .text.frame_dummy
                0x100002b0       0x24 /Users/y.fujita/.pico-sdk/toolchain/14_2_Rel1/bin/../lib/gcc/arm-none-eabi/14.2.1/thumb/v6-m/nofp/crtbegin.o
 .text.pid_timer_cb
                0x100002d4       0x14 CMakeFiles/redwing.dir/src/main.c.o
 .text.startup.main
                0x100002e8      0x7bc CMakeFiles/redwing.dir/src/main.c.o
                0x100002e8                main
 .text.usb_comm_init
                0x10000aa4       0x14 CMakeFiles/redwing.dir/src/usb_comm.c.o
                0x10000aa4                usb_comm_init
 .text.usb_comm_recv
                0x10000ab8      0x230 CMakeFiles/redwing.dir/src/usb_comm.c.o
                0x10000ab8                usb_comm_recv
 .text.usb_comm_send
                0x10000ce8      0x124 CMakeFiles/redwing.dir/src/usb_comm.c.o
                0x10000ce8                usb_comm_send
 .text.usb_comm_send_ack
                0x10000e0c       0xe4 CMakeFiles/redwing.dir/src/usb_comm.c.o
                0x10000e0c                usb_comm_send_ack
 .text.usb_comm_send_log
                0x10000ef0       0x1c CMakeFiles/redwing.dir/src/usb_comm.c.o
                0x10000ef0                usb_comm_send_log
 .text.usb_comm_send_error
                0x10000f0c       0x3c CMakeFiles/redwing.dir/src/usb_comm.c.o
                0x10000f0c                usb_comm_send_error
 .text.port_deinit
                0x10000f48       0xe8 CMakeFiles/redwing.dir/src/port_manager.c.o
 .text.port_manager_init
                0x10001030      0x1bc CMakeFiles/redwing.dir/src/port_manager.c.o
                0x10001030                port_manager_init
 .text.port_configure
                0x100011ec      0x174 CMakeFiles/redwing.dir/src/port_manager.c.o
                0x100011ec                port_configure
 .text.port_configure_uart
                0x10001360       0x98 CMakeFiles/redwing.dir/src/port_manager.c.o
                0x10001360                port_configure_uart
 .text.port_config_done
                0x100013f8       0xd0 CMakeFiles/redwing.dir/src/port_manager.c.o
                0x100013f8                port_config_done
 .text.port_uart_tx
                0x100014c8       0x40 CMakeFiles/redwing.dir/src/port_manager.c.o
                0x100014c8                port_uart_tx
 .text.port_uart_rx
                0x10001508       0x4c CMakeFiles/redwing.dir/src/port_manager.c.o
                0x10001508                port_uart_rx
 .text.port_set_motor
                0x10001554       0x74 CMakeFiles/redwing.dir/src/port_manager.c.o
                0x10001554                port_set_motor
 .text.port_set_servo
                0x100015c8       0x28 CMakeFiles/redwing.dir/src/port_manager.c.o
                0x100015c8                port_set_servo
 .text.port_set_servo_range
                0x100015f0       0x30 CMakeFiles/redwing.dir/src/port_manager.c.o
                0x100015f0                port_set_servo_range
 .text.port_attach_encoder
                0x10001620       0x30 CMakeFiles/redwing.dir/src/port_manager.c.o
                0x10001620                port_attach_encoder
 .text.port_set_velocity
                0x10001650       0x2c CMakeFiles/redwing.dir/src/port_manager.c.o
                0x10001650                port_set_velocity
 .text.port_set_position
                0x1000167c       0x7c CMakeFiles/redwing.dir/src/port_manager.c.o
                0x1000167c                port_set_position
 .text.port_set_encoder_inverted
                0x100016f8       0x24 CMakeFiles/redwing.dir/src/port_manager.c.o
                0x100016f8                port_set_encoder_inverted
 .text.port_set_pos_options
                0x1000171c       0xd0 CMakeFiles/redwing.dir/src/port_manager.c.o
                0x1000171c                port_set_pos_options
 .text.port_set_pid
                0x100017ec       0x1c CMakeFiles/redwing.dir/src/port_manager.c.o
                0x100017ec                port_set_pid
 .text.port_reset_encoder
                0x10001808       0x24 CMakeFiles/redwing.dir/src/port_manager.c.o
                0x10001808                port_reset_encoder
 .text.port_set_gpio
                0x1000182c       0x34 CMakeFiles/redwing.dir/src/port_manager.c.o
                0x1000182c                port_set_gpio
 .text.port_stop_all
                0x10001860       0x74 CMakeFiles/redwing.dir/src/port_manager.c.o
                0x10001860                port_stop_all
 .text.port_reset
                0x100018d4      0x11c CMakeFiles/redwing.dir/src/port_manager.c.o
                0x100018d4                port_reset
 .text.port_pid_update
                0x100019f0      0x404 CMakeFiles/redwing.dir/src/port_manager.c.o
                0x100019f0                port_pid_update
 .text.port_send_state
                0x10001df4      0x66c CMakeFiles/redwing.dir/src/port_manager.c.o
                0x10001df4                port_send_state
 .text.motor_sm_init
                0x10002460       0xc4 CMakeFiles/redwing.dir/src/devices/motor.c.o
                0x10002460                motor_sm_init
 .text.motor_sm_set
                0x10002524      0x114 CMakeFiles/redwing.dir/src/devices/motor.c.o
                0x10002524                motor_sm_set
 .text.motor_lap_init
                0x10002638       0xbc CMakeFiles/redwing.dir/src/devices/motor.c.o
                0x10002638                motor_lap_init
 .text.motor_lap_set
                0x100026f4       0x88 CMakeFiles/redwing.dir/src/devices/motor.c.o
                0x100026f4                motor_lap_set
 .text.motor_stop
                0x1000277c       0xc0 CMakeFiles/redwing.dir/src/devices/motor.c.o
                0x1000277c                motor_stop
 .text.servo_init
                0x1000283c       0xc8 CMakeFiles/redwing.dir/src/devices/servo.c.o
                0x1000283c                servo_init
 .text.servo_set_raw_us
                0x10002904       0x6c CMakeFiles/redwing.dir/src/devices/servo.c.o
                0x10002904                servo_set_raw_us
 .text.encoder_irq_handler
                0x10002970       0x64 CMakeFiles/redwing.dir/src/devices/encoder.c.o
 .text.encoder_init
                0x100029d4      0x110 CMakeFiles/redwing.dir/src/devices/encoder.c.o
                0x100029d4                encoder_init
 .text.encoder_deinit
                0x10002ae4       0x48 CMakeFiles/redwing.dir/src/devices/encoder.c.o
                0x10002ae4                encoder_deinit
 .text.encoder_reset
                0x10002b2c       0x58 CMakeFiles/redwing.dir/src/devices/encoder.c.o
                0x10002b2c                encoder_reset
 .text.encoder_get_count
                0x10002b84       0x28 CMakeFiles/redwing.dir/src/devices/encoder.c.o
                0x10002b84                encoder_get_count
 .text.encoder_get_velocity
                0x10002bac       0x28 CMakeFiles/redwing.dir/src/devices/encoder.c.o
                0x10002bac                encoder_get_velocity
 .text.encoder_set_inverted
                0x10002bd4       0x18 CMakeFiles/redwing.dir/src/devices/encoder.c.o
                0x10002bd4                encoder_set_inverted
 .text.encoder_update_velocity
                0x10002bec      0x1a8 CMakeFiles/redwing.dir/src/devices/encoder.c.o
                0x10002bec                encoder_update_velocity
 .text.ultrasonic_init
                0x10002d94       0x40 CMakeFiles/redwing.dir/src/devices/ultrasonic.c.o
                0x10002d94                ultrasonic_init
 .text.ultrasonic_deinit
                0x10002dd4       0x14 CMakeFiles/redwing.dir/src/devices/ultrasonic.c.o
                0x10002dd4                ultrasonic_deinit
 .text.ultrasonic_update
                0x10002de8      0x150 CMakeFiles/redwing.dir/src/devices/ultrasonic.c.o
                0x10002de8                ultrasonic_update
 .text.ultrasonic_read
                0x10002f38       0x24 CMakeFiles/redwing.dir/src/devices/ultrasonic.c.o
                0x10002f38                ultrasonic_read
 .text.pio_pwm_pin
                0x10002f5c       0x1c CMakeFiles/redwing.dir/src/devices/pio_pwm.c.o
                0x10002f5c                pio_pwm_pin
 .text.pio_pwm_init
                0x10002f78      0x1c8 CMakeFiles/redwing.dir/src/devices/pio_pwm.c.o
                0x10002f78                pio_pwm_init
 .text.pio_pwm_set_level
                0x10003140       0x28 CMakeFiles/redwing.dir/src/devices/pio_pwm.c.o
                0x10003140                pio_pwm_set_level
 .text.pio_pwm_stop
                0x10003168       0x44 CMakeFiles/redwing.dir/src/devices/pio_pwm.c.o
                0x10003168                pio_pwm_stop
 .text.single_ref_cal
                0x100031ac       0xec CMakeFiles/redwing.dir/src/devices/vl53l0x.c.o
 .text.vl53l0x_init
                0x10003298     0x1078 CMakeFiles/redwing.dir/src/devices/vl53l0x.c.o
                0x10003298                vl53l0x_init
 .text.vl53l0x_read_mm
                0x10004310      0x104 CMakeFiles/redwing.dir/src/devices/vl53l0x.c.o
                0x10004310                vl53l0x_read_mm
 .text.pca9685_init
                0x10004414       0xcc CMakeFiles/redwing.dir/src/devices/pca9685.c.o
                0x10004414                pca9685_init
 .text.pca9685_set_channel
                0x100044e0       0x4c CMakeFiles/redwing.dir/src/devices/pca9685.c.o
                0x100044e0                pca9685_set_channel
 .text.pca9685_channel_off
                0x1000452c       0x34 CMakeFiles/redwing.dir/src/devices/pca9685.c.o
                0x1000452c                pca9685_channel_off
 .text.gobilda_set_mode
                0x10004560      0x254 CMakeFiles/redwing.dir/src/devices/gobilda_serial.c.o
                0x10004560                gobilda_set_mode
 .text.ir_distance_adc_init
                0x100047b4       0x3c CMakeFiles/redwing.dir/src/devices/ir_distance.c.o
                0x100047b4                ir_distance_adc_init
 .text.ir_distance_read_mm
                0x100047f0       0xd4 CMakeFiles/redwing.dir/src/devices/ir_distance.c.o
                0x100047f0                ir_distance_read_mm
 .text.shtp_read
                0x100048c4      0x164 CMakeFiles/redwing.dir/src/devices/bno085.c.o
 .text.bno085_init
                0x10004a28      0x3fc CMakeFiles/redwing.dir/src/devices/bno085.c.o
                0x10004a28                bno085_init
 .text.bno085_get_diag
                0x10004e24        0x8 CMakeFiles/redwing.dir/src/devices/bno085.c.o
                0x10004e24                bno085_get_diag
 .text.bno085_poll
                0x10004e2c      0x370 CMakeFiles/redwing.dir/src/devices/bno085.c.o
                0x10004e2c                bno085_poll
 .text.bno085_get_quat
                0x1000519c       0x2c CMakeFiles/redwing.dir/src/devices/bno085.c.o
                0x1000519c                bno085_get_quat
 .text.bno085_get_linear_accel
                0x100051c8       0x20 CMakeFiles/redwing.dir/src/devices/bno085.c.o
                0x100051c8                bno085_get_linear_accel
 .text.bno055_init
                0x100051e8      0x108 CMakeFiles/redwing.dir/src/devices/bno055.c.o
                0x100051e8                bno055_init
 .text.bno055_read
                0x100052f0       0xd4 CMakeFiles/redwing.dir/src/devices/bno055.c.o
                0x100052f0                bno055_read
 .text.mpu6050_init
                0x100053c4      0x114 CMakeFiles/redwing.dir/src/devices/mpu6050.c.o
                0x100053c4                mpu6050_init
 .text.mpu6050_read
                0x100054d8       0xb4 CMakeFiles/redwing.dir/src/devices/mpu6050.c.o
                0x100054d8                mpu6050_read
 .text.gpio_default_irq_handler
                0x1000558c      0x2c8 CMakeFiles/redwing.dir/Users/y.fujita/.pico-sdk/sdk/2.2.0/src/rp2_common/hardware_gpio/gpio.c.o
 .text.gpio_set_function
                0x10005854       0x34 CMakeFiles/redwing.dir/Users/y.fujita/.pico-sdk/sdk/2.2.0/src/rp2_common/hardware_gpio/gpio.c.o
                0x10005854                gpio_set_function
 .text.gpio_set_pulls
                0x10005888       0x28 CMakeFiles/redwing.dir/Users/y.fujita/.pico-sdk/sdk/2.2.0/src/rp2_common/hardware_gpio/gpio.c.o
                0x10005888                gpio_set_pulls
 .text.gpio_set_drive_strength
                0x100058b0       0x24 CMakeFiles/redwing.dir/Users/y.fujita/.pico-sdk/sdk/2.2.0/src/rp2_common/hardware_gpio/gpio.c.o
                0x100058b0                gpio_set_drive_strength
 .text.gpio_set_irq_enabled
                0x100058d4       0x58 CMakeFiles/redwing.dir/Users/y.fujita/.pico-sdk/sdk/2.2.0/src/rp2_common/hardware_gpio/gpio.c.o
                0x100058d4                gpio_set_irq_enabled
 .text.gpio_set_irq_enabled_with_callback
                0x1000592c       0xd0 CMakeFiles/redwing.dir/Users/y.fujita/.pico-sdk/sdk/2.2.0/src/rp2_common/hardware_gpio/gpio.c.o
                0x1000592c                gpio_set_irq_enabled_with_callback
 .text.gpio_set_input_enabled
                0x100059fc       0x28 CMakeFiles/redwing.dir/Users/y.fujita/.pico-sdk/sdk/2.2.0/src/rp2_common/hardware_gpio/gpio.c.o
                0x100059fc                gpio_set_input_enabled
 .text.gpio_init
                0x10005a24       0x40 CMakeFiles/redwing.dir/Users/y.fujita/.pico-sdk/sdk/2.2.0/src/rp2_common/hardware_gpio/gpio.c.o
                0x10005a24                gpio_init
 .text.rp2040_chip_version
                0x10005a64        0xc CMakeFiles/redwing.dir/Users/y.fujita/.pico-sdk/sdk/2.2.0/src/rp2040/pico_platform/platform.c.o
                0x10005a64                rp2040_chip_version
 .text.panic    0x10005a70       0x30 CMakeFiles/redwing.dir/Users/y.fujita/.pico-sdk/sdk/2.2.0/src/rp2_common/pico_platform_panic/panic.c.o
                0x10005a70                panic
 .text.hw_claim_lock
                0x10005aa0       0x18 CMakeFiles/redwing.dir/Users/y.fujita/.pico-sdk/sdk/2.2.0/src/common/hardware_claim/claim.c.o
                0x10005aa0                hw_claim_lock
 .text.hw_claim_unlock
                0x10005ab8       0x14 CMakeFiles/redwing.dir/Users/y.fujita/.pico-sdk/sdk/2.2.0/src/common/hardware_claim/claim.c.o
                0x10005ab8                hw_claim_unlock
 .text.hw_claim_or_assert
                0x10005acc       0x44 CMakeFiles/redwing.dir/Users/y.fujita/.pico-sdk/sdk/2.2.0/src/common/hardware_claim/claim.c.o
                0x10005acc                hw_claim_or_assert
 .text.hw_claim_unused_from_range
                0x10005b10       0x88 CMakeFiles/redwing.dir/Users/y.fujita/.pico-sdk/sdk/2.2.0/src/common/hardware_claim/claim.c.o
                0x10005b10                hw_claim_unused_from_range
 .text.next_striped_spin_lock_num
                0x10005b98       0x18 CMakeFiles/redwing.dir/Users/y.fujita/.pico-sdk/sdk/2.2.0/src/rp2_common/hardware_sync/sync.c.o
                0x10005b98                next_striped_spin_lock_num
 .text.spin_lock_claim_unused
                0x10005bb0       0x24 CMakeFiles/redwing.dir/Users/y.fujita/.pico-sdk/sdk/2.2.0/src/rp2_common/hardware_sync/sync.c.o
                0x10005bb0                spin_lock_claim_unused
 .text.spin_locks_reset
                0x10005bd4       0x1c CMakeFiles/redwing.dir/Users/y.fujita/.pico-sdk/sdk/2.2.0/src/rp2_common/hardware_sync_spin_lock/sync_spin_lock.c.o
                0x10005bd4                spin_locks_reset
 .text.runtime_init_per_core_irq_priorities
                0x10005bf0       0x24 CMakeFiles/redwing.dir/Users/y.fujita/.pico-sdk/sdk/2.2.0/src/rp2_common/hardware_irq/irq.c.o
                0x10005bf0                runtime_init_per_core_irq_priorities
 .text.irq_set_enabled
                0x10005c14       0x24 CMakeFiles/redwing.dir/Users/y.fujita/.pico-sdk/sdk/2.2.0/src/rp2_common/hardware_irq/irq.c.o
                0x10005c14                irq_set_enabled
 .text.irq_is_enabled
                0x10005c38       0x18 CMakeFiles/redwing.dir/Users/y.fujita/.pico-sdk/sdk/2.2.0/src/rp2_common/hardware_irq/irq.c.o
                0x10005c38                irq_is_enabled
 .text.irq_set_pending
                0x10005c50       0x10 CMakeFiles/redwing.dir/Users/y.fujita/.pico-sdk/sdk/2.2.0/src/rp2_common/hardware_irq/irq.c.o
                0x10005c50                irq_set_pending
 .text.irq_has_shared_handler
                0x10005c60       0x24 CMakeFiles/redwing.dir/Users/y.fujita/.pico-sdk/sdk/2.2.0/src/rp2_common/hardware_irq/irq.c.o
                0x10005c60                irq_has_shared_handler
 .text.irq_set_exclusive_handler
                0x10005c84       0x54 CMakeFiles/redwing.dir/Users/y.fujita/.pico-sdk/sdk/2.2.0/src/rp2_common/hardware_irq/irq.c.o
                0x10005c84                irq_set_exclusive_handler
 .text.irq_add_shared_handler
                0x10005cd8      0x1f4 CMakeFiles/redwing.dir/Users/y.fujita/.pico-sdk/sdk/2.2.0/src/rp2_common/hardware_irq/irq.c.o
                0x10005cd8                irq_add_shared_handler
 .text.irq_remove_handler
                0x10005ecc      0x1d4 CMakeFiles/redwing.dir/Users/y.fujita/.pico-sdk/sdk/2.2.0/src/rp2_common/hardware_irq/irq.c.o
                0x10005ecc                irq_remove_handler
 .text.irq_add_tail_to_free_list
                0x100060a0       0xb4 CMakeFiles/redwing.dir/Users/y.fujita/.pico-sdk/sdk/2.2.0/src/rp2_common/hardware_irq/irq.c.o
                0x100060a0                irq_add_tail_to_free_list
 .text.user_irq_claim_unused
                0x10006154       0x2c CMakeFiles/redwing.dir/Users/y.fujita/.pico-sdk/sdk/2.2.0/src/rp2_common/hardware_irq/irq.c.o
                0x10006154                user_irq_claim_unused
 .text.lock_init
                0x10006180       0x10 CMakeFiles/redwing.dir/Users/y.fujita/.pico-sdk/sdk/2.2.0/src/common/pico_sync/lock_core.c.o
                0x10006180                lock_init
 .text.runtime_init_mutex
                0x10006190       0x50 CMakeFiles/redwing.dir/Users/y.fujita/.pico-sdk/sdk/2.2.0/src/common/pico_sync/mutex.c.o
                0x10006190                runtime_init_mutex
 .text.mutex_init
                0x100061e0       0x1c CMakeFiles/redwing.dir/Users/y.fujita/.pico-sdk/sdk/2.2.0/src/common/pico_sync/mutex.c.o
                0x100061e0                mutex_init
 .text.critical_section_init
                0x100061fc       0x1c CMakeFiles/redwing.dir/Users/y.fujita/.pico-sdk/sdk/2.2.0/src/common/pico_sync/critical_section.c.o
                0x100061fc                critical_section_init
 .text.critical_section_init_with_lock_num
                0x10006218       0x14 CMakeFiles/redwing.dir/Users/y.fujita/.pico-sdk/sdk/2.2.0/src/common/pico_sync/critical_section.c.o
                0x10006218                critical_section_init_with_lock_num
 .text.sleep_until_callback
                0x1000622c       0x30 CMakeFiles/redwing.dir/Users/y.fujita/.pico-sdk/sdk/2.2.0/src/common/pico_time/time.c.o
 .text.alarm_pool_irq_handler
                0x1000625c      0x300 CMakeFiles/redwing.dir/Users/y.fujita/.pico-sdk/sdk/2.2.0/src/common/pico_time/time.c.o
 .text.runtime_init_default_alarm_pool
                0x1000655c       0xdc CMakeFiles/redwing.dir/Users/y.fujita/.pico-sdk/sdk/2.2.0/src/common/pico_time/time.c.o
                0x1000655c                runtime_init_default_alarm_pool
 .text.alarm_pool_get_default
                0x10006638        0x8 CMakeFiles/redwing.dir/Users/y.fujita/.pico-sdk/sdk/2.2.0/src/common/pico_time/time.c.o
                0x10006638                alarm_pool_get_default
 .text.alarm_pool_add_alarm_at
                0x10006640       0xd0 CMakeFiles/redwing.dir/Users/y.fujita/.pico-sdk/sdk/2.2.0/src/common/pico_time/time.c.o
                0x10006640                alarm_pool_add_alarm_at
 .text.alarm_pool_add_alarm_at_force_in_context
                0x10006710       0xb0 CMakeFiles/redwing.dir/Users/y.fujita/.pico-sdk/sdk/2.2.0/src/common/pico_time/time.c.o
                0x10006710                alarm_pool_add_alarm_at_force_in_context
 .text.alarm_pool_cancel_alarm
                0x100067c0       0x74 CMakeFiles/redwing.dir/Users/y.fujita/.pico-sdk/sdk/2.2.0/src/common/pico_time/time.c.o
                0x100067c0                alarm_pool_cancel_alarm
 .text.alarm_pool_core_num
                0x10006834        0x4 CMakeFiles/redwing.dir/Users/y.fujita/.pico-sdk/sdk/2.2.0/src/common/pico_time/time.c.o
                0x10006834                alarm_pool_core_num
 .text.sleep_us
                0x10006838       0xec CMakeFiles/redwing.dir/Users/y.fujita/.pico-sdk/sdk/2.2.0/src/common/pico_time/time.c.o
                0x10006838                sleep_us
 .text.sleep_ms
                0x10006924       0xfc CMakeFiles/redwing.dir/Users/y.fujita/.pico-sdk/sdk/2.2.0/src/common/pico_time/time.c.o
                0x10006924                sleep_ms
 .text.best_effort_wfe_or_timeout
                0x10006a20      0x10c CMakeFiles/redwing.dir/Users/y.fujita/.pico-sdk/sdk/2.2.0/src/common/pico_time/time.c.o
                0x10006a20                best_effort_wfe_or_timeout
 .text.alarm_pool_add_repeating_timer_us
                0x10006b2c      0x124 CMakeFiles/redwing.dir/Users/y.fujita/.pico-sdk/sdk/2.2.0/src/common/pico_time/time.c.o
                0x10006b2c                alarm_pool_add_repeating_timer_us
 .text.check_single_timeout_us
                0x10006c50       0x24 CMakeFiles/redwing.dir/Users/y.fujita/.pico-sdk/sdk/2.2.0/src/common/pico_time/timeout_helper.c.o
 .text.init_single_timeout_until
                0x10006c74        0xc CMakeFiles/redwing.dir/Users/y.fujita/.pico-sdk/sdk/2.2.0/src/common/pico_time/timeout_helper.c.o
                0x10006c74                init_single_timeout_until
 .text.timer_hardware_alarm_claim
                0x10006c80       0x14 CMakeFiles/redwing.dir/Users/y.fujita/.pico-sdk/sdk/2.2.0/src/rp2_common/hardware_timer/timer.c.o
                0x10006c80                timer_hardware_alarm_claim
 .text.timer_time_us_64
                0x10006c94       0x10 CMakeFiles/redwing.dir/Users/y.fujita/.pico-sdk/sdk/2.2.0/src/rp2_common/hardware_timer/timer.c.o
                0x10006c94                timer_time_us_64
 .text.time_us_64
                0x10006ca4       0x14 CMakeFiles/redwing.dir/Users/y.fujita/.pico-sdk/sdk/2.2.0/src/rp2_common/hardware_timer/timer.c.o
                0x10006ca4                time_us_64
 .text.busy_wait_us_32
                0x10006cb8       0x7c CMakeFiles/redwing.dir/Users/y.fujita/.pico-sdk/sdk/2.2.0/src/rp2_common/hardware_timer/timer.c.o
                0x10006cb8                busy_wait_us_32
 .text.busy_wait_us
                0x10006d34       0x68 CMakeFiles/redwing.dir/Users/y.fujita/.pico-sdk/sdk/2.2.0/src/rp2_common/hardware_timer/timer.c.o
                0x10006d34                busy_wait_us
 .text.busy_wait_until
                0x10006d9c       0x20 CMakeFiles/redwing.dir/Users/y.fujita/.pico-sdk/sdk/2.2.0/src/rp2_common/hardware_timer/timer.c.o
                0x10006d9c                busy_wait_until
 .text.uart_init
                0x10006dbc      0x120 CMakeFiles/redwing.dir/Users/y.fujita/.pico-sdk/sdk/2.2.0/src/rp2_common/hardware_uart/uart.c.o
                0x10006dbc                uart_init
 .text.uart_deinit
                0x10006edc       0x24 CMakeFiles/redwing.dir/Users/y.fujita/.pico-sdk/sdk/2.2.0/src/rp2_common/hardware_uart/uart.c.o
                0x10006edc                uart_deinit
 .text.clock_configure_int_divider
                0x10006f00       0xf4 CMakeFiles/redwing.dir/Users/y.fujita/.pico-sdk/sdk/2.2.0/src/rp2_common/hardware_clocks/clocks.c.o
                0x10006f00                clock_configure_int_divider
 .text.clock_configure_undivided
                0x10006ff4       0xe8 CMakeFiles/redwing.dir/Users/y.fujita/.pico-sdk/sdk/2.2.0/src/rp2_common/hardware_clocks/clocks.c.o
                0x10006ff4                clock_configure_undivided
 .text.clock_get_hz
                0x100070dc        0xc CMakeFiles/redwing.dir/Users/y.fujita/.pico-sdk/sdk/2.2.0/src/rp2_common/hardware_clocks/clocks.c.o
                0x100070dc                clock_get_hz
 .text.pll_init
                0x100070e8       0xa4 CMakeFiles/redwing.dir/Users/y.fujita/.pico-sdk/sdk/2.2.0/src/rp2_common/hardware_pll/pll.c.o
                0x100070e8                pll_init
 .text.watchdog_reboot
                0x1000718c       0x9c CMakeFiles/redwing.dir/Users/y.fujita/.pico-sdk/sdk/2.2.0/src/rp2_common/hardware_watchdog/watchdog.c.o
                0x1000718c                watchdog_reboot
 .text.tick_start
                0x10007228       0x10 CMakeFiles/redwing.dir/Users/y.fujita/.pico-sdk/sdk/2.2.0/src/rp2_common/hardware_ticks/ticks.c.o
                0x10007228                tick_start
 .text.rom_func_lookup
                0x10007238       0x10 CMakeFiles/redwing.dir/Users/y.fujita/.pico-sdk/sdk/2.2.0/src/rp2_common/pico_bootrom/bootrom.c.o
                0x10007238                rom_func_lookup
 .text.rom_data_lookup
                0x10007248       0x10 CMakeFiles/redwing.dir/Users/y.fujita/.pico-sdk/sdk/2.2.0/src/rp2_common/pico_bootrom/bootrom.c.o
                0x10007248                rom_data_lookup
 .text.rom_funcs_lookup
                0x10007258       0x44 CMakeFiles/redwing.dir/Users/y.fujita/.pico-sdk/sdk/2.2.0/src/rp2_common/pico_bootrom/bootrom.c.o
                0x10007258                rom_funcs_lookup
 .text.rom_reset_usb_boot_extra
                0x1000729c       0x24 CMakeFiles/redwing.dir/Users/y.fujita/.pico-sdk/sdk/2.2.0/src/rp2_common/pico_bootrom/bootrom.c.o
                0x1000729c                rom_reset_usb_boot_extra
 .text.xosc_init
                0x100072c0       0x28 CMakeFiles/redwing.dir/Users/y.fujita/.pico-sdk/sdk/2.2.0/src/rp2_common/hardware_xosc/xosc.c.o
                0x100072c0                xosc_init
 .text.first_per_core_initializer
                0x100072e8        0x4 CMakeFiles/redwing.dir/Users/y.fujita/.pico-sdk/sdk/2.2.0/src/rp2_common/pico_runtime/runtime.c.o
 .text.hard_assertion_failure
                0x100072ec        0xc CMakeFiles/redwing.dir/Users/y.fujita/.pico-sdk/sdk/2.2.0/src/rp2_common/pico_runtime/runtime.c.o
                0x100072ec                hard_assertion_failure
 .text.runtime_run_initializers
                0x100072f8       0x28 CMakeFiles/redwing.dir/Users/y.fujita/.pico-sdk/sdk/2.2.0/src/rp2_common/pico_runtime/runtime.c.o
                0x100072f8                runtime_run_initializers
 .text.runtime_init_early_resets
                0x10007320       0x2c CMakeFiles/redwing.dir/Users/y.fujita/.pico-sdk/sdk/2.2.0/src/rp2_common/pico_runtime_init/runtime_init.c.o
                0x10007320                runtime_init_early_resets
 .text.runtime_init_usb_power_down
                0x1000734c       0x1c CMakeFiles/redwing.dir/Users/y.fujita/.pico-sdk/sdk/2.2.0/src/rp2_common/pico_runtime_init/runtime_init.c.o
                0x1000734c                runtime_init_usb_power_down
 .text.runtime_init_post_clock_resets
                0x10007368       0x20 CMakeFiles/redwing.dir/Users/y.fujita/.pico-sdk/sdk/2.2.0/src/rp2_common/pico_runtime_init/runtime_init.c.o
                0x10007368                runtime_init_post_clock_resets
 .text.runtime_init_rp2040_gpio_ie_disable
                0x10007388       0x14 CMakeFiles/redwing.dir/Users/y.fujita/.pico-sdk/sdk/2.2.0/src/rp2_common/pico_runtime_init/runtime_init.c.o
                0x10007388                runtime_init_rp2040_gpio_ie_disable
 .text.runtime_init_spin_locks_reset
                0x1000739c        0x8 CMakeFiles/redwing.dir/Users/y.fujita/.pico-sdk/sdk/2.2.0/src/rp2_common/pico_runtime_init/runtime_init.c.o
                0x1000739c                runtime_init_spin_locks_reset
 .text.runtime_init_install_ram_vector_table
                0x100073a4       0xb4 CMakeFiles/redwing.dir/Users/y.fujita/.pico-sdk/sdk/2.2.0/src/rp2_common/pico_runtime_init/runtime_init.c.o
                0x100073a4                runtime_init_install_ram_vector_table
 .text.runtime_init_clocks
                0x10007458       0xd8 CMakeFiles/redwing.dir/Users/y.fujita/.pico-sdk/sdk/2.2.0/src/rp2_common/pico_runtime_init/runtime_init_clocks.c.o
                0x10007458                runtime_init_clocks
 .text          0x10007530       0x10 CMakeFiles/redwing.dir/Users/y.fujita/.pico-sdk/sdk/2.2.0/src/rp2_common/pico_bit_ops/bit_ops_aeabi.S.o
 .text.__wrap___aeabi_idiv
                0x10007540       0x50 CMakeFiles/redwing.dir/Users/y.fujita/.pico-sdk/sdk/2.2.0/src/rp2_common/pico_divider/divider_hardware.S.o
                0x10007540                __wrap___aeabi_idivmod
                0x10007540                divmod_s32s32
                0x10007540                div_s32s32
                0x10007540                __wrap___aeabi_idiv
                0x10007548                divmod_s32s32_unsafe
                0x10007574                divmod_s32s32_savestate
 .text.__wrap___aeabi_uidiv
                0x10007590       0x4c CMakeFiles/redwing.dir/Users/y.fujita/.pico-sdk/sdk/2.2.0/src/rp2_common/pico_divider/divider_hardware.S.o
                0x10007590                __wrap___aeabi_uidiv
                0x10007590                __wrap___aeabi_uidivmod
                0x10007590                div_u32u32
                0x10007590                divmod_u32u32
                0x10007598                divmod_u32u32_unsafe
                0x100075c0                divmod_u32u32_savestate
 .text.__wrap___aeabi_ldiv
                0x100075dc      0x424 CMakeFiles/redwing.dir/Users/y.fujita/.pico-sdk/sdk/2.2.0/src/rp2_common/pico_divider/divider_hardware.S.o
                0x100075dc                __wrap___aeabi_ldivmod
                0x100075dc                div_s64s64
                0x100075dc                divmod_s64s64
                0x1000760c                divmod_u64u64
                0x1000760c                div_u64u64
                0x1000760c                __wrap___aeabi_uldivmod
                0x1000761c                divmod_u64u64_savestate
                0x1000763c                divmod_s64s64_unsafe
                0x100076c4                divmod_u64u64_unsafe
 .text.__wrap___aeabi_darithmetic
                0x10007a00       0x80 CMakeFiles/redwing.dir/Users/y.fujita/.pico-sdk/sdk/2.2.0/src/rp2_common/pico_double/double_aeabi_rp2040.S.o
                0x10007a00                __wrap___aeabi_drsub
                0x10007a06                __wrap___aeabi_dsub
                0x10007a18                __wrap___aeabi_dadd
                0x10007a2a                __wrap___aeabi_ddiv
                0x10007a66                __wrap___aeabi_dmul
 .text.__wrap___aeabi_cdcmple
                0x10007a80       0x6c CMakeFiles/redwing.dir/Users/y.fujita/.pico-sdk/sdk/2.2.0/src/rp2_common/pico_double/double_aeabi_rp2040.S.o
                0x10007a80                __wrap___aeabi_cdrcmple
                0x10007a90                __wrap___aeabi_cdcmple
                0x10007a90                __wrap___aeabi_cdcmpeq
 .text.__wrap___aeabi_dcmplt
                0x10007aec        0xc CMakeFiles/redwing.dir/Users/y.fujita/.pico-sdk/sdk/2.2.0/src/rp2_common/pico_double/double_aeabi_rp2040.S.o
                0x10007aec                __wrap___aeabi_dcmplt
 .text.__wrap___aeabi_dcmple
                0x10007af8       0x10 CMakeFiles/redwing.dir/Users/y.fujita/.pico-sdk/sdk/2.2.0/src/rp2_common/pico_double/double_aeabi_rp2040.S.o
                0x10007af8                __wrap___aeabi_dcmple
 .text.__wrap___aeabi_dcmpge
                0x10007b08       0x10 CMakeFiles/redwing.dir/Users/y.fujita/.pico-sdk/sdk/2.2.0/src/rp2_common/pico_double/double_aeabi_rp2040.S.o
                0x10007b08                __wrap___aeabi_dcmpge
 .text.__wrap___aeabi_dcmpgt
                0x10007b18        0xa CMakeFiles/redwing.dir/Users/y.fujita/.pico-sdk/sdk/2.2.0/src/rp2_common/pico_double/double_aeabi_rp2040.S.o
                0x10007b18                __wrap___aeabi_dcmpgt
 .text.__wrap___aeabi_dcmpun
                0x10007b22       0x18 CMakeFiles/redwing.dir/Users/y.fujita/.pico-sdk/sdk/2.2.0/src/rp2_common/pico_double/double_aeabi_rp2040.S.o
                0x10007b22                __wrap___aeabi_dcmpun
 *fill*         0x10007b3a        0x2 
 .text.__wrap___aeabi_i2d
                0x10007b3c       0x38 CMakeFiles/redwing.dir/Users/y.fujita/.pico-sdk/sdk/2.2.0/src/rp2_common/pico_double/double_aeabi_rp2040.S.o
                0x10007b3c                __wrap___aeabi_ui2d
                0x10007b3c                uint2double
                0x10007b44                __wrap___aeabi_i2d
                0x10007b44                int2double
 .text.__wrap___aeabi_d2iz
                0x10007b74       0x48 CMakeFiles/redwing.dir/Users/y.fujita/.pico-sdk/sdk/2.2.0/src/rp2_common/pico_double/double_aeabi_rp2040.S.o
                0x10007b74                __wrap___aeabi_d2iz
                0x10007b74                double2int_z
 .text.__wrap___aeabi_d2uiz
                0x10007bbc       0x18 CMakeFiles/redwing.dir/Users/y.fujita/.pico-sdk/sdk/2.2.0/src/rp2_common/pico_double/double_aeabi_rp2040.S.o
                0x10007bbc                double2uint_z
                0x10007bbc                double2uint
                0x10007bbc                __wrap___aeabi_d2uiz
 .text.__wrap___aeabi_d2f
                0x10007bd4       0x18 CMakeFiles/redwing.dir/Users/y.fujita/.pico-sdk/sdk/2.2.0/src/rp2_common/pico_double/double_aeabi_rp2040.S.o
                0x10007bd4                __wrap___aeabi_d2f
 .text.__wrap_exp
                0x10007bec       0x18 CMakeFiles/redwing.dir/Users/y.fujita/.pico-sdk/sdk/2.2.0/src/rp2_common/pico_double/double_aeabi_rp2040.S.o
                0x10007bec                __wrap_exp
 .text.__wrap_log
                0x10007c04       0x18 CMakeFiles/redwing.dir/Users/y.fujita/.pico-sdk/sdk/2.2.0/src/rp2_common/pico_double/double_aeabi_rp2040.S.o
                0x10007c04                __wrap_log
 .text.__aeabi_double_init
                0x10007c1c       0xa4 CMakeFiles/redwing.dir/Users/y.fujita/.pico-sdk/sdk/2.2.0/src/rp2_common/pico_double/double_init_rom_rp2040.c.o
                0x10007c1c                __aeabi_double_init
 .text.double_table_shim_on_use_helper
                0x10007cc0       0x2c CMakeFiles/redwing.dir/Users/y.fujita/.pico-sdk/sdk/2.2.0/src/rp2_common/pico_double/double_v1_rom_shim_rp2040.S.o
                0x10007cc0                double_table_shim_on_use_helper
 .text.__wrap___aeabi_dsub
                0x10007cec       0x10 CMakeFiles/redwing.dir/Users/y.fujita/.pico-sdk/sdk/2.2.0/src/rp2_common/pico_double/double_v1_rom_shim_rp2040.S.o
                0x10007cec                drsub_shim
                0x10007cf2                dsub_shim
 .text.dadd_shim
                0x10007cfc      0x15c CMakeFiles/redwing.dir/Users/y.fujita/.pico-sdk/sdk/2.2.0/src/rp2_common/pico_double/double_v1_rom_shim_rp2040.S.o
                0x10007cfc                dadd_shim
 .text.dmul_shim
                0x10007e58      0x15c CMakeFiles/redwing.dir/Users/y.fujita/.pico-sdk/sdk/2.2.0/src/rp2_common/pico_double/double_v1_rom_shim_rp2040.S.o
                0x10007e58                dmul_shim
 .text.ddiv_shim
                0x10007fb4      0x1b0 CMakeFiles/redwing.dir/Users/y.fujita/.pico-sdk/sdk/2.2.0/src/rp2_common/pico_double/double_v1_rom_shim_rp2040.S.o
                0x10007fb4                ddiv_shim
 .text.double2uint_shim
                0x10008164        0xe CMakeFiles/redwing.dir/Users/y.fujita/.pico-sdk/sdk/2.2.0/src/rp2_common/pico_double/double_v1_rom_shim_rp2040.S.o
                0x10008164                double2uint_shim
                0x10008166                double2ufix_shim
 *fill*         0x10008172        0x2 
 .text.double2uint64_shim
                0x10008174       0x70 CMakeFiles/redwing.dir/Users/y.fujita/.pico-sdk/sdk/2.2.0/src/rp2_common/pico_double/double_v1_rom_shim_rp2040.S.o
                0x10008174                double2uint64_shim
                0x10008176                double2ufix64_shim
                0x10008196                d2fix_a
 .text.double2float_shim
                0x100081e4       0x5c CMakeFiles/redwing.dir/Users/y.fujita/.pico-sdk/sdk/2.2.0/src/rp2_common/pico_double/double_v1_rom_shim_rp2040.S.o
                0x100081e4                double2float_shim
 .text.x2double_shims
                0x10008240       0x90 CMakeFiles/redwing.dir/Users/y.fujita/.pico-sdk/sdk/2.2.0/src/rp2_common/pico_double/double_v1_rom_shim_rp2040.S.o
                0x10008240                uint2double_shim
                0x10008242                ufix2double_shim
                0x10008248                int2double_shim
                0x1000824a                fix2double_shim
                0x10008250                uint642double_shim
                0x10008252                ufix642double_shim
                0x10008258                int642double_shim
                0x1000825a                fix642double_shim
 .text.dunpacks
                0x100082d0       0x3c CMakeFiles/redwing.dir/Users/y.fujita/.pico-sdk/sdk/2.2.0/src/rp2_common/pico_double/double_v1_rom_shim_rp2040.S.o
                0x100082d0                dunpacks
 .text.dreduce  0x1000830c       0x82 CMakeFiles/redwing.dir/Users/y.fujita/.pico-sdk/sdk/2.2.0/src/rp2_common/pico_double/double_v1_rom_shim_rp2040.S.o
                0x1000830c                dreduce
 *fill*         0x1000838e        0x2 
 .text.dexp_guts
                0x10008390      0x268 CMakeFiles/redwing.dir/Users/y.fujita/.pico-sdk/sdk/2.2.0/src/rp2_common/pico_double/double_v1_rom_shim_rp2040.S.o
                0x10008390                dexp_shim
                0x1000842c                dln_shim
 .text.__aeabi_lmul
                0x100085f8       0x32 CMakeFiles/redwing.dir/Users/y.fujita/.pico-sdk/sdk/2.2.0/src/rp2_common/pico_int64_ops/pico_int64_ops_aeabi.S.o
                0x100085f8                __wrap___aeabi_lmul
 *fill*         0x1000862a        0x2 
 .text.__wrap___aeabi_farithmetic
                0x1000862c       0x48 CMakeFiles/redwing.dir/Users/y.fujita/.pico-sdk/sdk/2.2.0/src/rp2_common/pico_float/float_aeabi_rp2040.S.o
                0x1000862c                __wrap___aeabi_frsub
                0x10008632                __wrap___aeabi_fsub
                0x10008638                __wrap___aeabi_fadd
                0x1000863e                __wrap___aeabi_fdiv
                0x10008666                __wrap___aeabi_fmul
 .text.__wrap___aeabi_cfcmple
                0x10008674       0x50 CMakeFiles/redwing.dir/Users/y.fujita/.pico-sdk/sdk/2.2.0/src/rp2_common/pico_float/float_aeabi_rp2040.S.o
                0x10008674                __wrap___aeabi_cfrcmple
                0x10008680                __wrap___aeabi_cfcmpeq
                0x10008680                __wrap___aeabi_cfcmple
 .text.__wrap___aeabi_fcmpeq
                0x100086c4       0x10 CMakeFiles/redwing.dir/Users/y.fujita/.pico-sdk/sdk/2.2.0/src/rp2_common/pico_float/float_aeabi_rp2040.S.o
                0x100086c4                __wrap___aeabi_fcmpeq
 .text.__wrap___aeabi_fcmplt
                0x100086d4        0xc CMakeFiles/redwing.dir/Users/y.fujita/.pico-sdk/sdk/2.2.0/src/rp2_common/pico_float/float_aeabi_rp2040.S.o
                0x100086d4                __wrap___aeabi_fcmplt
 .text.__wrap___aeabi_fcmple
                0x100086e0       0x10 CMakeFiles/redwing.dir/Users/y.fujita/.pico-sdk/sdk/2.2.0/src/rp2_common/pico_float/float_aeabi_rp2040.S.o
                0x100086e0                __wrap___aeabi_fcmple
 .text.__wrap___aeabi_fcmpge
                0x100086f0       0x10 CMakeFiles/redwing.dir/Users/y.fujita/.pico-sdk/sdk/2.2.0/src/rp2_common/pico_float/float_aeabi_rp2040.S.o
                0x100086f0                __wrap___aeabi_fcmpge
 .text.__wrap___aeabi_fcmpgt
                0x10008700        0xa CMakeFiles/redwing.dir/Users/y.fujita/.pico-sdk/sdk/2.2.0/src/rp2_common/pico_float/float_aeabi_rp2040.S.o
                0x10008700                __wrap___aeabi_fcmpgt
 .text.__wrap___aeabi_ui2f
                0x1000870a        0xa CMakeFiles/redwing.dir/Users/y.fujita/.pico-sdk/sdk/2.2.0/src/rp2_common/pico_float/float_aeabi_rp2040.S.o
                0x1000870a                uint2float
                0x1000870a                __wrap___aeabi_ui2f
 .text.__wrap___aeabi_i2f
                0x10008714       0x44 CMakeFiles/redwing.dir/Users/y.fujita/.pico-sdk/sdk/2.2.0/src/rp2_common/pico_float/float_aeabi_rp2040.S.o
                0x10008714                int2float
                0x10008714                __wrap___aeabi_i2f
 .text.__wrap___aeabi_f2iz
                0x10008758       0x4e CMakeFiles/redwing.dir/Users/y.fujita/.pico-sdk/sdk/2.2.0/src/rp2_common/pico_float/float_aeabi_rp2040.S.o
                0x10008758                __wrap___aeabi_f2iz
                0x10008758                float2int_z
 *fill*         0x100087a6        0x2 
 .text.float2int
                0x100087a8       0x14 CMakeFiles/redwing.dir/Users/y.fujita/.pico-sdk/sdk/2.2.0/src/rp2_common/pico_float/float_aeabi_rp2040.S.o
                0x100087a8                float2int
 .text.__wrap___aeabi_f2uiz
                0x100087bc        0xc CMakeFiles/redwing.dir/Users/y.fujita/.pico-sdk/sdk/2.2.0/src/rp2_common/pico_float/float_aeabi_rp2040.S.o
                0x100087bc                float2uint
                0x100087bc                float2uint_z
                0x100087bc                __wrap___aeabi_f2uiz
 .text.__wrap___aeabi_f2d
                0x100087c8       0x14 CMakeFiles/redwing.dir/Users/y.fujita/.pico-sdk/sdk/2.2.0/src/rp2_common/pico_float/float_aeabi_rp2040.S.o
                0x100087c8                __wrap___aeabi_f2d
 .text.__aeabi_float_init
                0x100087dc       0x64 CMakeFiles/redwing.dir/Users/y.fujita/.pico-sdk/sdk/2.2.0/src/rp2_common/pico_float/float_init_rom_rp2040.c.o
                0x100087dc                __aeabi_float_init
 .text.fpow_int2
                0x10008840       0xb8 CMakeFiles/redwing.dir/Users/y.fujita/.pico-sdk/sdk/2.2.0/src/rp2_common/pico_float/float_math.c.o
 .text.fpow_0   0x100088f8       0xfc CMakeFiles/redwing.dir/Users/y.fujita/.pico-sdk/sdk/2.2.0/src/rp2_common/pico_float/float_math.c.o
 .text.__wrap_powf
                0x100089f4      0x198 CMakeFiles/redwing.dir/Users/y.fujita/.pico-sdk/sdk/2.2.0/src/rp2_common/pico_float/float_math.c.o
                0x100089f4                __wrap_powf
 .text.float_table_shim_on_use_helper
                0x10008b8c       0x2c CMakeFiles/redwing.dir/Users/y.fujita/.pico-sdk/sdk/2.2.0/src/rp2_common/pico_float/float_v1_rom_shim_rp2040.S.o
                0x10008b8c                float_table_shim_on_use_helper
 .text.float232_shims
                0x10008bb8       0x18 CMakeFiles/redwing.dir/Users/y.fujita/.pico-sdk/sdk/2.2.0/src/rp2_common/pico_float/float_v1_rom_shim_rp2040.S.o
                0x10008bb8                float2int_shim
                0x10008bba                float2fix_shim
 .text.float2double_shim
                0x10008bd0       0x30 CMakeFiles/redwing.dir/Users/y.fujita/.pico-sdk/sdk/2.2.0/src/rp2_common/pico_float/float_v1_rom_shim_rp2040.S.o
                0x10008bd0                float2double_shim
 .text          0x10008c00       0x10 CMakeFiles/redwing.dir/Users/y.fujita/.pico-sdk/sdk/2.2.0/src/rp2_common/pico_mem_ops/mem_ops_aeabi.S.o
                0x10008c00                __aeabi_mem_init
 .text.memset   0x10008c10        0xc CMakeFiles/redwing.dir/Users/y.fujita/.pico-sdk/sdk/2.2.0/src/rp2_common/pico_mem_ops/mem_ops_aeabi.S.o
                0x10008c10                __wrap_memset
 .text.memcpy   0x10008c1c        0xc CMakeFiles/redwing.dir/Users/y.fujita/.pico-sdk/sdk/2.2.0/src/rp2_common/pico_mem_ops/mem_ops_aeabi.S.o
                0x10008c1c                __wrap___aeabi_memcpy
                0x10008c1c                __wrap_memcpy
 .text._out_buffer
                0x10008c28        0x8 CMakeFiles/redwing.dir/Users/y.fujita/.pico-sdk/sdk/2.2.0/src/rp2_common/pico_printf/printf.c.o
 .text._out_null
                0x10008c30        0x4 CMakeFiles/redwing.dir/Users/y.fujita/.pico-sdk/sdk/2.2.0/src/rp2_common/pico_printf/printf.c.o
 .text._out_rev
                0x10008c34       0xac CMakeFiles/redwing.dir/Users/y.fujita/.pico-sdk/sdk/2.2.0/src/rp2_common/pico_printf/printf.c.o
 .text._ntoa_format
                0x10008ce0      0x1cc CMakeFiles/redwing.dir/Users/y.fujita/.pico-sdk/sdk/2.2.0/src/rp2_common/pico_printf/printf.c.o
 .text._out_char
                0x10008eac       0x10 CMakeFiles/redwing.dir/Users/y.fujita/.pico-sdk/sdk/2.2.0/src/rp2_common/pico_printf/printf.c.o
 .text._ftoa    0x10008ebc      0x4a8 CMakeFiles/redwing.dir/Users/y.fujita/.pico-sdk/sdk/2.2.0/src/rp2_common/pico_printf/printf.c.o
 .text._etoa    0x10009364      0x57c CMakeFiles/redwing.dir/Users/y.fujita/.pico-sdk/sdk/2.2.0/src/rp2_common/pico_printf/printf.c.o
 .text._vsnprintf
                0x100098e0      0xbe0 CMakeFiles/redwing.dir/Users/y.fujita/.pico-sdk/sdk/2.2.0/src/rp2_common/pico_printf/printf.c.o
 .text.__wrap_snprintf
                0x1000a4c0       0x28 CMakeFiles/redwing.dir/Users/y.fujita/.pico-sdk/sdk/2.2.0/src/rp2_common/pico_printf/printf.c.o
                0x1000a4c0                __wrap_snprintf
 .text.weak_raw_vprintf
                0x1000a4e8       0x30 CMakeFiles/redwing.dir/Users/y.fujita/.pico-sdk/sdk/2.2.0/src/rp2_common/pico_printf/printf.c.o
                0x1000a4e8                weak_raw_vprintf
 .text._exit    0x1000a518        0x4 CMakeFiles/redwing.dir/Users/y.fujita/.pico-sdk/sdk/2.2.0/src/rp2_common/pico_clib_interface/newlib_interface.c.o
                0x1000a518                _exit
 .text.exit     0x1000a51c        0x8 CMakeFiles/redwing.dir/Users/y.fujita/.pico-sdk/sdk/2.2.0/src/rp2_common/pico_clib_interface/newlib_interface.c.o
                0x1000a51c                exit
 .text.runtime_init
                0x1000a524       0x2c CMakeFiles/redwing.dir/Users/y.fujita/.pico-sdk/sdk/2.2.0/src/rp2_common/pico_clib_interface/newlib_interface.c.o
                0x1000a524                runtime_init
 .text.stdio_out_chars_no_crlf
                0x1000a550       0x10 CMakeFiles/redwing.dir/Users/y.fujita/.pico-sdk/sdk/2.2.0/src/rp2_common/pico_stdio/stdio.c.o
 .text.stdio_out_chars_crlf
                0x1000a560       0xb0 CMakeFiles/redwing.dir/Users/y.fujita/.pico-sdk/sdk/2.2.0/src/rp2_common/pico_stdio/stdio.c.o
 .text.stdio_put_string
                0x1000a610       0xfc CMakeFiles/redwing.dir/Users/y.fujita/.pico-sdk/sdk/2.2.0/src/rp2_common/pico_stdio/stdio.c.o
                0x1000a610                stdio_put_string
 .text.stdio_putchar_raw
                0x1000a70c       0x94 CMakeFiles/redwing.dir/Users/y.fujita/.pico-sdk/sdk/2.2.0/src/rp2_common/pico_stdio/stdio.c.o
                0x1000a70c                stdio_putchar_raw
 .text.stdio_set_driver_enabled
                0x1000a7a0       0x30 CMakeFiles/redwing.dir/Users/y.fujita/.pico-sdk/sdk/2.2.0/src/rp2_common/pico_stdio/stdio.c.o
                0x1000a7a0                stdio_set_driver_enabled
 .text.stdio_init_all
                0x1000a7d0        0x8 CMakeFiles/redwing.dir/Users/y.fujita/.pico-sdk/sdk/2.2.0/src/rp2_common/pico_stdio/stdio.c.o
                0x1000a7d0                stdio_init_all
 .text.stdio_getchar_timeout_us
                0x1000a7d8       0x98 CMakeFiles/redwing.dir/Users/y.fujita/.pico-sdk/sdk/2.2.0/src/rp2_common/pico_stdio/stdio.c.o
                0x1000a7d8                stdio_getchar_timeout_us
 .text.__wrap_putchar
                0x1000a870       0x94 CMakeFiles/redwing.dir/Users/y.fujita/.pico-sdk/sdk/2.2.0/src/rp2_common/pico_stdio/stdio.c.o
                0x1000a870                stdio_putchar
                0x1000a870                __wrap_putchar
 .text.__wrap_puts
                0x1000a904       0x3c CMakeFiles/redwing.dir/Users/y.fujita/.pico-sdk/sdk/2.2.0/src/rp2_common/pico_stdio/stdio.c.o
                0x1000a904                __wrap_puts
                0x1000a904                stdio_puts
 .text.resetd_init
                0x1000a940        0x4 CMakeFiles/redwing.dir/Users/y.fujita/.pico-sdk/sdk/2.2.0/src/rp2_common/pico_stdio_usb/reset_interface.c.o
 .text.resetd_reset
                0x1000a944        0xc CMakeFiles/redwing.dir/Users/y.fujita/.pico-sdk/sdk/2.2.0/src/rp2_common/pico_stdio_usb/reset_interface.c.o
 .text.resetd_open
                0x1000a950       0x28 CMakeFiles/redwing.dir/Users/y.fujita/.pico-sdk/sdk/2.2.0/src/rp2_common/pico_stdio_usb/reset_interface.c.o
 .text.resetd_xfer_cb
                0x1000a978        0x4 CMakeFiles/redwing.dir/Users/y.fujita/.pico-sdk/sdk/2.2.0/src/rp2_common/pico_stdio_usb/reset_interface.c.o
 .text.resetd_control_xfer_cb
                0x1000a97c       0x54 CMakeFiles/redwing.dir/Users/y.fujita/.pico-sdk/sdk/2.2.0/src/rp2_common/pico_stdio_usb/reset_interface.c.o
 .text.tud_descriptor_bos_cb
                0x1000a9d0        0x8 CMakeFiles/redwing.dir/Users/y.fujita/.pico-sdk/sdk/2.2.0/src/rp2_common/pico_stdio_usb/reset_interface.c.o
                0x1000a9d0                tud_descriptor_bos_cb
 .text.tud_vendor_control_xfer_cb
                0x1000a9d8       0x34 CMakeFiles/redwing.dir/Users/y.fujita/.pico-sdk/sdk/2.2.0/src/rp2_common/pico_stdio_usb/reset_interface.c.o
                0x1000a9d8                tud_vendor_control_xfer_cb
 .text.usbd_app_driver_get_cb
                0x1000aa0c        0xc CMakeFiles/redwing.dir/Users/y.fujita/.pico-sdk/sdk/2.2.0/src/rp2_common/pico_stdio_usb/reset_interface.c.o
                0x1000aa0c                usbd_app_driver_get_cb
 .text.tud_cdc_line_coding_cb
                0x1000aa18       0x2c CMakeFiles/redwing.dir/Users/y.fujita/.pico-sdk/sdk/2.2.0/src/rp2_common/pico_stdio_usb/reset_interface.c.o
                0x1000aa18                tud_cdc_line_coding_cb
 .text.stdio_usb_set_chars_available_callback
                0x1000aa44       0x14 CMakeFiles/redwing.dir/Users/y.fujita/.pico-sdk/sdk/2.2.0/src/rp2_common/pico_stdio_usb/stdio_usb.c.o
                0x1000aa44                stdio_usb_set_chars_available_callback
 .text.usb_irq  0x1000aa58       0x10 CMakeFiles/redwing.dir/Users/y.fujita/.pico-sdk/sdk/2.2.0/src/rp2_common/pico_stdio_usb/stdio_usb.c.o
 .text.timer_task
                0x1000aa68       0x64 CMakeFiles/redwing.dir/Users/y.fujita/.pico-sdk/sdk/2.2.0/src/rp2_common/pico_stdio_usb/stdio_usb.c.o
 .text.stdio_usb_in_chars
                0x1000aacc       0x8c CMakeFiles/redwing.dir/Users/y.fujita/.pico-sdk/sdk/2.2.0/src/rp2_common/pico_stdio_usb/stdio_usb.c.o
                0x1000aacc                stdio_usb_in_chars
 .text.stdio_usb_out_flush
                0x1000ab58       0x4c CMakeFiles/redwing.dir/Users/y.fujita/.pico-sdk/sdk/2.2.0/src/rp2_common/pico_stdio_usb/stdio_usb.c.o
 .text.stdio_usb_out_chars
                0x1000aba4      0x100 CMakeFiles/redwing.dir/Users/y.fujita/.pico-sdk/sdk/2.2.0/src/rp2_common/pico_stdio_usb/stdio_usb.c.o
 .text.low_priority_worker_irq
                0x1000aca4       0xc8 CMakeFiles/redwing.dir/Users/y.fujita/.pico-sdk/sdk/2.2.0/src/rp2_common/pico_stdio_usb/stdio_usb.c.o
 .text.stdio_usb_init
                0x1000ad6c       0xe8 CMakeFiles/redwing.dir/Users/y.fujita/.pico-sdk/sdk/2.2.0/src/rp2_common/pico_stdio_usb/stdio_usb.c.o
                0x1000ad6c                stdio_usb_init
 .text.tud_descriptor_device_cb
                0x1000ae54        0x8 CMakeFiles/redwing.dir/Users/y.fujita/.pico-sdk/sdk/2.2.0/src/rp2_common/pico_stdio_usb/stdio_usb_descriptors.c.o
                0x1000ae54                tud_descriptor_device_cb
 .text.tud_descriptor_configuration_cb
                0x1000ae5c        0x8 CMakeFiles/redwing.dir/Users/y.fujita/.pico-sdk/sdk/2.2.0/src/rp2_common/pico_stdio_usb/stdio_usb_descriptors.c.o
                0x1000ae5c                tud_descriptor_configuration_cb
 .text.tud_descriptor_string_cb
                0x1000ae64       0x78 CMakeFiles/redwing.dir/Users/y.fujita/.pico-sdk/sdk/2.2.0/src/rp2_common/pico_stdio_usb/stdio_usb_descriptors.c.o
                0x1000ae64                tud_descriptor_string_cb
 .text.startup._retrieve_unique_id_on_boot
                0x1000aedc       0x10 CMakeFiles/redwing.dir/Users/y.fujita/.pico-sdk/sdk/2.2.0/src/rp2_common/pico_unique_id/unique_id.c.o
 .text.pico_get_unique_board_id_string
                0x1000aeec      0x1a8 CMakeFiles/redwing.dir/Users/y.fujita/.pico-sdk/sdk/2.2.0/src/rp2_common/pico_unique_id/unique_id.c.o
                0x1000aeec                pico_get_unique_board_id_string
 .text.flash_get_unique_id
                0x1000b094       0x3c CMakeFiles/redwing.dir/Users/y.fujita/.pico-sdk/sdk/2.2.0/src/rp2_common/hardware_flash/flash.c.o
                0x1000b094                flash_get_unique_id
 .text.dcd_init
                0x1000b0d0       0x90 CMakeFiles/redwing.dir/Users/y.fujita/.pico-sdk/sdk/2.2.0/lib/tinyusb/src/portable/raspberrypi/rp2040/dcd_rp2040.c.o
                0x1000b0d0                dcd_init
 .text.dcd_int_enable
                0x1000b160        0xc CMakeFiles/redwing.dir/Users/y.fujita/.pico-sdk/sdk/2.2.0/lib/tinyusb/src/portable/raspberrypi/rp2040/dcd_rp2040.c.o
                0x1000b160                dcd_int_enable
 .text.dcd_set_address
                0x1000b16c       0x14 CMakeFiles/redwing.dir/Users/y.fujita/.pico-sdk/sdk/2.2.0/lib/tinyusb/src/portable/raspberrypi/rp2040/dcd_rp2040.c.o
                0x1000b16c                dcd_set_address
 .text.dcd_sof_enable
                0x1000b180       0x1c CMakeFiles/redwing.dir/Users/y.fujita/.pico-sdk/sdk/2.2.0/lib/tinyusb/src/portable/raspberrypi/rp2040/dcd_rp2040.c.o
                0x1000b180                dcd_sof_enable
 .text.dcd_edpt0_status_complete
                0x1000b19c       0x1c CMakeFiles/redwing.dir/Users/y.fujita/.pico-sdk/sdk/2.2.0/lib/tinyusb/src/portable/raspberrypi/rp2040/dcd_rp2040.c.o
                0x1000b19c                dcd_edpt0_status_complete
 .text.dcd_edpt_open
                0x1000b1b8      0x114 CMakeFiles/redwing.dir/Users/y.fujita/.pico-sdk/sdk/2.2.0/lib/tinyusb/src/portable/raspberrypi/rp2040/dcd_rp2040.c.o
                0x1000b1b8                dcd_edpt_open
 .text.dcd_edpt_close_all
                0x1000b2cc        0x8 CMakeFiles/redwing.dir/Users/y.fujita/.pico-sdk/sdk/2.2.0/lib/tinyusb/src/portable/raspberrypi/rp2040/dcd_rp2040.c.o
                0x1000b2cc                dcd_edpt_close_all
 .text.dcd_edpt_xfer
                0x1000b2d4       0x24 CMakeFiles/redwing.dir/Users/y.fujita/.pico-sdk/sdk/2.2.0/lib/tinyusb/src/portable/raspberrypi/rp2040/dcd_rp2040.c.o
                0x1000b2d4                dcd_edpt_xfer
 .text.dcd_edpt_stall
                0x1000b2f8       0x3c CMakeFiles/redwing.dir/Users/y.fujita/.pico-sdk/sdk/2.2.0/lib/tinyusb/src/portable/raspberrypi/rp2040/dcd_rp2040.c.o
                0x1000b2f8                dcd_edpt_stall
 .text.dcd_edpt_clear_stall
                0x1000b334       0x30 CMakeFiles/redwing.dir/Users/y.fujita/.pico-sdk/sdk/2.2.0/lib/tinyusb/src/portable/raspberrypi/rp2040/dcd_rp2040.c.o
                0x1000b334                dcd_edpt_clear_stall
 .text.rp2040_usb_init
                0x1000b364       0x40 CMakeFiles/redwing.dir/Users/y.fujita/.pico-sdk/sdk/2.2.0/lib/tinyusb/src/portable/raspberrypi/rp2040/rp2040_usb.c.o
                0x1000b364                rp2040_usb_init
 .text.hw_endpoint_xfer_start
                0x1000b3a4       0x40 CMakeFiles/redwing.dir/Users/y.fujita/.pico-sdk/sdk/2.2.0/lib/tinyusb/src/portable/raspberrypi/rp2040/rp2040_usb.c.o
                0x1000b3a4                hw_endpoint_xfer_start
 .text.tud_event_hook_cb
                0x1000b3e4        0x4 CMakeFiles/redwing.dir/Users/y.fujita/.pico-sdk/sdk/2.2.0/lib/tinyusb/src/device/usbd.c.o
                0x1000b3e4                tud_event_hook_cb
 .text.tud_sof_cb
                0x1000b3e8        0x4 CMakeFiles/redwing.dir/Users/y.fujita/.pico-sdk/sdk/2.2.0/lib/tinyusb/src/device/usbd.c.o
                0x1000b3e8                tud_sof_cb
 .text.tud_descriptor_device_qualifier_cb
                0x1000b3ec        0x4 CMakeFiles/redwing.dir/Users/y.fujita/.pico-sdk/sdk/2.2.0/lib/tinyusb/src/device/usbd.c.o
                0x1000b3ec                tud_descriptor_device_qualifier_cb
 .text.tud_descriptor_other_speed_configuration_cb
                0x1000b3f0        0x4 CMakeFiles/redwing.dir/Users/y.fujita/.pico-sdk/sdk/2.2.0/lib/tinyusb/src/device/usbd.c.o
                0x1000b3f0                tud_descriptor_other_speed_configuration_cb
 .text.tud_mount_cb
                0x1000b3f4        0x4 CMakeFiles/redwing.dir/Users/y.fujita/.pico-sdk/sdk/2.2.0/lib/tinyusb/src/device/usbd.c.o
                0x1000b3f4                tud_mount_cb
 .text.tud_umount_cb
                0x1000b3f8        0x4 CMakeFiles/redwing.dir/Users/y.fujita/.pico-sdk/sdk/2.2.0/lib/tinyusb/src/device/usbd.c.o
                0x1000b3f8                tud_umount_cb
 .text.tud_suspend_cb
                0x1000b3fc        0x4 CMakeFiles/redwing.dir/Users/y.fujita/.pico-sdk/sdk/2.2.0/lib/tinyusb/src/device/usbd.c.o
                0x1000b3fc                tud_suspend_cb
 .text.tud_resume_cb
                0x1000b400        0x4 CMakeFiles/redwing.dir/Users/y.fujita/.pico-sdk/sdk/2.2.0/lib/tinyusb/src/device/usbd.c.o
                0x1000b400                tud_resume_cb
 .text.tud_mounted
                0x1000b404       0x10 CMakeFiles/redwing.dir/Users/y.fujita/.pico-sdk/sdk/2.2.0/lib/tinyusb/src/device/usbd.c.o
                0x1000b404                tud_mounted
 .text.tud_suspended
                0x1000b414       0x10 CMakeFiles/redwing.dir/Users/y.fujita/.pico-sdk/sdk/2.2.0/lib/tinyusb/src/device/usbd.c.o
                0x1000b414                tud_suspended
 .text.tud_rhport_init
                0x1000b424       0xf4 CMakeFiles/redwing.dir/Users/y.fujita/.pico-sdk/sdk/2.2.0/lib/tinyusb/src/device/usbd.c.o
                0x1000b424                tud_rhport_init
 .text.tud_task_ext
                0x1000b518      0x800 CMakeFiles/redwing.dir/Users/y.fujita/.pico-sdk/sdk/2.2.0/lib/tinyusb/src/device/usbd.c.o
                0x1000b518                tud_task_ext
 .text.usbd_open_edpt_pair
                0x1000bd18       0x9c CMakeFiles/redwing.dir/Users/y.fujita/.pico-sdk/sdk/2.2.0/lib/tinyusb/src/device/usbd.c.o
                0x1000bd18                usbd_open_edpt_pair
 .text.usbd_edpt_open
                0x1000bdb4       0x34 CMakeFiles/redwing.dir/Users/y.fujita/.pico-sdk/sdk/2.2.0/lib/tinyusb/src/device/usbd.c.o
                0x1000bdb4                usbd_edpt_open
 .text.usbd_edpt_claim
                0x1000bde8       0x28 CMakeFiles/redwing.dir/Users/y.fujita/.pico-sdk/sdk/2.2.0/lib/tinyusb/src/device/usbd.c.o
                0x1000bde8                usbd_edpt_claim
 .text.usbd_edpt_release
                0x1000be10       0x28 CMakeFiles/redwing.dir/Users/y.fujita/.pico-sdk/sdk/2.2.0/lib/tinyusb/src/device/usbd.c.o
                0x1000be10                usbd_edpt_release
 .text.usbd_edpt_xfer
                0x1000be38       0x4c CMakeFiles/redwing.dir/Users/y.fujita/.pico-sdk/sdk/2.2.0/lib/tinyusb/src/device/usbd.c.o
                0x1000be38                usbd_edpt_xfer
 .text.tud_control_status
                0x1000be84       0x2c CMakeFiles/redwing.dir/Users/y.fujita/.pico-sdk/sdk/2.2.0/lib/tinyusb/src/device/usbd_control.c.o
                0x1000be84                tud_control_status
 .text.tud_control_xfer
                0x1000beb0       0xa8 CMakeFiles/redwing.dir/Users/y.fujita/.pico-sdk/sdk/2.2.0/lib/tinyusb/src/device/usbd_control.c.o
                0x1000beb0                tud_control_xfer
 .text.usbd_control_reset
                0x1000bf58       0x14 CMakeFiles/redwing.dir/Users/y.fujita/.pico-sdk/sdk/2.2.0/lib/tinyusb/src/device/usbd_control.c.o
                0x1000bf58                usbd_control_reset
 .text.usbd_control_set_complete_callback
                0x1000bf6c        0xc CMakeFiles/redwing.dir/Users/y.fujita/.pico-sdk/sdk/2.2.0/lib/tinyusb/src/device/usbd_control.c.o
                0x1000bf6c                usbd_control_set_complete_callback
 .text.usbd_control_set_request
                0x1000bf78       0x1c CMakeFiles/redwing.dir/Users/y.fujita/.pico-sdk/sdk/2.2.0/lib/tinyusb/src/device/usbd_control.c.o
                0x1000bf78                usbd_control_set_request
 .text.usbd_control_xfer_cb
                0x1000bf94       0xec CMakeFiles/redwing.dir/Users/y.fujita/.pico-sdk/sdk/2.2.0/lib/tinyusb/src/device/usbd_control.c.o
                0x1000bf94                usbd_control_xfer_cb
 .text._prep_out_transaction.isra.0
                0x1000c080       0x6c CMakeFiles/redwing.dir/Users/y.fujita/.pico-sdk/sdk/2.2.0/lib/tinyusb/src/class/cdc/cdc_device.c.o
 .text.tud_cdc_n_connected
                0x1000c0ec       0x2c CMakeFiles/redwing.dir/Users/y.fujita/.pico-sdk/sdk/2.2.0/lib/tinyusb/src/class/cdc/cdc_device.c.o
                0x1000c0ec                tud_cdc_n_connected
 .text.tud_cdc_n_available
                0x1000c118       0x14 CMakeFiles/redwing.dir/Users/y.fujita/.pico-sdk/sdk/2.2.0/lib/tinyusb/src/class/cdc/cdc_device.c.o
                0x1000c118                tud_cdc_n_available
 .text.tud_cdc_n_read
                0x1000c12c       0x88 CMakeFiles/redwing.dir/Users/y.fujita/.pico-sdk/sdk/2.2.0/lib/tinyusb/src/class/cdc/cdc_device.c.o
                0x1000c12c                tud_cdc_n_read
 .text.tud_cdc_n_write_flush
                0x1000c1b4       0x74 CMakeFiles/redwing.dir/Users/y.fujita/.pico-sdk/sdk/2.2.0/lib/tinyusb/src/class/cdc/cdc_device.c.o
                0x1000c1b4                tud_cdc_n_write_flush
 .text.tud_cdc_n_write
                0x1000c228       0x40 CMakeFiles/redwing.dir/Users/y.fujita/.pico-sdk/sdk/2.2.0/lib/tinyusb/src/class/cdc/cdc_device.c.o
                0x1000c228                tud_cdc_n_write
 .text.tud_cdc_n_write_available
                0x1000c268       0x14 CMakeFiles/redwing.dir/Users/y.fujita/.pico-sdk/sdk/2.2.0/lib/tinyusb/src/class/cdc/cdc_device.c.o
                0x1000c268                tud_cdc_n_write_available
 .text.cdcd_init
                0x1000c27c       0x70 CMakeFiles/redwing.dir/Users/y.fujita/.pico-sdk/sdk/2.2.0/lib/tinyusb/src/class/cdc/cdc_device.c.o
                0x1000c27c                cdcd_init
 .text.cdcd_deinit
                0x1000c2ec       0x30 CMakeFiles/redwing.dir/Users/y.fujita/.pico-sdk/sdk/2.2.0/lib/tinyusb/src/class/cdc/cdc_device.c.o
                0x1000c2ec                cdcd_deinit
 .text.cdcd_reset
                0x1000c31c       0x4c CMakeFiles/redwing.dir/Users/y.fujita/.pico-sdk/sdk/2.2.0/lib/tinyusb/src/class/cdc/cdc_device.c.o
                0x1000c31c                cdcd_reset
 .text.cdcd_open
                0x1000c368       0xa4 CMakeFiles/redwing.dir/Users/y.fujita/.pico-sdk/sdk/2.2.0/lib/tinyusb/src/class/cdc/cdc_device.c.o
                0x1000c368                cdcd_open
 .text.cdcd_control_xfer_cb
                0x1000c40c       0xe8 CMakeFiles/redwing.dir/Users/y.fujita/.pico-sdk/sdk/2.2.0/lib/tinyusb/src/class/cdc/cdc_device.c.o
                0x1000c40c                cdcd_control_xfer_cb
 .text.cdcd_xfer_cb
                0x1000c4f4      0x100 CMakeFiles/redwing.dir/Users/y.fujita/.pico-sdk/sdk/2.2.0/lib/tinyusb/src/class/cdc/cdc_device.c.o
                0x1000c4f4                cdcd_xfer_cb
 .text.vendord_init
                0x1000c5f4       0x5c CMakeFiles/redwing.dir/Users/y.fujita/.pico-sdk/sdk/2.2.0/lib/tinyusb/src/class/vendor/vendor_device.c.o
                0x1000c5f4                vendord_init
 .text.vendord_deinit
                0x1000c650       0x1c CMakeFiles/redwing.dir/Users/y.fujita/.pico-sdk/sdk/2.2.0/lib/tinyusb/src/class/vendor/vendor_device.c.o
                0x1000c650                vendord_deinit
 .text.vendord_reset
                0x1000c66c       0x28 CMakeFiles/redwing.dir/Users/y.fujita/.pico-sdk/sdk/2.2.0/lib/tinyusb/src/class/vendor/vendor_device.c.o
                0x1000c66c                vendord_reset
 .text.vendord_open
                0x1000c694      0x120 CMakeFiles/redwing.dir/Users/y.fujita/.pico-sdk/sdk/2.2.0/lib/tinyusb/src/class/vendor/vendor_device.c.o
                0x1000c694                vendord_open
 .text.vendord_xfer_cb
                0x1000c7b4       0x9c CMakeFiles/redwing.dir/Users/y.fujita/.pico-sdk/sdk/2.2.0/lib/tinyusb/src/class/vendor/vendor_device.c.o
                0x1000c7b4                vendord_xfer_cb
 .text.tusb_rhport_init
                0x1000c850       0x4c CMakeFiles/redwing.dir/Users/y.fujita/.pico-sdk/sdk/2.2.0/lib/tinyusb/src/tusb.c.o
                0x1000c850                tusb_rhport_init
 .text.tu_edpt_claim
                0x1000c89c       0x50 CMakeFiles/redwing.dir/Users/y.fujita/.pico-sdk/sdk/2.2.0/lib/tinyusb/src/tusb.c.o
                0x1000c89c                tu_edpt_claim
 .text.tu_edpt_release
                0x1000c8ec       0x38 CMakeFiles/redwing.dir/Users/y.fujita/.pico-sdk/sdk/2.2.0/lib/tinyusb/src/tusb.c.o
                0x1000c8ec                tu_edpt_release
 .text.tu_edpt_validate
                0x1000c924       0x7c CMakeFiles/redwing.dir/Users/y.fujita/.pico-sdk/sdk/2.2.0/lib/tinyusb/src/tusb.c.o
                0x1000c924                tu_edpt_validate
 .text.tu_edpt_bind_driver
                0x1000c9a0       0x34 CMakeFiles/redwing.dir/Users/y.fujita/.pico-sdk/sdk/2.2.0/lib/tinyusb/src/tusb.c.o
                0x1000c9a0                tu_edpt_bind_driver
 .text.tu_edpt_stream_init
                0x1000c9d4       0x6c CMakeFiles/redwing.dir/Users/y.fujita/.pico-sdk/sdk/2.2.0/lib/tinyusb/src/tusb.c.o
                0x1000c9d4                tu_edpt_stream_init
 .text.tu_edpt_stream_deinit
                0x1000ca40        0x4 CMakeFiles/redwing.dir/Users/y.fujita/.pico-sdk/sdk/2.2.0/lib/tinyusb/src/tusb.c.o
                0x1000ca40                tu_edpt_stream_deinit
 .text.tu_edpt_stream_write_zlp_if_needed
                0x1000ca44       0x68 CMakeFiles/redwing.dir/Users/y.fujita/.pico-sdk/sdk/2.2.0/lib/tinyusb/src/tusb.c.o
                0x1000ca44                tu_edpt_stream_write_zlp_if_needed
 .text.tu_edpt_stream_write_xfer
                0x1000caac       0x68 CMakeFiles/redwing.dir/Users/y.fujita/.pico-sdk/sdk/2.2.0/lib/tinyusb/src/tusb.c.o
                0x1000caac                tu_edpt_stream_write_xfer
 .text.tu_edpt_stream_read_xfer
                0x1000cb14       0xd8 CMakeFiles/redwing.dir/Users/y.fujita/.pico-sdk/sdk/2.2.0/lib/tinyusb/src/tusb.c.o
                0x1000cb14                tu_edpt_stream_read_xfer
 .text.tu_fifo_config
                0x1000cbec       0x6c CMakeFiles/redwing.dir/Users/y.fujita/.pico-sdk/sdk/2.2.0/lib/tinyusb/src/common/tusb_fifo.c.o
                0x1000cbec                tu_fifo_config
 .text.tu_fifo_count
                0x1000cc58       0x2c CMakeFiles/redwing.dir/Users/y.fujita/.pico-sdk/sdk/2.2.0/lib/tinyusb/src/common/tusb_fifo.c.o
                0x1000cc58                tu_fifo_count
 .text.tu_fifo_empty
                0x1000cc84       0x10 CMakeFiles/redwing.dir/Users/y.fujita/.pico-sdk/sdk/2.2.0/lib/tinyusb/src/common/tusb_fifo.c.o
                0x1000cc84                tu_fifo_empty
 .text.tu_fifo_remaining
                0x1000cc94       0x2c CMakeFiles/redwing.dir/Users/y.fujita/.pico-sdk/sdk/2.2.0/lib/tinyusb/src/common/tusb_fifo.c.o
                0x1000cc94                tu_fifo_remaining
 .text.tu_fifo_read
                0x1000ccc0       0x9c CMakeFiles/redwing.dir/Users/y.fujita/.pico-sdk/sdk/2.2.0/lib/tinyusb/src/common/tusb_fifo.c.o
                0x1000ccc0                tu_fifo_read
 .text.tu_fifo_read_n
                0x1000cd5c       0xe8 CMakeFiles/redwing.dir/Users/y.fujita/.pico-sdk/sdk/2.2.0/lib/tinyusb/src/common/tusb_fifo.c.o
                0x1000cd5c                tu_fifo_read_n
 .text.tu_fifo_write
                0x1000ce44       0xa4 CMakeFiles/redwing.dir/Users/y.fujita/.pico-sdk/sdk/2.2.0/lib/tinyusb/src/common/tusb_fifo.c.o
                0x1000ce44                tu_fifo_write
 .text.tu_fifo_write_n
                0x1000cee8      0x178 CMakeFiles/redwing.dir/Users/y.fujita/.pico-sdk/sdk/2.2.0/lib/tinyusb/src/common/tusb_fifo.c.o
                0x1000cee8                tu_fifo_write_n
 .text.tu_fifo_clear
                0x1000d060       0x40 CMakeFiles/redwing.dir/Users/y.fujita/.pico-sdk/sdk/2.2.0/lib/tinyusb/src/common/tusb_fifo.c.o
                0x1000d060                tu_fifo_clear
 .text.tu_fifo_set_overwritable
                0x1000d0a0       0x48 CMakeFiles/redwing.dir/Users/y.fujita/.pico-sdk/sdk/2.2.0/lib/tinyusb/src/common/tusb_fifo.c.o
                0x1000d0a0                tu_fifo_set_overwritable
 .text.pio_claim_unused_sm
                0x1000d0e8       0x38 CMakeFiles/redwing.dir/Users/y.fujita/.pico-sdk/sdk/2.2.0/src/rp2_common/hardware_pio/pio.c.o
                0x1000d0e8                pio_claim_unused_sm
 .text.pio_add_program
                0x1000d120       0xf8 CMakeFiles/redwing.dir/Users/y.fujita/.pico-sdk/sdk/2.2.0/src/rp2_common/hardware_pio/pio.c.o
                0x1000d120                pio_add_program
 .text.pio_sm_set_consecutive_pindirs
                0x1000d218       0xb4 CMakeFiles/redwing.dir/Users/y.fujita/.pico-sdk/sdk/2.2.0/src/rp2_common/hardware_pio/pio.c.o
                0x1000d218                pio_sm_set_consecutive_pindirs
 .text.pio_sm_init
                0x1000d2cc       0x9c CMakeFiles/redwing.dir/Users/y.fujita/.pico-sdk/sdk/2.2.0/src/rp2_common/hardware_pio/pio.c.o
                0x1000d2cc                pio_sm_init
 .text.i2c_read_blocking_internal
                0x1000d368      0x100 CMakeFiles/redwing.dir/Users/y.fujita/.pico-sdk/sdk/2.2.0/src/rp2_common/hardware_i2c/i2c.c.o
 .text.i2c_read_blocking_internal.constprop.0
                0x1000d468       0x98 CMakeFiles/redwing.dir/Users/y.fujita/.pico-sdk/sdk/2.2.0/src/rp2_common/hardware_i2c/i2c.c.o
 .text.i2c_write_blocking_internal.constprop.0
                0x1000d500       0xf8 CMakeFiles/redwing.dir/Users/y.fujita/.pico-sdk/sdk/2.2.0/src/rp2_common/hardware_i2c/i2c.c.o
 .text.i2c_set_baudrate
                0x1000d5f8       0xc0 CMakeFiles/redwing.dir/Users/y.fujita/.pico-sdk/sdk/2.2.0/src/rp2_common/hardware_i2c/i2c.c.o
                0x1000d5f8                i2c_set_baudrate
 .text.i2c_init
                0x1000d6b8       0x50 CMakeFiles/redwing.dir/Users/y.fujita/.pico-sdk/sdk/2.2.0/src/rp2_common/hardware_i2c/i2c.c.o
                0x1000d6b8                i2c_init
 .text.i2c_write_blocking
                0x1000d708       0x14 CMakeFiles/redwing.dir/Users/y.fujita/.pico-sdk/sdk/2.2.0/src/rp2_common/hardware_i2c/i2c.c.o
                0x1000d708                i2c_write_blocking
 .text.i2c_read_blocking
                0x1000d71c       0x14 CMakeFiles/redwing.dir/Users/y.fujita/.pico-sdk/sdk/2.2.0/src/rp2_common/hardware_i2c/i2c.c.o
                0x1000d71c                i2c_read_blocking
 .text.i2c_read_blocking_until
                0x1000d730       0x48 CMakeFiles/redwing.dir/Users/y.fujita/.pico-sdk/sdk/2.2.0/src/rp2_common/hardware_i2c/i2c.c.o
                0x1000d730                i2c_read_blocking_until
 .text.adc_init
                0x1000d778       0x38 CMakeFiles/redwing.dir/Users/y.fujita/.pico-sdk/sdk/2.2.0/src/rp2_common/hardware_adc/adc.c.o
                0x1000d778                adc_init
 .text.memmove  0x1000d7b0       0xc4 /Users/y.fujita/.pico-sdk/toolchain/14_2_Rel1/bin/../lib/gcc/arm-none-eabi/14.2.1/../../../../arm-none-eabi/lib/thumb/v6-m/nofp/libg.a(libc_a-memmove.o)
                0x1000d7b0                memmove
 .text.strlen   0x1000d874       0x5c /Users/y.fujita/.pico-sdk/toolchain/14_2_Rel1/bin/../lib/gcc/arm-none-eabi/14.2.1/../../../../arm-none-eabi/lib/thumb/v6-m/nofp/libg.a(libc_a-strlen-stub.o)
                0x1000d874                strlen
 *(.fini)
 .fini          0x1000d8d0        0x4 /Users/y.fujita/.pico-sdk/toolchain/14_2_Rel1/bin/../lib/gcc/arm-none-eabi/14.2.1/thumb/v6-m/nofp/crti.o
                0x1000d8d0                _fini
 *fill*         0x1000d8d4        0x4 
 .fini.__stub   0x1000d8d8       0xc0 linker stubs
 *crtbegin.o(.ctors)
 *crtbegin?.o(.ctors)
 *(EXCLUDE_FILE(*crtend.o *crtend?.o) .ctors)
 *(SORT_BY_NAME(.ctors.*))
 *(.ctors)
 *crtbegin.o(.dtors)
 *crtbegin?.o(.dtors)
 *(EXCLUDE_FILE(*crtend.o *crtend?.o) .dtors)
 *(SORT_BY_NAME(.dtors.*))
 *(.dtors)
                0x1000d998                        . = ALIGN (0x4)
                0x1000d998                        PROVIDE (__preinit_array_start = .)
 *(SORT_BY_NAME(.preinit_array.*))
 .preinit_array.00100
                0x1000d998        0x4 CMakeFiles/redwing.dir/Users/y.fujita/.pico-sdk/sdk/2.2.0/src/rp2_common/pico_runtime_init/runtime_init.c.o
                0x1000d998                __pre_init_runtime_init_early_resets
 .preinit_array.00101
                0x1000d99c        0x4 CMakeFiles/redwing.dir/Users/y.fujita/.pico-sdk/sdk/2.2.0/src/rp2_common/pico_runtime_init/runtime_init.c.o
                0x1000d99c                __pre_init_runtime_init_usb_power_down
 .preinit_array.00275
                0x1000d9a0        0x4 CMakeFiles/redwing.dir/Users/y.fujita/.pico-sdk/sdk/2.2.0/src/rp2_common/pico_bit_ops/bit_ops_aeabi.S.o
 .preinit_array.00300
                0x1000d9a4        0x4 CMakeFiles/redwing.dir/Users/y.fujita/.pico-sdk/sdk/2.2.0/src/rp2_common/pico_mem_ops/mem_ops_aeabi.S.o
 .preinit_array.00350
                0x1000d9a8        0x4 CMakeFiles/redwing.dir/Users/y.fujita/.pico-sdk/sdk/2.2.0/src/rp2_common/pico_double/double_aeabi_rp2040.S.o
 .preinit_array.00350
                0x1000d9ac        0x4 CMakeFiles/redwing.dir/Users/y.fujita/.pico-sdk/sdk/2.2.0/src/rp2_common/pico_float/float_aeabi_rp2040.S.o
 .preinit_array.00500
                0x1000d9b0        0x4 CMakeFiles/redwing.dir/Users/y.fujita/.pico-sdk/sdk/2.2.0/src/rp2_common/pico_runtime_init/runtime_init.c.o
                0x1000d9b0                __pre_init_runtime_init_clocks
 .preinit_array.00600
                0x1000d9b4        0x4 CMakeFiles/redwing.dir/Users/y.fujita/.pico-sdk/sdk/2.2.0/src/rp2_common/pico_runtime_init/runtime_init.c.o
                0x1000d9b4                __pre_init_runtime_init_post_clock_resets
 .preinit_array.00700
                0x1000d9b8        0x4 CMakeFiles/redwing.dir/Users/y.fujita/.pico-sdk/sdk/2.2.0/src/rp2_common/pico_runtime_init/runtime_init.c.o
                0x1000d9b8                __pre_init_runtime_init_rp2040_gpio_ie_disable
 .preinit_array.01000
                0x1000d9bc        0x4 CMakeFiles/redwing.dir/Users/y.fujita/.pico-sdk/sdk/2.2.0/src/rp2_common/pico_runtime_init/runtime_init.c.o
                0x1000d9bc                __pre_init_runtime_init_spin_locks_reset
 .preinit_array.01100
                0x1000d9c0        0x4 CMakeFiles/redwing.dir/Users/y.fujita/.pico-sdk/sdk/2.2.0/src/common/pico_sync/mutex.c.o
                0x1000d9c0                __pre_init_runtime_init_mutex
 .preinit_array.10080
                0x1000d9c4        0x4 CMakeFiles/redwing.dir/Users/y.fujita/.pico-sdk/sdk/2.2.0/src/rp2_common/pico_runtime_init/runtime_init.c.o
                0x1000d9c4                __pre_init_runtime_init_install_ram_vector_table
 .preinit_array.11000
                0x1000d9c8        0x4 CMakeFiles/redwing.dir/Users/y.fujita/.pico-sdk/sdk/2.2.0/src/common/pico_time/time.c.o
                0x1000d9c8                __pre_init_runtime_init_default_alarm_pool
 .preinit_array.YYYYY
                0x1000d9cc        0x4 CMakeFiles/redwing.dir/Users/y.fujita/.pico-sdk/sdk/2.2.0/src/rp2_common/pico_runtime/runtime.c.o
                0x1000d9cc                __pre_init_first_per_core_initializer
 .preinit_array.ZZZZZ.01200
                0x1000d9d0        0x4 CMakeFiles/redwing.dir/Users/y.fujita/.pico-sdk/sdk/2.2.0/src/rp2_common/hardware_irq/irq.c.o
                0x1000d9d0                __pre_init_runtime_init_per_core_irq_priorities
 *(.preinit_array)
                0x1000d9d4                        PROVIDE (__preinit_array_end = .)
                0x1000d9d4                        . = ALIGN (0x4)
                0x1000d9d4                        PROVIDE (__init_array_start = .)
 *(SORT_BY_NAME(.init_array.*))
 .init_array.01000
                0x1000d9d4        0x4 CMakeFiles/redwing.dir/Users/y.fujita/.pico-sdk/sdk/2.2.0/src/rp2_common/pico_unique_id/unique_id.c.o
 *(.init_array)
 .init_array    0x1000d9d8        0x4 /Users/y.fujita/.pico-sdk/toolchain/14_2_Rel1/bin/../lib/gcc/arm-none-eabi/14.2.1/thumb/v6-m/nofp/crtbegin.o
                0x1000d9dc                        PROVIDE (__init_array_end = .)
                0x1000d9dc                        . = ALIGN (0x4)
                [!provide]                        PROVIDE (__fini_array_start = .)
 *(SORT_BY_NAME(.fini_array.*))
 *(.fini_array)
                [!provide]                        PROVIDE (__fini_array_end = .)
 *(.eh_frame*)
 .eh_frame      0x1000d9dc        0x0 /Users/y.fujita/.pico-sdk/toolchain/14_2_Rel1/bin/../lib/gcc/arm-none-eabi/14.2.1/thumb/v6-m/nofp/crtbegin.o
                0x1000d9dc                        . = ALIGN (0x4)

.glue_7         0x1000d9dc        0x0
 .glue_7        0x1000d9dc        0x0 linker stubs

.glue_7t        0x1000d9dc        0x0
 .glue_7t       0x1000d9dc        0x0 linker stubs

.vfp11_veneer   0x1000d9dc        0x0
 .vfp11_veneer  0x1000d9dc        0x0 linker stubs

.v4_bx          0x1000d9dc        0x0
 .v4_bx         0x1000d9dc        0x0 linker stubs

.iplt           0x1000d9dc        0x0
 .iplt          0x1000d9dc        0x0 /Users/y.fujita/.pico-sdk/toolchain/14_2_Rel1/bin/../lib/gcc/arm-none-eabi/14.2.1/thumb/v6-m/nofp/crtbegin.o

.rodata         0x1000d9e0      0xc5c
 *(EXCLUDE_FILE(*libm.a: *libc.a:*lib_a-mem*.o *libgcc.a:) .rodata*)
 .rodata.main.str1.4
                0x1000d9e0      0x550 CMakeFiles/redwing.dir/src/main.c.o
                                 0xc2 (size before relaxing)
 .rodata.main   0x1000df30       0x60 CMakeFiles/redwing.dir/src/main.c.o
 .rodata.SINGLE_GPIO
                0x1000df90        0x8 CMakeFiles/redwing.dir/src/main.c.o
 .rodata.usb_comm_recv
                0x1000df98       0x14 CMakeFiles/redwing.dir/src/usb_comm.c.o
 .rodata.port_deinit
                0x1000dfac       0x2c CMakeFiles/redwing.dir/src/port_manager.c.o
 .rodata.port_configure.str1.4
                0x1000dfd8       0x3a CMakeFiles/redwing.dir/src/port_manager.c.o
 .rodata.port_configure
                0x1000dfd8       0x3c CMakeFiles/redwing.dir/src/port_manager.c.o
 .rodata.port_configure_uart.str1.4
                0x1000e014       0x13 CMakeFiles/redwing.dir/src/port_manager.c.o
 .rodata.port_config_done.str1.4
                0x1000e014       0x1e CMakeFiles/redwing.dir/src/port_manager.c.o
 .rodata.port_reset
                0x1000e014       0x2c CMakeFiles/redwing.dir/src/port_manager.c.o
 .rodata.port_send_state
                0x1000e040       0x48 CMakeFiles/redwing.dir/src/port_manager.c.o
 .rodata.DUAL_GPIO
                0x1000e088       0x10 CMakeFiles/redwing.dir/src/port_manager.c.o
 .rodata.SINGLE_GPIO
                0x1000e098        0x8 CMakeFiles/redwing.dir/src/port_manager.c.o
 .rodata.QEM    0x1000e0a0       0x10 CMakeFiles/redwing.dir/src/devices/encoder.c.o
 .rodata.pio_pwm_program
                0x1000e0b0        0x8 CMakeFiles/redwing.dir/src/devices/pio_pwm.c.o
 .rodata.pio_pwm_program_instructions
                0x1000e0b8        0xe CMakeFiles/redwing.dir/src/devices/pio_pwm.c.o
 .rodata.single_ref_cal.str1.4
                0x1000e0c6       0x13 CMakeFiles/redwing.dir/src/devices/vl53l0x.c.o
 .rodata.vl53l0x_init.str1.4
                0x1000e0c6       0xa2 CMakeFiles/redwing.dir/src/devices/vl53l0x.c.o
 *fill*         0x1000e0c6        0x2 
 .rodata        0x1000e0c8        0x5 CMakeFiles/redwing.dir/src/devices/pca9685.c.o
 *fill*         0x1000e0cd        0x3 
 .rodata.REBOOT
                0x1000e0d0        0x6 CMakeFiles/redwing.dir/src/devices/gobilda_serial.c.o
 *fill*         0x1000e0d6        0x2 
 .rodata.LOCK   0x1000e0d8        0x8 CMakeFiles/redwing.dir/src/devices/gobilda_serial.c.o
 .rodata.CFG_POS
                0x1000e0e0       0x33 CMakeFiles/redwing.dir/src/devices/gobilda_serial.c.o
 *fill*         0x1000e113        0x1 
 .rodata.CFG_CONT
                0x1000e114       0x33 CMakeFiles/redwing.dir/src/devices/gobilda_serial.c.o
 *fill*         0x1000e147        0x1 
 .rodata.UNLOCK
                0x1000e148        0x8 CMakeFiles/redwing.dir/src/devices/gobilda_serial.c.o
 .rodata.bno085_init.str1.4
                0x1000e150      0x122 CMakeFiles/redwing.dir/src/devices/bno085.c.o
 .rodata.bno085_poll.str1.4
                0x1000e150       0x83 CMakeFiles/redwing.dir/src/devices/bno085.c.o
 .rodata.rst_pkt.7
                0x1000e150        0x5 CMakeFiles/redwing.dir/src/devices/bno085.c.o
 *fill*         0x1000e155        0x3 
 .rodata        0x1000e158       0x39 CMakeFiles/redwing.dir/src/devices/bno085.c.o
 .rodata.mpu6050_init.str1.4
                0x1000e191       0x2c CMakeFiles/redwing.dir/src/devices/mpu6050.c.o
 .rodata.panic.str1.4
                0x1000e191       0x12 CMakeFiles/redwing.dir/Users/y.fujita/.pico-sdk/sdk/2.2.0/src/rp2_common/pico_platform_panic/panic.c.o
 .rodata.spin_lock_claim_unused.str1.4
                0x1000e191       0x1b CMakeFiles/redwing.dir/Users/y.fujita/.pico-sdk/sdk/2.2.0/src/rp2_common/hardware_sync/sync.c.o
 .rodata.user_irq_claim_unused.str1.4
                0x1000e191       0x1b CMakeFiles/redwing.dir/Users/y.fujita/.pico-sdk/sdk/2.2.0/src/rp2_common/hardware_irq/irq.c.o
 .rodata.timer_hardware_alarm_claim.str1.4
                0x1000e191       0x22 CMakeFiles/redwing.dir/Users/y.fujita/.pico-sdk/sdk/2.2.0/src/rp2_common/hardware_timer/timer.c.o
 .rodata.hard_assertion_failure.str1.4
                0x1000e191        0xc CMakeFiles/redwing.dir/Users/y.fujita/.pico-sdk/sdk/2.2.0/src/rp2_common/pico_runtime/runtime.c.o
 .rodata.str1.4
                0x1000e191       0x3c CMakeFiles/redwing.dir/Users/y.fujita/.pico-sdk/sdk/2.2.0/src/rp2_common/pico_standard_binary_info/standard_binary_info.c.o
 *fill*         0x1000e191        0x3 
 .rodata.__bi_84
                0x1000e194        0xc CMakeFiles/redwing.dir/Users/y.fujita/.pico-sdk/sdk/2.2.0/src/rp2_common/pico_standard_binary_info/standard_binary_info.c.o
 .rodata.__bi_78
                0x1000e1a0        0xc CMakeFiles/redwing.dir/Users/y.fujita/.pico-sdk/sdk/2.2.0/src/rp2_common/pico_standard_binary_info/standard_binary_info.c.o
 .rodata.__bi_54
                0x1000e1ac        0xc CMakeFiles/redwing.dir/Users/y.fujita/.pico-sdk/sdk/2.2.0/src/rp2_common/pico_standard_binary_info/standard_binary_info.c.o
 .rodata.__bi_48
                0x1000e1b8        0xc CMakeFiles/redwing.dir/Users/y.fujita/.pico-sdk/sdk/2.2.0/src/rp2_common/pico_standard_binary_info/standard_binary_info.c.o
 .rodata.__bi_42
                0x1000e1c4        0xc CMakeFiles/redwing.dir/Users/y.fujita/.pico-sdk/sdk/2.2.0/src/rp2_common/pico_standard_binary_info/standard_binary_info.c.o
 .rodata.__bi_34
                0x1000e1d0        0xc CMakeFiles/redwing.dir/Users/y.fujita/.pico-sdk/sdk/2.2.0/src/rp2_common/pico_standard_binary_info/standard_binary_info.c.o
 .rodata.__bi_26
                0x1000e1dc        0xc CMakeFiles/redwing.dir/Users/y.fujita/.pico-sdk/sdk/2.2.0/src/rp2_common/pico_standard_binary_info/standard_binary_info.c.o
 .rodata._ftoa.str1.4
                0x1000e1e8       0x15 CMakeFiles/redwing.dir/Users/y.fujita/.pico-sdk/sdk/2.2.0/src/rp2_common/pico_printf/printf.c.o
 .rodata._vsnprintf
                0x1000e1e8      0x19c CMakeFiles/redwing.dir/Users/y.fujita/.pico-sdk/sdk/2.2.0/src/rp2_common/pico_printf/printf.c.o
 *fill*         0x1000e384        0x4 
 .rodata.pow10.0
                0x1000e388       0x50 CMakeFiles/redwing.dir/Users/y.fujita/.pico-sdk/sdk/2.2.0/src/rp2_common/pico_printf/printf.c.o
 .rodata.crlf_str.0
                0x1000e3d8        0x2 CMakeFiles/redwing.dir/Users/y.fujita/.pico-sdk/sdk/2.2.0/src/rp2_common/pico_stdio/stdio.c.o
 *fill*         0x1000e3da        0x2 
 .rodata._resetd_driver
                0x1000e3dc       0x20 CMakeFiles/redwing.dir/Users/y.fujita/.pico-sdk/sdk/2.2.0/src/rp2_common/pico_stdio_usb/reset_interface.c.o
 .rodata.desc_ms_os_20
                0x1000e3fc       0xa6 CMakeFiles/redwing.dir/Users/y.fujita/.pico-sdk/sdk/2.2.0/src/rp2_common/pico_stdio_usb/reset_interface.c.o
 *fill*         0x1000e4a2        0x2 
 .rodata.desc_bos
                0x1000e4a4       0x21 CMakeFiles/redwing.dir/Users/y.fujita/.pico-sdk/sdk/2.2.0/src/rp2_common/pico_stdio_usb/reset_interface.c.o
                0x1000e4a4                desc_bos
 .rodata.str1.4
                0x1000e4c5       0x13 CMakeFiles/redwing.dir/Users/y.fujita/.pico-sdk/sdk/2.2.0/src/rp2_common/pico_stdio_usb/stdio_usb.c.o
 *fill*         0x1000e4c5        0x3 
 .rodata.__bi_202.0
                0x1000e4c8        0xc CMakeFiles/redwing.dir/Users/y.fujita/.pico-sdk/sdk/2.2.0/src/rp2_common/pico_stdio_usb/stdio_usb.c.o
 .rodata.str1.4
                0x1000e4d4       0x2a CMakeFiles/redwing.dir/Users/y.fujita/.pico-sdk/sdk/2.2.0/src/rp2_common/pico_stdio_usb/stdio_usb_descriptors.c.o
 .rodata.usbd_desc_str
                0x1000e4d4       0x18 CMakeFiles/redwing.dir/Users/y.fujita/.pico-sdk/sdk/2.2.0/src/rp2_common/pico_stdio_usb/stdio_usb_descriptors.c.o
 .rodata.usbd_desc_cfg
                0x1000e4ec       0x54 CMakeFiles/redwing.dir/Users/y.fujita/.pico-sdk/sdk/2.2.0/src/rp2_common/pico_stdio_usb/stdio_usb_descriptors.c.o
 .rodata.usbd_desc_device
                0x1000e540       0x12 CMakeFiles/redwing.dir/Users/y.fujita/.pico-sdk/sdk/2.2.0/src/rp2_common/pico_stdio_usb/stdio_usb_descriptors.c.o
 .rodata.str1.4
                0x1000e552       0x14 CMakeFiles/redwing.dir/Users/y.fujita/.pico-sdk/sdk/2.2.0/lib/tinyusb/src/portable/raspberrypi/rp2040/dcd_rp2040.c.o
 .rodata.str1.4
                0x1000e552       0x48 CMakeFiles/redwing.dir/Users/y.fujita/.pico-sdk/sdk/2.2.0/lib/tinyusb/src/portable/raspberrypi/rp2040/rp2040_usb.c.o
 *fill*         0x1000e552        0x2 
 .rodata.tud_task_ext
                0x1000e554       0x8c CMakeFiles/redwing.dir/Users/y.fujita/.pico-sdk/sdk/2.2.0/lib/tinyusb/src/device/usbd.c.o
 .rodata        0x1000e5e0       0x1c CMakeFiles/redwing.dir/Users/y.fujita/.pico-sdk/sdk/2.2.0/lib/tinyusb/src/device/usbd.c.o
 .rodata._usbd_driver
                0x1000e5fc       0x40 CMakeFiles/redwing.dir/Users/y.fujita/.pico-sdk/sdk/2.2.0/lib/tinyusb/src/device/usbd.c.o
 .rodata.pio_claim_unused_sm.str1.4
                0x1000e63c       0x24 CMakeFiles/redwing.dir/Users/y.fujita/.pico-sdk/sdk/2.2.0/src/rp2_common/hardware_pio/pio.c.o
                0x1000e660                        . = ALIGN (0x4)
 *(SORT_BY_ALIGNMENT(SORT_BY_NAME(.flashdata*)))
                0x1000e660                        . = ALIGN (0x4)

.ARM.extab
 *(.ARM.extab* .gnu.linkonce.armextab.*)
                0x1000e63c                        __exidx_start = .

.ARM.exidx
 *(.ARM.exidx* .gnu.linkonce.armexidx.*)
                0x1000e63c                        __exidx_end = .
                0x1000e660                        . = ALIGN (0x4)
                0x1000e63c                        __binary_info_start = .

.binary_info    0x1000e63c       0x20
 *(.binary_info.keep.*)
 .binary_info.keep.__bi_ptr84
                0x1000e63c        0x4 CMakeFiles/redwing.dir/Users/y.fujita/.pico-sdk/sdk/2.2.0/src/rp2_common/pico_standard_binary_info/standard_binary_info.c.o
 .binary_info.keep.__bi_ptr78
                0x1000e640        0x4 CMakeFiles/redwing.dir/Users/y.fujita/.pico-sdk/sdk/2.2.0/src/rp2_common/pico_standard_binary_info/standard_binary_info.c.o
 .binary_info.keep.__bi_ptr54
                0x1000e644        0x4 CMakeFiles/redwing.dir/Users/y.fujita/.pico-sdk/sdk/2.2.0/src/rp2_common/pico_standard_binary_info/standard_binary_info.c.o
 .binary_info.keep.__bi_ptr48
                0x1000e648        0x4 CMakeFiles/redwing.dir/Users/y.fujita/.pico-sdk/sdk/2.2.0/src/rp2_common/pico_standard_binary_info/standard_binary_info.c.o
 .binary_info.keep.__bi_ptr42
                0x1000e64c        0x4 CMakeFiles/redwing.dir/Users/y.fujita/.pico-sdk/sdk/2.2.0/src/rp2_common/pico_standard_binary_info/standard_binary_info.c.o
 .binary_info.keep.__bi_ptr34
                0x1000e650        0x4 CMakeFiles/redwing.dir/Users/y.fujita/.pico-sdk/sdk/2.2.0/src/rp2_common/pico_standard_binary_info/standard_binary_info.c.o
 .binary_info.keep.__bi_ptr26
                0x1000e654        0x4 CMakeFiles/redwing.dir/Users/y.fujita/.pico-sdk/sdk/2.2.0/src/rp2_common/pico_standard_binary_info/standard_binary_info.c.o
 *(.binary_info.*)
 .binary_info.__bi_ptr202
                0x1000e658        0x4 CMakeFiles/redwing.dir/Users/y.fujita/.pico-sdk/sdk/2.2.0/src/rp2_common/pico_stdio_usb/stdio_usb.c.o
                0x1000e65c                        __binary_info_end = .
                0x1000e65c                        . = ALIGN (0x4)

.ram_vector_table
                0x20000000       0xc0
 *(.ram_vector_table)
 .ram_vector_table
                0x20000000       0xc0 CMakeFiles/redwing.dir/Users/y.fujita/.pico-sdk/sdk/2.2.0/src/rp2_common/pico_runtime_init/runtime_init.c.o
                0x20000000                ram_vector_table

.uninitialized_data
                0x200000c0        0x0
                0x200000c0                        . = ALIGN (0x4)
 *(.uninitialized_data*)

.data           0x200000c0     0x1010 load address 0x1000e65c
                0x200000c0                        __data_start__ = .
 *(vtable)
 *(.time_critical*)
 .time_critical.mutex_try_enter