Archive member included to satisfy reference by file (symbol)

/Users/y.fujita/.pico-sdk/toolchain/14_2_Rel1/bin/../lib/gcc/arm-none-eabi/14.2.1/thumb/v6-m/nofp/libgcc.a(_dvmd_tls.o)
                              CMakeFiles/bno085_test.dir/Users/y.fujita/.pico-sdk/sdk/2.2.0/src/rp2_common/pico_divider/divider_hardware.S.o (__aeabi_idiv0)
/Users/y.fujita/.pico-sdk/toolchain/14_2_Rel1/bin/../lib/gcc/arm-none-eabi/14.2.1/../../../../arm-none-eabi/lib/thumb/v6-m/nofp/libg.a(libc_a-calloc.o)
                              CMakeFiles/bno085_test.dir/Users/y.fujita/.pico-sdk/sdk/2.2.0/src/rp2_common/pico_malloc/malloc.c.o (calloc)
/Users/y.fujita/.pico-sdk/toolchain/14_2_Rel1/bin/../lib/gcc/arm-none-eabi/14.2.1/../../../../arm-none-eabi/lib/thumb/v6-m/nofp/libg.a(libc_a-callocr.o)
                              /Users/y.fujita/.pico-sdk/toolchain/14_2_Rel1/bin/../lib/gcc/arm-none-eabi/14.2.1/../../../../arm-none-eabi/lib/thumb/v6-m/nofp/libg.a(libc_a-calloc.o) (_calloc_r)
/Users/y.fujita/.pico-sdk/toolchain/14_2_Rel1/bin/../lib/gcc/arm-none-eabi/14.2.1/../../../../arm-none-eabi/lib/thumb/v6-m/nofp/libg.a(libc_a-malloc.o)
                              CMakeFiles/bno085_test.dir/Users/y.fujita/.pico-sdk/sdk/2.2.0/src/rp2_common/pico_malloc/malloc.c.o (malloc)
/Users/y.fujita/.pico-sdk/toolchain/14_2_Rel1/bin/../lib/gcc/arm-none-eabi/14.2.1/../../../../arm-none-eabi/lib/thumb/v6-m/nofp/libg.a(libc_a-mallocr.o)
                              /Users/y.fujita/.pico-sdk/toolchain/14_2_Rel1/bin/../lib/gcc/arm-none-eabi/14.2.1/../../../../arm-none-eabi/lib/thumb/v6-m/nofp/libg.a(libc_a-callocr.o) (_malloc_r)
/Users/y.fujita/.pico-sdk/toolchain/14_2_Rel1/bin/../lib/gcc/arm-none-eabi/14.2.1/../../../../arm-none-eabi/lib/thumb/v6-m/nofp/libg.a(libc_a-mlock.o)
                              /Users/y.fujita/.pico-sdk/toolchain/14_2_Rel1/bin/../lib/gcc/arm-none-eabi/14.2.1/../../../../arm-none-eabi/lib/thumb/v6-m/nofp/libg.a(libc_a-mallocr.o) (__malloc_lock)
/Users/y.fujita/.pico-sdk/toolchain/14_2_Rel1/bin/../lib/gcc/arm-none-eabi/14.2.1/../../../../arm-none-eabi/lib/thumb/v6-m/nofp/libg.a(libc_a-realloc.o)
                              CMakeFiles/bno085_test.dir/Users/y.fujita/.pico-sdk/sdk/2.2.0/src/rp2_common/pico_malloc/malloc.c.o (realloc)
/Users/y.fujita/.pico-sdk/toolchain/14_2_Rel1/bin/../lib/gcc/arm-none-eabi/14.2.1/../../../../arm-none-eabi/lib/thumb/v6-m/nofp/libg.a(libc_a-reallocr.o)
                              /Users/y.fujita/.pico-sdk/toolchain/14_2_Rel1/bin/../lib/gcc/arm-none-eabi/14.2.1/../../../../arm-none-eabi/lib/thumb/v6-m/nofp/libg.a(libc_a-realloc.o) (_realloc_r)
/Users/y.fujita/.pico-sdk/toolchain/14_2_Rel1/bin/../lib/gcc/arm-none-eabi/14.2.1/../../../../arm-none-eabi/lib/thumb/v6-m/nofp/libg.a(libc_a-memcmp.o)
                              CMakeFiles/bno085_test.dir/Users/y.fujita/.pico-sdk/sdk/2.2.0/src/rp2_common/pico_atomic/atomic.c.o (memcmp)
/Users/y.fujita/.pico-sdk/toolchain/14_2_Rel1/bin/../lib/gcc/arm-none-eabi/14.2.1/../../../../arm-none-eabi/lib/thumb/v6-m/nofp/libg.a(libc_a-memmove.o)
                              CMakeFiles/bno085_test.dir/bno085_test.c.o (memmove)
/Users/y.fujita/.pico-sdk/toolchain/14_2_Rel1/bin/../lib/gcc/arm-none-eabi/14.2.1/../../../../arm-none-eabi/lib/thumb/v6-m/nofp/libg.a(libc_a-lcltime_r.o)
                              CMakeFiles/bno085_test.dir/Users/y.fujita/.pico-sdk/sdk/2.2.0/src/common/pico_util/datetime.c.o (localtime_r)
/Users/y.fujita/.pico-sdk/toolchain/14_2_Rel1/bin/../lib/gcc/arm-none-eabi/14.2.1/../../../../arm-none-eabi/lib/thumb/v6-m/nofp/libg.a(libc_a-mktime.o)
                              CMakeFiles/bno085_test.dir/Users/y.fujita/.pico-sdk/sdk/2.2.0/src/common/pico_util/datetime.c.o (mktime)
/Users/y.fujita/.pico-sdk/toolchain/14_2_Rel1/bin/../lib/gcc/arm-none-eabi/14.2.1/../../../../arm-none-eabi/lib/thumb/v6-m/nofp/libg.a(libc_a-month_lengths.o)
                              /Users/y.fujita/.pico-sdk/toolchain/14_2_Rel1/bin/../lib/gcc/arm-none-eabi/14.2.1/../../../../arm-none-eabi/lib/thumb/v6-m/nofp/libg.a(libc_a-lcltime_r.o) (__month_lengths)
/Users/y.fujita/.pico-sdk/toolchain/14_2_Rel1/bin/../lib/gcc/arm-none-eabi/14.2.1/../../../../arm-none-eabi/lib/thumb/v6-m/nofp/libg.a(libc_a-tzcalc_limits.o)
                              /Users/y.fujita/.pico-sdk/toolchain/14_2_Rel1/bin/../lib/gcc/arm-none-eabi/14.2.1/../../../../arm-none-eabi/lib/thumb/v6-m/nofp/libg.a(libc_a-lcltime_r.o) (__tzcalc_limits)
/Users/y.fujita/.pico-sdk/toolchain/14_2_Rel1/bin/../lib/gcc/arm-none-eabi/14.2.1/../../../../arm-none-eabi/lib/thumb/v6-m/nofp/libg.a(libc_a-tzlock.o)
                              /Users/y.fujita/.pico-sdk/toolchain/14_2_Rel1/bin/../lib/gcc/arm-none-eabi/14.2.1/../../../../arm-none-eabi/lib/thumb/v6-m/nofp/libg.a(libc_a-lcltime_r.o) (__tz_lock)
/Users/y.fujita/.pico-sdk/toolchain/14_2_Rel1/bin/../lib/gcc/arm-none-eabi/14.2.1/../../../../arm-none-eabi/lib/thumb/v6-m/nofp/libg.a(libc_a-tzset.o)
[...]
Memory Configuration

Name             Origin             Length             Attributes
FLASH            0x10000000         0x00200000         xr
RAM              0x20000000         0x00040000         xrw
SCRATCH_X        0x20040000         0x00001000         xrw
SCRATCH_Y        0x20041000         0x00001000         xrw
*default*        0x00000000         0xffffffff

Linker script and memory map

LOAD /Users/y.fujita/.pico-sdk/toolchain/14_2_Rel1/bin/../lib/gcc/arm-none-eabi/14.2.1/thumb/v6-m/nofp/crti.o
LOAD /Users/y.fujita/.pico-sdk/toolchain/14_2_Rel1/bin/../lib/gcc/arm-none-eabi/14.2.1/thumb/v6-m/nofp/crtbegin.o
LOAD /Users/y.fujita/.pico-sdk/toolchain/14_2_Rel1/bin/../lib/gcc/arm-none-eabi/14.2.1/../../../../arm-none-eabi/lib/thumb/v6-m/nofp/crt0.o

.flash_begin    0x10000000        0x0
                0x10000000                        __flash_binary_start = .

.boot2          0x10000000      0x100
                0x10000000                        __boot2_start__ = .
 *(.boot2)
 .boot2         0x10000000      0x100 pico-sdk/src/rp2040/boot_stage2/CMakeFiles/bs2_default_library.dir/bs2_default_padded_checksummed.S.o
                0x10000100                        __boot2_end__ = .
                0x00000001                        ASSERT (((__boot2_end__ - __boot2_start__) == 0x100), ERROR: Pico second stage bootloader must be 256 bytes in size)

.text           0x10000100     0x75fc
                0x10000100                        __logical_binary_start = .
 *(.vectors)
 .vectors       0x10000100       0xd4 CMakeFiles/bno085_test.dir/Users/y.fujita/.pico-sdk/sdk/2.2.0/src/rp2_common/pico_crt0/crt0.S.o
                0x10000100                __VECTOR_TABLE
                0x10000100                __vectors
                0x100001c0                isr_irq13
                0x100001c0                isr_irq27
                0x100001c0                isr_irq31
                0x100001c0                isr_irq5
                0x100001c0                isr_irq11
                0x100001c0                isr_irq23
                0x100001c0                isr_irq18
                0x100001c0                isr_irq9
                0x100001c0                __unhandled_user_irq
                0x100001c0                isr_irq25
                0x100001c0                isr_irq4
                0x100001c0                isr_irq16
                0x100001c0                isr_irq29
                0x100001c0                isr_irq26
                0x100001c0                isr_irq3
                0x100001c0                isr_irq12
                0x100001c0                isr_irq30
                0x100001c0                isr_irq28
                0x100001c0                isr_irq19
                0x100001c0                isr_irq0
                0x100001c0                isr_irq6
                0x100001c0                isr_irq22
                0x100001c0                isr_irq17
                0x100001c0                isr_irq14
                0x100001c0                __vectors_end
                0x100001c0                __default_isrs_start
                0x100001c0                isr_irq2
                0x100001c0                isr_irq10
                0x100001c0                isr_irq8
                0x100001c0                isr_irq24
                0x100001c0                isr_irq1
                0x100001c0                isr_irq7
                0x100001c0                isr_irq21
                0x100001c0                isr_irq20
                0x100001c0                isr_irq15
                0x100001c6                unhandled_user_irq_num_in_r0
                0x100001c8                isr_invalid
                0x100001ca                isr_nmi
                0x100001cc                isr_hardfault
                0x100001ce                isr_svcall
                0x100001d0                isr_pendsv
                0x100001d2                isr_systick
                0x100001d4                __default_isrs_end
 *(.binary_info_header)
 .binary_info_header
                0x100001d4       0x14 CMakeFiles/bno085_test.dir/Users/y.fujita/.pico-sdk/sdk/2.2.0/src/rp2_common/pico_crt0/crt0.S.o
                0x100001e8                        __binary_info_header_end = .
 *(.embedded_block)
                0x100001e8                        __embedded_block_end = .
 *(.reset)
 .reset         0x100001e8       0x9c CMakeFiles/bno085_test.dir/Users/y.fujita/.pico-sdk/sdk/2.2.0/src/rp2_common/pico_crt0/crt0.S.o
                0x100001e8                _entry_point
 *(.init)
 .init          0x10000284        0x4 /Users/y.fujita/.pico-sdk/toolchain/14_2_Rel1/bin/../lib/gcc/arm-none-eabi/14.2.1/thumb/v6-m/nofp/crti.o
                0x10000284                _init
 *(EXCLUDE_FILE(*libm.a: *libc.a:*lib_a-mem*.o *libgcc.a:) .text*)
 .text.register_tm_clones
                0x10000288       0x28 /Users/y.fujita/.pico-sdk/toolchain/14_2_Rel1/bin/../lib/gcc/arm-none-eabi/14.2.1/thumb/v6-m/nofp/crtbegin.o
 .text.frame_dummy
                0x100002b0       0x24 /Users/y.fujita/.pico-sdk/toolchain/14_2_Rel1/bin/../lib/gcc/arm-none-eabi/14.2.1/thumb/v6-m/nofp/crtbegin.o
 .text.startup.main
                0x100002d4      0x668 CMakeFiles/bno085_test.dir/bno085_test.c.o
                0x100002d4                main
 .text.gpio_set_function
                0x1000093c       0x34 CMakeFiles/bno085_test.dir/Users/y.fujita/.pico-sdk/sdk/2.2.0/src/rp2_common/hardware_gpio/gpio.c.o
                0x1000093c                gpio_set_function
 .text.gpio_set_pulls
                0x10000970       0x28 CMakeFiles/bno085_test.dir/Users/y.fujita/.pico-sdk/sdk/2.2.0/src/rp2_common/hardware_gpio/gpio.c.o
                0x10000970                gpio_set_pulls
 .text.rp2040_chip_version
                0x10000998        0xc CMakeFiles/bno085_test.dir/Users/y.fujita/.pico-sdk/sdk/2.2.0/src/rp2040/pico_platform/platform.c.o
                0x10000998                rp2040_chip_version
 .text.panic    0x100009a4       0x30 CMakeFiles/bno085_test.dir/Users/y.fujita/.pico-sdk/sdk/2.2.0/src/rp2_common/pico_platform_panic/panic.c.o
                0x100009a4                panic
 .text.hw_claim_or_assert
                0x100009d4       0x44 CMakeFiles/bno085_test.dir/Users/y.fujita/.pico-sdk/sdk/2.2.0/src/common/hardware_claim/claim.c.o
                0x100009d4                hw_claim_or_assert
 .text.hw_claim_unused_from_range
                0x10000a18       0x88 CMakeFiles/bno085_test.dir/Users/y.fujita/.pico-sdk/sdk/2.2.0/src/common/hardware_claim/claim.c.o
                0x10000a18                hw_claim_unused_from_range
 .text.next_striped_spin_lock_num
                0x10000aa0       0x18 CMakeFiles/bno085_test.dir/Users/y.fujita/.pico-sdk/sdk/2.2.0/src/rp2_common/hardware_sync/sync.c.o
                0x10000aa0                next_striped_spin_lock_num
 .text.spin_lock_claim_unused
                0x10000ab8       0x24 CMakeFiles/bno085_test.dir/Users/y.fujita/.pico-sdk/sdk/2.2.0/src/rp2_common/hardware_sync/sync.c.o
                0x10000ab8                spin_lock_claim_unused
 .text.spin_locks_reset
                0x10000adc       0x1c CMakeFiles/bno085_test.dir/Users/y.fujita/.pico-sdk/sdk/2.2.0/src/rp2_common/hardware_sync_spin_lock/sync_spin_lock.c.o
                0x10000adc                spin_locks_reset
 .text.runtime_init_per_core_irq_priorities
                0x10000af8       0x24 CMakeFiles/bno085_test.dir/Users/y.fujita/.pico-sdk/sdk/2.2.0/src/rp2_common/hardware_irq/irq.c.o
                0x10000af8                runtime_init_per_core_irq_priorities
 .text.irq_set_enabled
                0x10000b1c       0x24 CMakeFiles/bno085_test.dir/Users/y.fujita/.pico-sdk/sdk/2.2.0/src/rp2_common/hardware_irq/irq.c.o
                0x10000b1c                irq_set_enabled
 .text.irq_is_enabled
                0x10000b40       0x18 CMakeFiles/bno085_test.dir/Users/y.fujita/.pico-sdk/sdk/2.2.0/src/rp2_common/hardware_irq/irq.c.o
                0x10000b40                irq_is_enabled
 .text.irq_set_pending
                0x10000b58       0x10 CMakeFiles/bno085_test.dir/Users/y.fujita/.pico-sdk/sdk/2.2.0/src/rp2_common/hardware_irq/irq.c.o
                0x10000b58                irq_set_pending
 .text.irq_has_shared_handler
                0x10000b68       0x24 CMakeFiles/bno085_test.dir/Users/y.fujita/.pico-sdk/sdk/2.2.0/src/rp2_common/hardware_irq/irq.c.o
                0x10000b68                irq_has_shared_handler
 .text.irq_set_exclusive_handler
                0x10000b8c       0x54 CMakeFiles/bno085_test.dir/Users/y.fujita/.pico-sdk/sdk/2.2.0/src/rp2_common/hardware_irq/irq.c.o
                0x10000b8c                irq_set_exclusive_handler
 .text.irq_add_shared_handler
                0x10000be0      0x1f4 CMakeFiles/bno085_test.dir/Users/y.fujita/.pico-sdk/sdk/2.2.0/src/rp2_common/hardware_irq/irq.c.o
                0x10000be0                irq_add_shared_handler
 .text.irq_add_tail_to_free_list
                0x10000dd4       0xb4 CMakeFiles/bno085_test.dir/Users/y.fujita/.pico-sdk/sdk/2.2.0/src/rp2_common/hardware_irq/irq.c.o
                0x10000dd4                irq_add_tail_to_free_list
 .text.user_irq_claim_unused
                0x10000e88       0x2c CMakeFiles/bno085_test.dir/Users/y.fujita/.pico-sdk/sdk/2.2.0/src/rp2_common/hardware_irq/irq.c.o
                0x10000e88                user_irq_claim_unused
 .text.lock_init
                0x10000eb4       0x10 CMakeFiles/bno085_test.dir/Users/y.fujita/.pico-sdk/sdk/2.2.0/src/common/pico_sync/lock_core.c.o
                0x10000eb4                lock_init
 .text.runtime_init_mutex
                0x10000ec4       0x50 CMakeFiles/bno085_test.dir/Users/y.fujita/.pico-sdk/sdk/2.2.0/src/common/pico_sync/mutex.c.o
                0x10000ec4                runtime_init_mutex
 .text.mutex_init
                0x10000f14       0x1c CMakeFiles/bno085_test.dir/Users/y.fujita/.pico-sdk/sdk/2.2.0/src/common/pico_sync/mutex.c.o
                0x10000f14                mutex_init
 .text.critical_section_init
                0x10000f30       0x1c CMakeFiles/bno085_test.dir/Users/y.fujita/.pico-sdk/sdk/2.2.0/src/common/pico_sync/critical_section.c.o
                0x10000f30                critical_section_init
 .text.critical_section_init_with_lock_num
                0x10000f4c       0x14 CMakeFiles/bno085_test.dir/Users/y.fujita/.pico-sdk/sdk/2.2.0/src/common/pico_sync/critical_section.c.o
                0x10000f4c                critical_section_init_with_lock_num
 .text.sleep_until_callback
                0x10000f60       0x30 CMakeFiles/bno085_test.dir/Users/y.fujita/.pico-sdk/sdk/2.2.0/src/common/pico_time/time.c.o
 .text.alarm_pool_irq_handler
                0x10000f90      0x300 CMakeFiles/bno085_test.dir/Users/y.fujita/.pico-sdk/sdk/2.2.0/src/common/pico_time/time.c.o
 .text.runtime_init_default_alarm_pool
                0x10001290       0xdc CMakeFiles/bno085_test.dir/Users/y.fujita/.pico-sdk/sdk/2.2.0/src/common/pico_time/time.c.o
                0x10001290                runtime_init_default_alarm_pool
 .text.alarm_pool_get_default
                0x1000136c        0x8 CMakeFiles/bno085_test.dir/Users/y.fujita/.pico-sdk/sdk/2.2.0/src/common/pico_time/time.c.o
                0x1000136c                alarm_pool_get_default
 .text.alarm_pool_add_alarm_at
                0x10001374       0xd0 CMakeFiles/bno085_test.dir/Users/y.fujita/.pico-sdk/sdk/2.2.0/src/common/pico_time/time.c.o
                0x10001374                alarm_pool_add_alarm_at
 .text.alarm_pool_add_alarm_at_force_in_context
                0x10001444       0xb0 CMakeFiles/bno085_test.dir/Users/y.fujita/.pico-sdk/sdk/2.2.0/src/common/pico_time/time.c.o
                0x10001444                alarm_pool_add_alarm_at_force_in_context
 .text.alarm_pool_cancel_alarm
                0x100014f4       0x74 CMakeFiles/bno085_test.dir/Users/y.fujita/.pico-sdk/sdk/2.2.0/src/common/pico_time/time.c.o
                0x100014f4                alarm_pool_cancel_alarm
 .text.alarm_pool_core_num
                0x10001568        0x4 CMakeFiles/bno085_test.dir/Users/y.fujita/.pico-sdk/sdk/2.2.0/src/common/pico_time/time.c.o
                0x10001568                alarm_pool_core_num
 .text.sleep_ms
                0x1000156c       0xfc CMakeFiles/bno085_test.dir/Users/y.fujita/.pico-sdk/sdk/2.2.0/src/common/pico_time/time.c.o
                0x1000156c                sleep_ms
 .text.best_effort_wfe_or_timeout
                0x10001668      0x10c CMakeFiles/bno085_test.dir/Users/y.fujita/.pico-sdk/sdk/2.2.0/src/common/pico_time/time.c.o
                0x10001668                best_effort_wfe_or_timeout
 .text.check_single_timeout_us
                0x10001774       0x24 CMakeFiles/bno085_test.dir/Users/y.fujita/.pico-sdk/sdk/2.2.0/src/common/pico_time/timeout_helper.c.o
 .text.init_single_timeout_until
                0x10001798        0xc CMakeFiles/bno085_test.dir/Users/y.fujita/.pico-sdk/sdk/2.2.0/src/common/pico_time/timeout_helper.c.o
                0x10001798                init_single_timeout_until
 .text.timer_hardware_alarm_claim
                0x100017a4       0x14 CMakeFiles/bno085_test.dir/Users/y.fujita/.pico-sdk/sdk/2.2.0/src/rp2_common/hardware_timer/timer.c.o
                0x100017a4                timer_hardware_alarm_claim
 .text.timer_time_us_64
                0x100017b8       0x10 CMakeFiles/bno085_test.dir/Users/y.fujita/.pico-sdk/sdk/2.2.0/src/rp2_common/hardware_timer/timer.c.o
                0x100017b8                timer_time_us_64
 .text.time_us_64
                0x100017c8       0x14 CMakeFiles/bno085_test.dir/Users/y.fujita/.pico-sdk/sdk/2.2.0/src/rp2_common/hardware_timer/timer.c.o
                0x100017c8                time_us_64
 .text.busy_wait_until
                0x100017dc       0x20 CMakeFiles/bno085_test.dir/Users/y.fujita/.pico-sdk/sdk/2.2.0/src/rp2_common/hardware_timer/timer.c.o
                0x100017dc                busy_wait_until
 .text.clock_configure_int_divider
                0x100017fc       0xf4 CMakeFiles/bno085_test.dir/Users/y.fujita/.pico-sdk/sdk/2.2.0/src/rp2_common/hardware_clocks/clocks.c.o
                0x100017fc                clock_configure_int_divider
 .text.clock_configure_undivided
                0x100018f0       0xe8 CMakeFiles/bno085_test.dir/Users/y.fujita/.pico-sdk/sdk/2.2.0/src/rp2_common/hardware_clocks/clocks.c.o
                0x100018f0                clock_configure_undivided
 .text.clock_get_hz
                0x100019d8        0xc CMakeFiles/bno085_test.dir/Users/y.fujita/.pico-sdk/sdk/2.2.0/src/rp2_common/hardware_clocks/clocks.c.o
                0x100019d8                clock_get_hz
 .text.pll_init
                0x100019e4       0xa4 CMakeFiles/bno085_test.dir/Users/y.fujita/.pico-sdk/sdk/2.2.0/src/rp2_common/hardware_pll/pll.c.o
                0x100019e4                pll_init
 .text.watchdog_reboot
                0x10001a88       0x9c CMakeFiles/bno085_test.dir/Users/y.fujita/.pico-sdk/sdk/2.2.0/src/rp2_common/hardware_watchdog/watchdog.c.o
                0x10001a88                watchdog_reboot
 .text.tick_start
                0x10001b24       0x10 CMakeFiles/bno085_test.dir/Users/y.fujita/.pico-sdk/sdk/2.2.0/src/rp2_common/hardware_ticks/ticks.c.o
                0x10001b24                tick_start
 .text.rom_func_lookup
                0x10001b34       0x10 CMakeFiles/bno085_test.dir/Users/y.fujita/.pico-sdk/sdk/2.2.0/src/rp2_common/pico_bootrom/bootrom.c.o
                0x10001b34                rom_func_lookup
 .text.rom_data_lookup
                0x10001b44       0x10 CMakeFiles/bno085_test.dir/Users/y.fujita/.pico-sdk/sdk/2.2.0/src/rp2_common/pico_bootrom/bootrom.c.o
                0x10001b44                rom_data_lookup
 .text.rom_funcs_lookup
                0x10001b54       0x44 CMakeFiles/bno085_test.dir/Users/y.fujita/.pico-sdk/sdk/2.2.0/src/rp2_common/pico_bootrom/bootrom.c.o
                0x10001b54                rom_funcs_lookup
 .text.rom_reset_usb_boot_extra
                0x10001b98       0x24 CMakeFiles/bno085_test.dir/Users/y.fujita/.pico-sdk/sdk/2.2.0/src/rp2_common/pico_bootrom/bootrom.c.o
                0x10001b98                rom_reset_usb_boot_extra
 .text.xosc_init
                0x10001bbc       0x28 CMakeFiles/bno085_test.dir/Users/y.fujita/.pico-sdk/sdk/2.2.0/src/rp2_common/hardware_xosc/xosc.c.o
                0x10001bbc                xosc_init
 .text.first_per_core_initializer
                0x10001be4        0x4 CMakeFiles/bno085_test.dir/Users/y.fujita/.pico-sdk/sdk/2.2.0/src/rp2_common/pico_runtime/runtime.c.o
 .text.hard_assertion_failure
                0x10001be8        0xc CMakeFiles/bno085_test.dir/Users/y.fujita/.pico-sdk/sdk/2.2.0/src/rp2_common/pico_runtime/runtime.c.o
                0x10001be8                hard_assertion_failure
 .text.runtime_run_initializers
                0x10001bf4       0x28 CMakeFiles/bno085_test.dir/Users/y.fujita/.pico-sdk/sdk/2.2.0/src/rp2_common/pico_runtime/runtime.c.o
                0x10001bf4                runtime_run_initializers
 .text.runtime_init_early_resets
                0x10001c1c       0x2c CMakeFiles/bno085_test.dir/Users/y.fujita/.pico-sdk/sdk/2.2.0/src/rp2_common/pico_runtime_init/runtime_init.c.o
                0x10001c1c                runtime_init_early_resets
 .text.runtime_init_usb_power_down
                0x10001c48       0x1c CMakeFiles/bno085_test.dir/Users/y.fujita/.pico-sdk/sdk/2.2.0/src/rp2_common/pico_runtime_init/runtime_init.c.o
                0x10001c48                runtime_init_usb_power_down
 .text.runtime_init_post_clock_resets
                0x10001c64       0x20 CMakeFiles/bno085_test.dir/Users/y.fujita/.pico-sdk/sdk/2.2.0/src/rp2_common/pico_runtime_init/runtime_init.c.o
                0x10001c64                runtime_init_post_clock_resets
 .text.runtime_init_rp2040_gpio_ie_disable
                0x10001c84       0x14 CMakeFiles/bno085_test.dir/Users/y.fujita/.pico-sdk/sdk/2.2.0/src/rp2_common/pico_runtime_init/runtime_init.c.o
                0x10001c84                runtime_init_rp2040_gpio_ie_disable
 .text.runtime_init_spin_locks_reset
                0x10001c98        0x8 CMakeFiles/bno085_test.dir/Users/y.fujita/.pico-sdk/sdk/2.2.0/src/rp2_common/pico_runtime_init/runtime_init.c.o
                0x10001c98                runtime_init_spin_locks_reset
 .text.runtime_init_install_ram_vector_table
                0x10001ca0       0xb4 CMakeFiles/bno085_test.dir/Users/y.fujita/.pico-sdk/sdk/2.2.0/src/rp2_common/pico_runtime_init/runtime_init.c.o
                0x10001ca0                runtime_init_install_ram_vector_table
 .text.runtime_init_clocks
                0x10001d54       0xd8 CMakeFiles/bno085_test.dir/Users/y.fujita/.pico-sdk/sdk/2.2.0/src/rp2_common/pico_runtime_init/runtime_init_clocks.c.o
                0x10001d54                runtime_init_clocks
 .text          0x10001e2c       0x10 CMakeFiles/bno085_test.dir/Users/y.fujita/.pico-sdk/sdk/2.2.0/src/rp2_common/pico_bit_ops/bit_ops_aeabi.S.o
 .text.__wrap___aeabi_idiv
                0x10001e3c       0x50 CMakeFiles/bno085_test.dir/Users/y.fujita/.pico-sdk/sdk/2.2.0/src/rp2_common/pico_divider/divider_hardware.S.o
                0x10001e3c                __wrap___aeabi_idivmod
                0x10001e3c                divmod_s32s32
                0x10001e3c                div_s32s32
                0x10001e3c                __wrap___aeabi_idiv
                0x10001e44                divmod_s32s32_unsafe
                0x10001e70                divmod_s32s32_savestate
 .text.__wrap___aeabi_uidiv
                0x10001e8c       0x4c CMakeFiles/bno085_test.dir/Users/y.fujita/.pico-sdk/sdk/2.2.0/src/rp2_common/pico_divider/divider_hardware.S.o
                0x10001e8c                __wrap___aeabi_uidiv
                0x10001e8c                __wrap___aeabi_uidivmod
                0x10001e8c                div_u32u32
                0x10001e8c                divmod_u32u32
                0x10001e94                divmod_u32u32_unsafe
                0x10001ebc                divmod_u32u32_savestate
 .text.__wrap___aeabi_ldiv
                0x10001ed8      0x424 CMakeFiles/bno085_test.dir/Users/y.fujita/.pico-sdk/sdk/2.2.0/src/rp2_common/pico_divider/divider_hardware.S.o
                0x10001ed8                __wrap___aeabi_ldivmod
                0x10001ed8                div_s64s64
                0x10001ed8                divmod_s64s64
                0x10001f08                divmod_u64u64
                0x10001f08                div_u64u64
                0x10001f08                __wrap___aeabi_uldivmod
                0x10001f18                divmod_u64u64_savestate
                0x10001f38                divmod_s64s64_unsafe
                0x10001fc0                divmod_u64u64_unsafe
 .text.__wrap___aeabi_darithmetic
                0x100022fc       0x80 CMakeFiles/bno085_test.dir/Users/y.fujita/.pico-sdk/sdk/2.2.0/src/rp2_common/pico_double/double_aeabi_rp2040.S.o
                0x100022fc                __wrap___aeabi_drsub
                0x10002302                __wrap___aeabi_dsub
                0x10002314                __wrap___aeabi_dadd
                0x10002326                __wrap___aeabi_ddiv
                0x10002362                __wrap___aeabi_dmul
 .text.__wrap___aeabi_cdcmple
                0x1000237c       0x6c CMakeFiles/bno085_test.dir/Users/y.fujita/.pico-sdk/sdk/2.2.0/src/rp2_common/pico_double/double_aeabi_rp2040.S.o
                0x1000237c                __wrap___aeabi_cdrcmple
                0x1000238c                __wrap___aeabi_cdcmple
                0x1000238c                __wrap___aeabi_cdcmpeq
 .text.__wrap___aeabi_dcmplt
                0x100023e8        0xc CMakeFiles/bno085_test.dir/Users/y.fujita/.pico-sdk/sdk/2.2.0/src/rp2_common/pico_double/double_aeabi_rp2040.S.o
                0x100023e8                __wrap___aeabi_dcmplt
 .text.__wrap___aeabi_dcmple
                0x100023f4       0x10 CMakeFiles/bno085_test.dir/Users/y.fujita/.pico-sdk/sdk/2.2.0/src/rp2_common/pico_double/double_aeabi_rp2040.S.o
                0x100023f4                __wrap___aeabi_dcmple
 .text.__wrap___aeabi_dcmpge
                0x10002404       0x10 CMakeFiles/bno085_test.dir/Users/y.fujita/.pico-sdk/sdk/2.2.0/src/rp2_common/pico_double/double_aeabi_rp2040.S.o
                0x10002404                __wrap___aeabi_dcmpge
 .text.__wrap___aeabi_dcmpgt
                0x10002414        0xa CMakeFiles/bno085_test.dir/Users/y.fujita/.pico-sdk/sdk/2.2.0/src/rp2_common/pico_double/double_aeabi_rp2040.S.o
                0x10002414                __wrap___aeabi_dcmpgt
 .text.__wrap___aeabi_dcmpun
                0x1000241e       0x18 CMakeFiles/bno085_test.dir/Users/y.fujita/.pico-sdk/sdk/2.2.0/src/rp2_common/pico_double/double_aeabi_rp2040.S.o
                0x1000241e                __wrap___aeabi_dcmpun
 *fill*         0x10002436        0x2 
 .text.__wrap___aeabi_i2d
                0x10002438       0x38 CMakeFiles/bno085_test.dir/Users/y.fujita/.pico-sdk/sdk/2.2.0/src/rp2_common/pico_double/double_aeabi_rp2040.S.o
                0x10002438                __wrap___aeabi_ui2d
                0x10002438                uint2double
                0x10002440                __wrap___aeabi_i2d
                0x10002440                int2double
 .text.__wrap___aeabi_d2iz
                0x10002470       0x48 CMakeFiles/bno085_test.dir/Users/y.fujita/.pico-sdk/sdk/2.2.0/src/rp2_common/pico_double/double_aeabi_rp2040.S.o
                0x10002470                __wrap___aeabi_d2iz
                0x10002470                double2int_z
 .text.__wrap___aeabi_d2uiz
                0x100024b8       0x18 CMakeFiles/bno085_test.dir/Users/y.fujita/.pico-sdk/sdk/2.2.0/src/rp2_common/pico_double/double_aeabi_rp2040.S.o
                0x100024b8                double2uint_z
                0x100024b8                double2uint
                0x100024b8                __wrap___aeabi_d2uiz
 .text.__aeabi_double_init
                0x100024d0       0xa4 CMakeFiles/bno085_test.dir/Users/y.fujita/.pico-sdk/sdk/2.2.0/src/rp2_common/pico_double/double_init_rom_rp2040.c.o
                0x100024d0                __aeabi_double_init
 .text.double_table_shim_on_use_helper
                0x10002574       0x2c CMakeFiles/bno085_test.dir/Users/y.fujita/.pico-sdk/sdk/2.2.0/src/rp2_common/pico_double/double_v1_rom_shim_rp2040.S.o
                0x10002574                double_table_shim_on_use_helper
 .text.__wrap___aeabi_dsub
                0x100025a0       0x10 CMakeFiles/bno085_test.dir/Users/y.fujita/.pico-sdk/sdk/2.2.0/src/rp2_common/pico_double/double_v1_rom_shim_rp2040.S.o
                0x100025a0                drsub_shim
                0x100025a6                dsub_shim
 .text.dadd_shim
                0x100025b0      0x15c CMakeFiles/bno085_test.dir/Users/y.fujita/.pico-sdk/sdk/2.2.0/src/rp2_common/pico_double/double_v1_rom_shim_rp2040.S.o
                0x100025b0                dadd_shim
 .text.dmul_shim
                0x1000270c      0x15c CMakeFiles/bno085_test.dir/Users/y.fujita/.pico-sdk/sdk/2.2.0/src/rp2_common/pico_double/double_v1_rom_shim_rp2040.S.o
                0x1000270c                dmul_shim
 .text.ddiv_shim
                0x10002868      0x1b0 CMakeFiles/bno085_test.dir/Users/y.fujita/.pico-sdk/sdk/2.2.0/src/rp2_common/pico_double/double_v1_rom_shim_rp2040.S.o
                0x10002868                ddiv_shim
 .text.double2uint_shim
                0x10002a18        0xe CMakeFiles/bno085_test.dir/Users/y.fujita/.pico-sdk/sdk/2.2.0/src/rp2_common/pico_double/double_v1_rom_shim_rp2040.S.o
                0x10002a18                double2uint_shim
                0x10002a1a                double2ufix_shim
 *fill*         0x10002a26        0x2 
 .text.double2uint64_shim
                0x10002a28       0x70 CMakeFiles/bno085_test.dir/Users/y.fujita/.pico-sdk/sdk/2.2.0/src/rp2_common/pico_double/double_v1_rom_shim_rp2040.S.o
                0x10002a28                double2uint64_shim
                0x10002a2a                double2ufix64_shim
                0x10002a4a                d2fix_a
 .text.dunpacks
                0x10002a98       0x3c CMakeFiles/bno085_test.dir/Users/y.fujita/.pico-sdk/sdk/2.2.0/src/rp2_common/pico_double/double_v1_rom_shim_rp2040.S.o
                0x10002a98                dunpacks
 .text.__aeabi_lmul
                0x10002ad4       0x32 CMakeFiles/bno085_test.dir/Users/y.fujita/.pico-sdk/sdk/2.2.0/src/rp2_common/pico_int64_ops/pico_int64_ops_aeabi.S.o
                0x10002ad4                __wrap___aeabi_lmul
 *fill*         0x10002b06        0x2 
 .text.__wrap___aeabi_farithmetic
                0x10002b08       0x48 CMakeFiles/bno085_test.dir/Users/y.fujita/.pico-sdk/sdk/2.2.0/src/rp2_common/pico_float/float_aeabi_rp2040.S.o
                0x10002b08                __wrap___aeabi_frsub
                0x10002b0e                __wrap___aeabi_fsub
                0x10002b14                __wrap___aeabi_fadd
                0x10002b1a                __wrap___aeabi_fdiv
                0x10002b42                __wrap___aeabi_fmul
 .text.__wrap___aeabi_i2f
                0x10002b50       0x44 CMakeFiles/bno085_test.dir/Users/y.fujita/.pico-sdk/sdk/2.2.0/src/rp2_common/pico_float/float_aeabi_rp2040.S.o
                0x10002b50                int2float
                0x10002b50                __wrap___aeabi_i2f
 .text.__wrap___aeabi_f2d
                0x10002b94       0x14 CMakeFiles/bno085_test.dir/Users/y.fujita/.pico-sdk/sdk/2.2.0/src/rp2_common/pico_float/float_aeabi_rp2040.S.o
                0x10002b94                __wrap___aeabi_f2d
 .text.__aeabi_float_init
                0x10002ba8       0x64 CMakeFiles/bno085_test.dir/Users/y.fujita/.pico-sdk/sdk/2.2.0/src/rp2_common/pico_float/float_init_rom_rp2040.c.o
                0x10002ba8                __aeabi_float_init
 .text.float_table_shim_on_use_helper
                0x10002c0c       0x2c CMakeFiles/bno085_test.dir/Users/y.fujita/.pico-sdk/sdk/2.2.0/src/rp2_common/pico_float/float_v1_rom_shim_rp2040.S.o
                0x10002c0c                float_table_shim_on_use_helper
 .text.float2double_shim
                0x10002c38       0x30 CMakeFiles/bno085_test.dir/Users/y.fujita/.pico-sdk/sdk/2.2.0/src/rp2_common/pico_float/float_v1_rom_shim_rp2040.S.o
                0x10002c38                float2double_shim
 .text          0x10002c68       0x10 CMakeFiles/bno085_test.dir/Users/y.fujita/.pico-sdk/sdk/2.2.0/src/rp2_common/pico_mem_ops/mem_ops_aeabi.S.o
                0x10002c68                __aeabi_mem_init
 .text.memset   0x10002c78        0xc CMakeFiles/bno085_test.dir/Users/y.fujita/.pico-sdk/sdk/2.2.0/src/rp2_common/pico_mem_ops/mem_ops_aeabi.S.o
                0x10002c78                __wrap_memset
 .text.memcpy   0x10002c84        0xc CMakeFiles/bno085_test.dir/Users/y.fujita/.pico-sdk/sdk/2.2.0/src/rp2_common/pico_mem_ops/mem_ops_aeabi.S.o
                0x10002c84                __wrap___aeabi_memcpy
                0x10002c84                __wrap_memcpy
 .text._out_null
                0x10002c90        0x4 CMakeFiles/bno085_test.dir/Users/y.fujita/.pico-sdk/sdk/2.2.0/src/rp2_common/pico_printf/printf.c.o
 .text._out_rev
                0x10002c94       0xac CMakeFiles/bno085_test.dir/Users/y.fujita/.pico-sdk/sdk/2.2.0/src/rp2_common/pico_printf/printf.c.o
 .text._ntoa_format
                0x10002d40      0x1cc CMakeFiles/bno085_test.dir/Users/y.fujita/.pico-sdk/sdk/2.2.0/src/rp2_common/pico_printf/printf.c.o
 .text._out_char
                0x10002f0c       0x10 CMakeFiles/bno085_test.dir/Users/y.fujita/.pico-sdk/sdk/2.2.0/src/rp2_common/pico_printf/printf.c.o
 .text._out_fct
                0x10002f1c       0x10 CMakeFiles/bno085_test.dir/Users/y.fujita/.pico-sdk/sdk/2.2.0/src/rp2_common/pico_printf/printf.c.o
 .text._ftoa    0x10002f2c      0x4a8 CMakeFiles/bno085_test.dir/Users/y.fujita/.pico-sdk/sdk/2.2.0/src/rp2_common/pico_printf/printf.c.o
 .text._etoa    0x100033d4      0x57c CMakeFiles/bno085_test.dir/Users/y.fujita/.pico-sdk/sdk/2.2.0/src/rp2_common/pico_printf/printf.c.o
 .text._vsnprintf
                0x10003950      0xbe0 CMakeFiles/bno085_test.dir/Users/y.fujita/.pico-sdk/sdk/2.2.0/src/rp2_common/pico_printf/printf.c.o
 .text.vfctprintf
                0x10004530       0x24 CMakeFiles/bno085_test.dir/Users/y.fujita/.pico-sdk/sdk/2.2.0/src/rp2_common/pico_printf/printf.c.o
                0x10004530                vfctprintf
 .text.weak_raw_vprintf
                0x10004554       0x30 CMakeFiles/bno085_test.dir/Users/y.fujita/.pico-sdk/sdk/2.2.0/src/rp2_common/pico_printf/printf.c.o
                0x10004554                weak_raw_vprintf
 .text._exit    0x10004584        0x4 CMakeFiles/bno085_test.dir/Users/y.fujita/.pico-sdk/sdk/2.2.0/src/rp2_common/pico_clib_interface/newlib_interface.c.o
                0x10004584                _exit
 .text.exit     0x10004588        0x8 CMakeFiles/bno085_test.dir/Users/y.fujita/.pico-sdk/sdk/2.2.0/src/rp2_common/pico_clib_interface/newlib_interface.c.o
                0x10004588                exit
 .text.runtime_init
                0x10004590       0x2c CMakeFiles/bno085_test.dir/Users/y.fujita/.pico-sdk/sdk/2.2.0/src/rp2_common/pico_clib_interface/newlib_interface.c.o
                0x10004590                runtime_init
 .text.stdio_out_chars_no_crlf
                0x100045bc       0x10 CMakeFiles/bno085_test.dir/Users/y.fujita/.pico-sdk/sdk/2.2.0/src/rp2_common/pico_stdio/stdio.c.o
 .text.stdio_out_chars_crlf
                0x100045cc       0xb0 CMakeFiles/bno085_test.dir/Users/y.fujita/.pico-sdk/sdk/2.2.0/src/rp2_common/pico_stdio/stdio.c.o
 .text.stdio_buffered_printer
                0x1000467c       0x64 CMakeFiles/bno085_test.dir/Users/y.fujita/.pico-sdk/sdk/2.2.0/src/rp2_common/pico_stdio/stdio.c.o
 .text.stdio_put_string
                0x100046e0       0xfc CMakeFiles/bno085_test.dir/Users/y.fujita/.pico-sdk/sdk/2.2.0/src/rp2_common/pico_stdio/stdio.c.o
                0x100046e0                stdio_put_string
 .text.stdio_set_driver_enabled
                0x100047dc       0x30 CMakeFiles/bno085_test.dir/Users/y.fujita/.pico-sdk/sdk/2.2.0/src/rp2_common/pico_stdio/stdio.c.o
                0x100047dc                stdio_set_driver_enabled
 .text.stdio_init_all
                0x1000480c        0x8 CMakeFiles/bno085_test.dir/Users/y.fujita/.pico-sdk/sdk/2.2.0/src/rp2_common/pico_stdio/stdio.c.o
                0x1000480c                stdio_init_all
 .text.__wrap_putchar
                0x10004814       0x94 CMakeFiles/bno085_test.dir/Users/y.fujita/.pico-sdk/sdk/2.2.0/src/rp2_common/pico_stdio/stdio.c.o
                0x10004814                stdio_putchar
                0x10004814                __wrap_putchar
 .text.__wrap_puts
                0x100048a8       0x3c CMakeFiles/bno085_test.dir/Users/y.fujita/.pico-sdk/sdk/2.2.0/src/rp2_common/pico_stdio/stdio.c.o
                0x100048a8                __wrap_puts
                0x100048a8                stdio_puts
 .text.__wrap_vprintf
                0x100048e4       0xcc CMakeFiles/bno085_test.dir/Users/y.fujita/.pico-sdk/sdk/2.2.0/src/rp2_common/pico_stdio/stdio.c.o
                0x100048e4                __wrap_vprintf
                0x100048e4                stdio_vprintf
 .text.__wrap_printf
                0x100049b0       0x18 CMakeFiles/bno085_test.dir/Users/y.fujita/.pico-sdk/sdk/2.2.0/src/rp2_common/pico_stdio/stdio.c.o
                0x100049b0                stdio_printf
                0x100049b0                __wrap_printf
 .text.resetd_init
                0x100049c8        0x4 CMakeFiles/bno085_test.dir/Users/y.fujita/.pico-sdk/sdk/2.2.0/src/rp2_common/pico_stdio_usb/reset_interface.c.o
 .text.resetd_reset
                0x100049cc        0xc CMakeFiles/bno085_test.dir/Users/y.fujita/.pico-sdk/sdk/2.2.0/src/rp2_common/pico_stdio_usb/reset_interface.c.o
 .text.resetd_open
                0x100049d8       0x28 CMakeFiles/bno085_test.dir/Users/y.fujita/.pico-sdk/sdk/2.2.0/src/rp2_common/pico_stdio_usb/reset_interface.c.o
 .text.resetd_xfer_cb
                0x10004a00        0x4 CMakeFiles/bno085_test.dir/Users/y.fujita/.pico-sdk/sdk/2.2.0/src/rp2_common/pico_stdio_usb/reset_interface.c.o
 .text.resetd_control_xfer_cb
                0x10004a04       0x54 CMakeFiles/bno085_test.dir/Users/y.fujita/.pico-sdk/sdk/2.2.0/src/rp2_common/pico_stdio_usb/reset_interface.c.o
 .text.tud_descriptor_bos_cb
                0x10004a58        0x8 CMakeFiles/bno085_test.dir/Users/y.fujita/.pico-sdk/sdk/2.2.0/src/rp2_common/pico_stdio_usb/reset_interface.c.o
                0x10004a58                tud_descriptor_bos_cb
 .text.tud_vendor_control_xfer_cb
                0x10004a60       0x34 CMakeFiles/bno085_test.dir/Users/y.fujita/.pico-sdk/sdk/2.2.0/src/rp2_common/pico_stdio_usb/reset_interface.c.o
                0x10004a60                tud_vendor_control_xfer_cb
 .text.usbd_app_driver_get_cb
                0x10004a94        0xc CMakeFiles/bno085_test.dir/Users/y.fujita/.pico-sdk/sdk/2.2.0/src/rp2_common/pico_stdio_usb/reset_interface.c.o
                0x10004a94                usbd_app_driver_get_cb
 .text.tud_cdc_line_coding_cb
                0x10004aa0       0x2c CMakeFiles/bno085_test.dir/Users/y.fujita/.pico-sdk/sdk/2.2.0/src/rp2_common/pico_stdio_usb/reset_interface.c.o
                0x10004aa0                tud_cdc_line_coding_cb
 .text.stdio_usb_set_chars_available_callback
                0x10004acc       0x14 CMakeFiles/bno085_test.dir/Users/y.fujita/.pico-sdk/sdk/2.2.0/src/rp2_common/pico_stdio_usb/stdio_usb.c.o
                0x10004acc                stdio_usb_set_chars_available_callback
 .text.usb_irq  0x10004ae0       0x10 CMakeFiles/bno085_test.dir/Users/y.fujita/.pico-sdk/sdk/2.2.0/src/rp2_common/pico_stdio_usb/stdio_usb.c.o
 .text.timer_task
                0x10004af0       0x64 CMakeFiles/bno085_test.dir/Users/y.fujita/.pico-sdk/sdk/2.2.0/src/rp2_common/pico_stdio_usb/stdio_usb.c.o
 .text.stdio_usb_in_chars
                0x10004b54       0x8c CMakeFiles/bno085_test.dir/Users/y.fujita/.pico-sdk/sdk/2.2.0/src/rp2_common/pico_stdio_usb/stdio_usb.c.o
                0x10004b54                stdio_usb_in_chars
 .text.stdio_usb_out_flush
                0x10004be0       0x4c CMakeFiles/bno085_test.dir/Users/y.fujita/.pico-sdk/sdk/2.2.0/src/rp2_common/pico_stdio_usb/stdio_usb.c.o
 .text.stdio_usb_out_chars
                0x10004c2c      0x100 CMakeFiles/bno085_test.dir/Users/y.fujita/.pico-sdk/sdk/2.2.0/src/rp2_common/pico_stdio_usb/stdio_usb.c.o
 .text.low_priority_worker_irq
                0x10004d2c       0xc8 CMakeFiles/bno085_test.dir/Users/y.fujita/.pico-sdk/sdk/2.2.0/src/rp2_common/pico_stdio_usb/stdio_usb.c.o
 .text.stdio_usb_init
                0x10004df4       0xe8 CMakeFiles/bno085_test.dir/Users/y.fujita/.pico-sdk/sdk/2.2.0/src/rp2_common/pico_stdio_usb/stdio_usb.c.o
                0x10004df4                stdio_usb_init
 .text.tud_descriptor_device_cb
                0x10004edc        0x8 CMakeFiles/bno085_test.dir/Users/y.fujita/.pico-sdk/sdk/2.2.0/src/rp2_common/pico_stdio_usb/stdio_usb_descriptors.c.o
                0x10004edc                tud_descriptor_device_cb
 .text.tud_descriptor_configuration_cb
                0x10004ee4        0x8 CMakeFiles/bno085_test.dir/Users/y.fujita/.pico-sdk/sdk/2.2.0/src/rp2_common/pico_stdio_usb/stdio_usb_descriptors.c.o
                0x10004ee4                tud_descriptor_configuration_cb
 .text.tud_descriptor_string_cb
                0x10004eec       0x78 CMakeFiles/bno085_test.dir/Users/y.fujita/.pico-sdk/sdk/2.2.0/src/rp2_common/pico_stdio_usb/stdio_usb_descriptors.c.o
                0x10004eec                tud_descriptor_string_cb
 .text.startup._retrieve_unique_id_on_boot
                0x10004f64       0x10 CMakeFiles/bno085_test.dir/Users/y.fujita/.pico-sdk/sdk/2.2.0/src/rp2_common/pico_unique_id/unique_id.c.o
 .text.pico_get_unique_board_id_string
                0x10004f74      0x1a8 CMakeFiles/bno085_test.dir/Users/y.fujita/.pico-sdk/sdk/2.2.0/src/rp2_common/pico_unique_id/unique_id.c.o
                0x10004f74                pico_get_unique_board_id_string
 .text.flash_get_unique_id
                0x1000511c       0x3c CMakeFiles/bno085_test.dir/Users/y.fujita/.pico-sdk/sdk/2.2.0/src/rp2_common/hardware_flash/flash.c.o
                0x1000511c                flash_get_unique_id
 .text.dcd_init
                0x10005158       0x90 CMakeFiles/bno085_test.dir/Users/y.fujita/.pico-sdk/sdk/2.2.0/lib/tinyusb/src/portable/raspberrypi/rp2040/dcd_rp2040.c.o
                0x10005158                dcd_init
 .text.dcd_int_enable
                0x100051e8        0xc CMakeFiles/bno085_test.dir/Users/y.fujita/.pico-sdk/sdk/2.2.0/lib/tinyusb/src/portable/raspberrypi/rp2040/dcd_rp2040.c.o
                0x100051e8                dcd_int_enable
 .text.dcd_set_address
                0x100051f4       0x14 CMakeFiles/bno085_test.dir/Users/y.fujita/.pico-sdk/sdk/2.2.0/lib/tinyusb/src/portable/raspberrypi/rp2040/dcd_rp2040.c.o
                0x100051f4                dcd_set_address
 .text.dcd_sof_enable
                0x10005208       0x1c CMakeFiles/bno085_test.dir/Users/y.fujita/.pico-sdk/sdk/2.2.0/lib/tinyusb/src/portable/raspberrypi/rp2040/dcd_rp2040.c.o
                0x10005208                dcd_sof_enable
 .text.dcd_edpt0_status_complete
                0x10005224       0x1c CMakeFiles/bno085_test.dir/Users/y.fujita/.pico-sdk/sdk/2.2.0/lib/tinyusb/src/portable/raspberrypi/rp2040/dcd_rp2040.c.o
                0x10005224                dcd_edpt0_status_complete
 .text.dcd_edpt_open
                0x10005240      0x114 CMakeFiles/bno085_test.dir/Users/y.fujita/.pico-sdk/sdk/2.2.0/lib/tinyusb/src/portable/raspberrypi/rp2040/dcd_rp2040.c.o
                0x10005240                dcd_edpt_open
 .text.dcd_edpt_close_all
                0x10005354        0x8 CMakeFiles/bno085_test.dir/Users/y.fujita/.pico-sdk/sdk/2.2.0/lib/tinyusb/src/portable/raspberrypi/rp2040/dcd_rp2040.c.o
                0x10005354                dcd_edpt_close_all
 .text.dcd_edpt_xfer
                0x1000535c       0x24 CMakeFiles/bno085_test.dir/Users/y.fujita/.pico-sdk/sdk/2.2.0/lib/tinyusb/src/portable/raspberrypi/rp2040/dcd_rp2040.c.o
                0x1000535c                dcd_edpt_xfer
 .text.dcd_edpt_stall
                0x10005380       0x3c CMakeFiles/bno085_test.dir/Users/y.fujita/.pico-sdk/sdk/2.2.0/lib/tinyusb/src/portable/raspberrypi/rp2040/dcd_rp2040.c.o
                0x10005380                dcd_edpt_stall
 .text.dcd_edpt_clear_stall
                0x100053bc       0x30 CMakeFiles/bno085_test.dir/Users/y.fujita/.pico-sdk/sdk/2.2.0/lib/tinyusb/src/portable/raspberrypi/rp2040/dcd_rp2040.c.o
                0x100053bc                dcd_edpt_clear_stall
 .text.rp2040_usb_init
                0x100053ec       0x40 CMakeFiles/bno085_test.dir/Users/y.fujita/.pico-sdk/sdk/2.2.0/lib/tinyusb/src/portable/raspberrypi/rp2040/rp2040_usb.c.o
                0x100053ec                rp2040_usb_init
 .text.hw_endpoint_xfer_start
                0x1000542c       0x40 CMakeFiles/bno085_test.dir/Users/y.fujita/.pico-sdk/sdk/2.2.0/lib/tinyusb/src/portable/raspberrypi/rp2040/rp2040_usb.c.o
                0x1000542c                hw_endpoint_xfer_start
 .text.tud_event_hook_cb
                0x1000546c        0x4 CMakeFiles/bno085_test.dir/Users/y.fujita/.pico-sdk/sdk/2.2.0/lib/tinyusb/src/device/usbd.c.o
                0x1000546c                tud_event_hook_cb
 .text.tud_sof_cb
                0x10005470        0x4 CMakeFiles/bno085_test.dir/Users/y.fujita/.pico-sdk/sdk/2.2.0/lib/tinyusb/src/device/usbd.c.o
                0x10005470                tud_sof_cb
 .text.tud_descriptor_device_qualifier_cb
                0x10005474        0x4 CMakeFiles/bno085_test.dir/Users/y.fujita/.pico-sdk/sdk/2.2.0/lib/tinyusb/src/device/usbd.c.o
                0x10005474                tud_descriptor_device_qualifier_cb
 .text.tud_descriptor_other_speed_configuration_cb
                0x10005478        0x4 CMakeFiles/bno085_test.dir/Users/y.fujita/.pico-sdk/sdk/2.2.0/lib/tinyusb/src/device/usbd.c.o
                0x10005478                tud_descriptor_other_speed_configuration_cb
 .text.tud_mount_cb
                0x1000547c        0x4 CMakeFiles/bno085_test.dir/Users/y.fujita/.pico-sdk/sdk/2.2.0/lib/tinyusb/src/device/usbd.c.o
                0x1000547c                tud_mount_cb
 .text.tud_umount_cb
                0x10005480        0x4 CMakeFiles/bno085_test.dir/Users/y.fujita/.pico-sdk/sdk/2.2.0/lib/tinyusb/src/device/usbd.c.o
                0x10005480                tud_umount_cb
 .text.tud_suspend_cb
                0x10005484        0x4 CMakeFiles/bno085_test.dir/Users/y.fujita/.pico-sdk/sdk/2.2.0/lib/tinyusb/src/device/usbd.c.o
                0x10005484                tud_suspend_cb
 .text.tud_resume_cb
                0x10005488        0x4 CMakeFiles/bno085_test.dir/Users/y.fujita/.pico-sdk/sdk/2.2.0/lib/tinyusb/src/device/usbd.c.o
                0x10005488                tud_resume_cb
 .text.tud_mounted
                0x1000548c       0x10 CMakeFiles/bno085_test.dir/Users/y.fujita/.pico-sdk/sdk/2.2.0/lib/tinyusb/src/device/usbd.c.o
                0x1000548c                tud_mounted
 .text.tud_suspended
                0x1000549c       0x10 CMakeFiles/bno085_test.dir/Users/y.fujita/.pico-sdk/sdk/2.2.0/lib/tinyusb/src/device/usbd.c.o
                0x1000549c                tud_suspended
 .text.tud_rhport_init
                0x100054ac       0xf4 CMakeFiles/bno085_test.dir/Users/y.fujita/.pico-sdk/sdk/2.2.0/lib/tinyusb/src/device/usbd.c.o
                0x100054ac                tud_rhport_init
 .text.tud_task_ext
                0x100055a0      0x800 CMakeFiles/bno085_test.dir/Users/y.fujita/.pico-sdk/sdk/2.2.0/lib/tinyusb/src/device/usbd.c.o
                0x100055a0                tud_task_ext
 .text.usbd_open_edpt_pair
                0x10005da0       0x9c CMakeFiles/bno085_test.dir/Users/y.fujita/.pico-sdk/sdk/2.2.0/lib/tinyusb/src/device/usbd.c.o
                0x10005da0                usbd_open_edpt_pair
 .text.usbd_edpt_open
                0x10005e3c       0x34 CMakeFiles/bno085_test.dir/Users/y.fujita/.pico-sdk/sdk/2.2.0/lib/tinyusb/src/device/usbd.c.o
                0x10005e3c                usbd_edpt_open
 .text.usbd_edpt_claim
                0x10005e70       0x28 CMakeFiles/bno085_test.dir/Users/y.fujita/.pico-sdk/sdk/2.2.0/lib/tinyusb/src/device/usbd.c.o
                0x10005e70                usbd_edpt_claim
 .text.usbd_edpt_release
                0x10005e98       0x28 CMakeFiles/bno085_test.dir/Users/y.fujita/.pico-sdk/sdk/2.2.0/lib/tinyusb/src/device/usbd.c.o
                0x10005e98                usbd_edpt_release
 .text.usbd_edpt_xfer
                0x10005ec0       0x4c CMakeFiles/bno085_test.dir/Users/y.fujita/.pico-sdk/sdk/2.2.0/lib/tinyusb/src/device/usbd.c.o
                0x10005ec0                usbd_edpt_xfer
 .text.tud_control_status
                0x10005f0c       0x2c CMakeFiles/bno085_test.dir/Users/y.fujita/.pico-sdk/sdk/2.2.0/lib/tinyusb/src/device/usbd_control.c.o
                0x10005f0c                tud_control_status
 .text.tud_control_xfer
                0x10005f38       0xa8 CMakeFiles/bno085_test.dir/Users/y.fujita/.pico-sdk/sdk/2.2.0/lib/tinyusb/src/device/usbd_control.c.o
                0x10005f38                tud_control_xfer
 .text.usbd_control_reset
                0x10005fe0       0x14 CMakeFiles/bno085_test.dir/Users/y.fujita/.pico-sdk/sdk/2.2.0/lib/tinyusb/src/device/usbd_control.c.o
                0x10005fe0                usbd_control_reset
 .text.usbd_control_set_complete_callback
                0x10005ff4        0xc CMakeFiles/bno085_test.dir/Users/y.fujita/.pico-sdk/sdk/2.2.0/lib/tinyusb/src/device/usbd_control.c.o
                0x10005ff4                usbd_control_set_complete_callback
 .text.usbd_control_set_request
                0x10006000       0x1c CMakeFiles/bno085_test.dir/Users/y.fujita/.pico-sdk/sdk/2.2.0/lib/tinyusb/src/device/usbd_control.c.o
                0x10006000                usbd_control_set_request
 .text.usbd_control_xfer_cb
                0x1000601c       0xec CMakeFiles/bno085_test.dir/Users/y.fujita/.pico-sdk/sdk/2.2.0/lib/tinyusb/src/device/usbd_control.c.o
                0x1000601c                usbd_control_xfer_cb
 .text._prep_out_transaction.isra.0
                0x10006108       0x6c CMakeFiles/bno085_test.dir/Users/y.fujita/.pico-sdk/sdk/2.2.0/lib/tinyusb/src/class/cdc/cdc_device.c.o
 .text.tud_cdc_n_connected
                0x10006174       0x2c CMakeFiles/bno085_test.dir/Users/y.fujita/.pico-sdk/sdk/2.2.0/lib/tinyusb/src/class/cdc/cdc_device.c.o
                0x10006174                tud_cdc_n_connected
 .text.tud_cdc_n_available
                0x100061a0       0x14 CMakeFiles/bno085_test.dir/Users/y.fujita/.pico-sdk/sdk/2.2.0/lib/tinyusb/src/class/cdc/cdc_device.c.o
                0x100061a0                tud_cdc_n_available
 .text.tud_cdc_n_read
                0x100061b4       0x88 CMakeFiles/bno085_test.dir/Users/y.fujita/.pico-sdk/sdk/2.2.0/lib/tinyusb/src/class/cdc/cdc_device.c.o
                0x100061b4                tud_cdc_n_read
 .text.tud_cdc_n_write_flush
                0x1000623c       0x74 CMakeFiles/bno085_test.dir/Users/y.fujita/.pico-sdk/sdk/2.2.0/lib/tinyusb/src/class/cdc/cdc_device.c.o
                0x1000623c                tud_cdc_n_write_flush
 .text.tud_cdc_n_write
                0x100062b0       0x40 CMakeFiles/bno085_test.dir/Users/y.fujita/.pico-sdk/sdk/2.2.0/lib/tinyusb/src/class/cdc/cdc_device.c.o
                0x100062b0                tud_cdc_n_write
 .text.tud_cdc_n_write_available
                0x100062f0       0x14 CMakeFiles/bno085_test.dir/Users/y.fujita/.pico-sdk/sdk/2.2.0/lib/tinyusb/src/class/cdc/cdc_device.c.o
                0x100062f0                tud_cdc_n_write_available
 .text.cdcd_init
                0x10006304       0x70 CMakeFiles/bno085_test.dir/Users/y.fujita/.pico-sdk/sdk/2.2.0/lib/tinyusb/src/class/cdc/cdc_device.c.o
                0x10006304                cdcd_init
 .text.cdcd_deinit
                0x10006374       0x30 CMakeFiles/bno085_test.dir/Users/y.fujita/.pico-sdk/sdk/2.2.0/lib/tinyusb/src/class/cdc/cdc_device.c.o
                0x10006374                cdcd_deinit
 .text.cdcd_reset
                0x100063a4       0x4c CMakeFiles/bno085_test.dir/Users/y.fujita/.pico-sdk/sdk/2.2.0/lib/tinyusb/src/class/cdc/cdc_device.c.o
                0x100063a4                cdcd_reset
 .text.cdcd_open
                0x100063f0       0xa4 CMakeFiles/bno085_test.dir/Users/y.fujita/.pico-sdk/sdk/2.2.0/lib/tinyusb/src/class/cdc/cdc_device.c.o
                0x100063f0                cdcd_open
 .text.cdcd_control_xfer_cb
                0x10006494       0xe8 CMakeFiles/bno085_test.dir/Users/y.fujita/.pico-sdk/sdk/2.2.0/lib/tinyusb/src/class/cdc/cdc_device.c.o
                0x10006494                cdcd_control_xfer_cb
 .text.cdcd_xfer_cb
                0x1000657c      0x100 CMakeFiles/bno085_test.dir/Users/y.fujita/.pico-sdk/sdk/2.2.0/lib/tinyusb/src/class/cdc/cdc_device.c.o
                0x1000657c                cdcd_xfer_cb
 .text.vendord_init
                0x1000667c       0x5c CMakeFiles/bno085_test.dir/Users/y.fujita/.pico-sdk/sdk/2.2.0/lib/tinyusb/src/class/vendor/vendor_device.c.o
                0x1000667c                vendord_init
 .text.vendord_deinit
                0x100066d8       0x1c CMakeFiles/bno085_test.dir/Users/y.fujita/.pico-sdk/sdk/2.2.0/lib/tinyusb/src/class/vendor/vendor_device.c.o
                0x100066d8                vendord_deinit
 .text.vendord_reset
                0x100066f4       0x28 CMakeFiles/bno085_test.dir/Users/y.fujita/.pico-sdk/sdk/2.2.0/lib/tinyusb/src/class/vendor/vendor_device.c.o
                0x100066f4                vendord_reset
 .text.vendord_open
                0x1000671c      0x120 CMakeFiles/bno085_test.dir/Users/y.fujita/.pico-sdk/sdk/2.2.0/lib/tinyusb/src/class/vendor/vendor_device.c.o
                0x1000671c                vendord_open
 .text.vendord_xfer_cb
                0x1000683c       0x9c CMakeFiles/bno085_test.dir/Users/y.fujita/.pico-sdk/sdk/2.2.0/lib/tinyusb/src/class/vendor/vendor_device.c.o
                0x1000683c                vendord_xfer_cb
 .text.tusb_rhport_init
                0x100068d8       0x4c CMakeFiles/bno085_test.dir/Users/y.fujita/.pico-sdk/sdk/2.2.0/lib/tinyusb/src/tusb.c.o
                0x100068d8                tusb_rhport_init
 .text.tu_edpt_claim
                0x10006924       0x50 CMakeFiles/bno085_test.dir/Users/y.fujita/.pico-sdk/sdk/2.2.0/lib/tinyusb/src/tusb.c.o
                0x10006924                tu_edpt_claim
 .text.tu_edpt_release
                0x10006974       0x38 CMakeFiles/bno085_test.dir/Users/y.fujita/.pico-sdk/sdk/2.2.0/lib/tinyusb/src/tusb.c.o
                0x10006974                tu_edpt_release
 .text.tu_edpt_validate
                0x100069ac       0x7c CMakeFiles/bno085_test.dir/Users/y.fujita/.pico-sdk/sdk/2.2.0/lib/tinyusb/src/tusb.c.o
                0x100069ac                tu_edpt_validate
 .text.tu_edpt_bind_driver
                0x10006a28       0x34 CMakeFiles/bno085_test.dir/Users/y.fujita/.pico-sdk/sdk/2.2.0/lib/tinyusb/src/tusb.c.o
                0x10006a28                tu_edpt_bind_driver
 .text.tu_edpt_stream_init
                0x10006a5c       0x6c CMakeFiles/bno085_test.dir/Users/y.fujita/.pico-sdk/sdk/2.2.0/lib/tinyusb/src/tusb.c.o
                0x10006a5c                tu_edpt_stream_init
 .text.tu_edpt_stream_deinit
                0x10006ac8        0x4 CMakeFiles/bno085_test.dir/Users/y.fujita/.pico-sdk/sdk/2.2.0/lib/tinyusb/src/tusb.c.o
                0x10006ac8                tu_edpt_stream_deinit
 .text.tu_edpt_stream_write_zlp_if_needed
                0x10006acc       0x68 CMakeFiles/bno085_test.dir/Users/y.fujita/.pico-sdk/sdk/2.2.0/lib/tinyusb/src/tusb.c.o
                0x10006acc                tu_edpt_stream_write_zlp_if_needed
 .text.tu_edpt_stream_write_xfer
                0x10006b34       0x68 CMakeFiles/bno085_test.dir/Users/y.fujita/.pico-sdk/sdk/2.2.0/lib/tinyusb/src/tusb.c.o
                0x10006b34                tu_edpt_stream_write_xfer
 .text.tu_edpt_stream_read_xfer
                0x10006b9c       0xd8 CMakeFiles/bno085_test.dir/Users/y.fujita/.pico-sdk/sdk/2.2.0/lib/tinyusb/src/tusb.c.o
                0x10006b9c                tu_edpt_stream_read_xfer
 .text.tu_fifo_config
                0x10006c74       0x6c CMakeFiles/bno085_test.dir/Users/y.fujita/.pico-sdk/sdk/2.2.0/lib/tinyusb/src/common/tusb_fifo.c.o
                0x10006c74                tu_fifo_config
 .text.tu_fifo_count
                0x10006ce0       0x2c CMakeFiles/bno085_test.dir/Users/y.fujita/.pico-sdk/sdk/2.2.0/lib/tinyusb/src/common/tusb_fifo.c.o
                0x10006ce0                tu_fifo_count
 .text.tu_fifo_empty
                0x10006d0c       0x10 CMakeFiles/bno085_test.dir/Users/y.fujita/.pico-sdk/sdk/2.2.0/lib/tinyusb/src/common/tusb_fifo.c.o
                0x10006d0c                tu_fifo_empty
 .text.tu_fifo_remaining
                0x10006d1c       0x2c CMakeFiles/bno085_test.dir/Users/y.fujita/.pico-sdk/sdk/2.2.0/lib/tinyusb/src/common/tusb_fifo.c.o
                0x10006d1c                tu_fifo_remaining
 .text.tu_fifo_read
                0x10006d48       0x9c CMakeFiles/bno085_test.dir/Users/y.fujita/.pico-sdk/sdk/2.2.0/lib/tinyusb/src/common/tusb_fifo.c.o
                0x10006d48                tu_fifo_read
 .text.tu_fifo_read_n
                0x10006de4       0xe8 CMakeFiles/bno085_test.dir/Users/y.fujita/.pico-sdk/sdk/2.2.0/lib/tinyusb/src/common/tusb_fifo.c.o
                0x10006de4                tu_fifo_read_n
 .text.tu_fifo_write
                0x10006ecc       0xa4 CMakeFiles/bno085_test.dir/Users/y.fujita/.pico-sdk/sdk/2.2.0/lib/tinyusb/src/common/tusb_fifo.c.o
                0x10006ecc                tu_fifo_write
 .text.tu_fifo_write_n
                0x10006f70      0x178 CMakeFiles/bno085_test.dir/Users/y.fujita/.pico-sdk/sdk/2.2.0/lib/tinyusb/src/common/tusb_fifo.c.o
                0x10006f70                tu_fifo_write_n
 .text.tu_fifo_clear
                0x100070e8       0x40 CMakeFiles/bno085_test.dir/Users/y.fujita/.pico-sdk/sdk/2.2.0/lib/tinyusb/src/common/tusb_fifo.c.o
                0x100070e8                tu_fifo_clear
 .text.tu_fifo_set_overwritable
                0x10007128       0x48 CMakeFiles/bno085_test.dir/Users/y.fujita/.pico-sdk/sdk/2.2.0/lib/tinyusb/src/common/tusb_fifo.c.o
                0x10007128                tu_fifo_set_overwritable
 .text.i2c_read_blocking_internal
                0x10007170      0x100 CMakeFiles/bno085_test.dir/Users/y.fujita/.pico-sdk/sdk/2.2.0/src/rp2_common/hardware_i2c/i2c.c.o
 .text.i2c_write_blocking_internal.constprop.0
                0x10007270       0xf8 CMakeFiles/bno085_test.dir/Users/y.fujita/.pico-sdk/sdk/2.2.0/src/rp2_common/hardware_i2c/i2c.c.o
 .text.i2c_set_baudrate
                0x10007368       0xc0 CMakeFiles/bno085_test.dir/Users/y.fujita/.pico-sdk/sdk/2.2.0/src/rp2_common/hardware_i2c/i2c.c.o
                0x10007368                i2c_set_baudrate
 .text.i2c_init
                0x10007428       0x50 CMakeFiles/bno085_test.dir/Users/y.fujita/.pico-sdk/sdk/2.2.0/src/rp2_common/hardware_i2c/i2c.c.o
                0x10007428                i2c_init
 .text.i2c_write_blocking
                0x10007478       0x14 CMakeFiles/bno085_test.dir/Users/y.fujita/.pico-sdk/sdk/2.2.0/src/rp2_common/hardware_i2c/i2c.c.o
                0x10007478                i2c_write_blocking
 .text.i2c_read_blocking_until
                0x1000748c       0x48 CMakeFiles/bno085_test.dir/Users/y.fujita/.pico-sdk/sdk/2.2.0/src/rp2_common/hardware_i2c/i2c.c.o
                0x1000748c                i2c_read_blocking_until
 .text.memmove  0x100074d4       0xc4 /Users/y.fujita/.pico-sdk/toolchain/14_2_Rel1/bin/../lib/gcc/arm-none-eabi/14.2.1/../../../../arm-none-eabi/lib/thumb/v6-m/nofp/libg.a(libc_a-memmove.o)
                0x100074d4                memmove
 .text.strlen   0x10007598       0x5c /Users/y.fujita/.pico-sdk/toolchain/14_2_Rel1/bin/../lib/gcc/arm-none-eabi/14.2.1/../../../../arm-none-eabi/lib/thumb/v6-m/nofp/libg.a(libc_a-strlen-stub.o)
                0x10007598                strlen
 *(.fini)
 .fini          0x100075f4        0x4 /Users/y.fujita/.pico-sdk/toolchain/14_2_Rel1/bin/../lib/gcc/arm-none-eabi/14.2.1/thumb/v6-m/nofp/crti.o
                0x100075f4                _fini
 .fini.__stub   0x100075f8       0xc0 linker stubs
 *crtbegin.o(.ctors)
 *crtbegin?.o(.ctors)
 *(EXCLUDE_FILE(*crtend.o *crtend?.o) .ctors)
 *(SORT_BY_NAME(.ctors.*))
 *(.ctors)
 *crtbegin.o(.dtors)
 *crtbegin?.o(.dtors)
 *(EXCLUDE_FILE(*crtend.o *crtend?.o) .dtors)
 *(SORT_BY_NAME(.dtors.*))
 *(.dtors)
                0x100076b8                        . = ALIGN (0x4)
                0x100076b8                        PROVIDE (__preinit_array_start = .)
 *(SORT_BY_NAME(.preinit_array.*))
 .preinit_array.00100
                0x100076b8        0x4 CMakeFiles/bno085_test.dir/Users/y.fujita/.pico-sdk/sdk/2.2.0/src/rp2_common/pico_runtime_init/runtime_init.c.o
                0x100076b8                __pre_init_runtime_init_early_resets
 .preinit_array.00101
                0x100076bc        0x4 CMakeFiles/bno085_test.dir/Users/y.fujita/.pico-sdk/sdk/2.2.0/src/rp2_common/pico_runtime_init/runtime_init.c.o
                0x100076bc                __pre_init_runtime_init_usb_power_down
 .preinit_array.00275
                0x100076c0        0x4 CMakeFiles/bno085_test.dir/Users/y.fujita/.pico-sdk/sdk/2.2.0/src/rp2_common/pico_bit_ops/bit_ops_aeabi.S.o
 .preinit_array.00300
                0x100076c4        0x4 CMakeFiles/bno085_test.dir/Users/y.fujita/.pico-sdk/sdk/2.2.0/src/rp2_common/pico_mem_ops/mem_ops_aeabi.S.o
 .preinit_array.00350
                0x100076c8        0x4 CMakeFiles/bno085_test.dir/Users/y.fujita/.pico-sdk/sdk/2.2.0/src/rp2_common/pico_double/double_aeabi_rp2040.S.o
 .preinit_array.00350
                0x100076cc        0x4 CMakeFiles/bno085_test.dir/Users/y.fujita/.pico-sdk/sdk/2.2.0/src/rp2_common/pico_float/float_aeabi_rp2040.S.o
 .preinit_array.00500
                0x100076d0        0x4 CMakeFiles/bno085_test.dir/Users/y.fujita/.pico-sdk/sdk/2.2.0/src/rp2_common/pico_runtime_init/runtime_init.c.o
                0x100076d0                __pre_init_runtime_init_clocks
 .preinit_array.00600
                0x100076d4        0x4 CMakeFiles/bno085_test.dir/Users/y.fujita/.pico-sdk/sdk/2.2.0/src/rp2_common/pico_runtime_init/runtime_init.c.o
                0x100076d4                __pre_init_runtime_init_post_clock_resets
 .preinit_array.00700
                0x100076d8        0x4 CMakeFiles/bno085_test.dir/Users/y.fujita/.pico-sdk/sdk/2.2.0/src/rp2_common/pico_runtime_init/runtime_init.c.o
                0x100076d8                __pre_init_runtime_init_rp2040_gpio_ie_disable
 .preinit_array.01000
                0x100076dc        0x4 CMakeFiles/bno085_test.dir/Users/y.fujita/.pico-sdk/sdk/2.2.0/src/rp2_common/pico_runtime_init/runtime_init.c.o
                0x100076dc                __pre_init_runtime_init_spin_locks_reset
 .preinit_array.01100
                0x100076e0        0x4 CMakeFiles/bno085_test.dir/Users/y.fujita/.pico-sdk/sdk/2.2.0/src/common/pico_sync/mutex.c.o
                0x100076e0                __pre_init_runtime_init_mutex
 .preinit_array.10080
                0x100076e4        0x4 CMakeFiles/bno085_test.dir/Users/y.fujita/.pico-sdk/sdk/2.2.0/src/rp2_common/pico_runtime_init/runtime_init.c.o
                0x100076e4                __pre_init_runtime_init_install_ram_vector_table
 .preinit_array.11000
                0x100076e8        0x4 CMakeFiles/bno085_test.dir/Users/y.fujita/.pico-sdk/sdk/2.2.0/src/common/pico_time/time.c.o
                0x100076e8                __pre_init_runtime_init_default_alarm_pool
 .preinit_array.YYYYY
                0x100076ec        0x4 CMakeFiles/bno085_test.dir/Users/y.fujita/.pico-sdk/sdk/2.2.0/src/rp2_common/pico_runtime/runtime.c.o
                0x100076ec                __pre_init_first_per_core_initializer
 .preinit_array.ZZZZZ.01200
                0x100076f0        0x4 CMakeFiles/bno085_test.dir/Users/y.fujita/.pico-sdk/sdk/2.2.0/src/rp2_common/hardware_irq/irq.c.o
                0x100076f0                __pre_init_runtime_init_per_core_irq_priorities
 *(.preinit_array)
                0x100076f4                        PROVIDE (__preinit_array_end = .)
                0x100076f4                        . = ALIGN (0x4)
                0x100076f4                        PROVIDE (__init_array_start = .)
 *(SORT_BY_NAME(.init_array.*))
 .init_array.01000
                0x100076f4        0x4 CMakeFiles/bno085_test.dir/Users/y.fujita/.pico-sdk/sdk/2.2.0/src/rp2_common/pico_unique_id/unique_id.c.o
 *(.init_array)
 .init_array    0x100076f8        0x4 /Users/y.fujita/.pico-sdk/toolchain/14_2_Rel1/bin/../lib/gcc/arm-none-eabi/14.2.1/thumb/v6-m/nofp/crtbegin.o
                0x100076fc                        PROVIDE (__init_array_end = .)
                0x100076fc                        . = ALIGN (0x4)
                [!provide]                        PROVIDE (__fini_array_start = .)
 *(SORT_BY_NAME(.fini_array.*))
 *(.fini_array)
                [!provide]                        PROVIDE (__fini_array_end = .)
 *(.eh_frame*)
 .eh_frame      0x100076fc        0x0 /Users/y.fujita/.pico-sdk/toolchain/14_2_Rel1/bin/../lib/gcc/arm-none-eabi/14.2.1/thumb/v6-m/nofp/crtbegin.o
                0x100076fc                        . = ALIGN (0x4)

.glue_7         0x100076fc        0x0
 .glue_7        0x100076fc        0x0 linker stubs

.glue_7t        0x100076fc        0x0
 .glue_7t       0x100076fc        0x0 linker stubs

.vfp11_veneer   0x100076fc        0x0
 .vfp11_veneer  0x100076fc        0x0 linker stubs

.v4_bx          0x100076fc        0x0
 .v4_bx         0x100076fc        0x0 linker stubs

.iplt           0x100076fc        0x0
 .iplt          0x100076fc        0x0 /Users/y.fujita/.pico-sdk/toolchain/14_2_Rel1/bin/../lib/gcc/arm-none-eabi/14.2.1/thumb/v6-m/nofp/crtbegin.o

.rodata         0x10007700      0x874
 *(EXCLUDE_FILE(*libm.a: *libc.a:*lib_a-mem*.o *libgcc.a:) .rodata*)
 .rodata.main.str1.4
                0x10007700      0x3a0 CMakeFiles/bno085_test.dir/bno085_test.c.o
                                0x236 (size before relaxing)
 .rodata.rst.2  0x10007aa0        0x5 CMakeFiles/bno085_test.dir/bno085_test.c.o
 *fill*         0x10007aa5        0x3 
 .rodata        0x10007aa8       0x25 CMakeFiles/bno085_test.dir/bno085_test.c.o
 .rodata.panic.str1.4
                0x10007acd       0x12 CMakeFiles/bno085_test.dir/Users/y.fujita/.pico-sdk/sdk/2.2.0/src/rp2_common/pico_platform_panic/panic.c.o
 .rodata.spin_lock_claim_unused.str1.4
                0x10007acd       0x1b CMakeFiles/bno085_test.dir/Users/y.fujita/.pico-sdk/sdk/2.2.0/src/rp2_common/hardware_sync/sync.c.o
 .rodata.user_irq_claim_unused.str1.4
                0x10007acd       0x1b CMakeFiles/bno085_test.dir/Users/y.fujita/.pico-sdk/sdk/2.2.0/src/rp2_common/hardware_irq/irq.c.o
 .rodata.timer_hardware_alarm_claim.str1.4
                0x10007acd       0x22 CMakeFiles/bno085_test.dir/Users/y.fujita/.pico-sdk/sdk/2.2.0/src/rp2_common/hardware_timer/timer.c.o
 .rodata.hard_assertion_failure.str1.4
                0x10007acd        0xc CMakeFiles/bno085_test.dir/Users/y.fujita/.pico-sdk/sdk/2.2.0/src/rp2_common/pico_runtime/runtime.c.o
 .rodata.str1.4
                0x10007acd       0x40 CMakeFiles/bno085_test.dir/Users/y.fujita/.pico-sdk/sdk/2.2.0/src/rp2_common/pico_standard_binary_info/standard_binary_info.c.o
 *fill*         0x10007acd        0x3 
 .rodata.__bi_84
                0x10007ad0        0xc CMakeFiles/bno085_test.dir/Users/y.fujita/.pico-sdk/sdk/2.2.0/src/rp2_common/pico_standard_binary_info/standard_binary_info.c.o
 .rodata.__bi_78
                0x10007adc        0xc CMakeFiles/bno085_test.dir/Users/y.fujita/.pico-sdk/sdk/2.2.0/src/rp2_common/pico_standard_binary_info/standard_binary_info.c.o
 .rodata.__bi_54
                0x10007ae8        0xc CMakeFiles/bno085_test.dir/Users/y.fujita/.pico-sdk/sdk/2.2.0/src/rp2_common/pico_standard_binary_info/standard_binary_info.c.o
 .rodata.__bi_48
                0x10007af4        0xc CMakeFiles/bno085_test.dir/Users/y.fujita/.pico-sdk/sdk/2.2.0/src/rp2_common/pico_standard_binary_info/standard_binary_info.c.o
 .rodata.__bi_42
                0x10007b00        0xc CMakeFiles/bno085_test.dir/Users/y.fujita/.pico-sdk/sdk/2.2.0/src/rp2_common/pico_standard_binary_info/standard_binary_info.c.o
 .rodata.__bi_34
                0x10007b0c        0xc CMakeFiles/bno085_test.dir/Users/y.fujita/.pico-sdk/sdk/2.2.0/src/rp2_common/pico_standard_binary_info/standard_binary_info.c.o
 .rodata.__bi_26
                0x10007b18        0xc CMakeFiles/bno085_test.dir/Users/y.fujita/.pico-sdk/sdk/2.2.0/src/rp2_common/pico_standard_binary_info/standard_binary_info.c.o
 .rodata._ftoa.str1.4
                0x10007b24       0x15 CMakeFiles/bno085_test.dir/Users/y.fujita/.pico-sdk/sdk/2.2.0/src/rp2_common/pico_printf/printf.c.o
 .rodata._vsnprintf
                0x10007b24      0x19c CMakeFiles/bno085_test.dir/Users/y.fujita/.pico-sdk/sdk/2.2.0/src/rp2_common/pico_printf/printf.c.o
 .rodata.pow10.0
                0x10007cc0       0x50 CMakeFiles/bno085_test.dir/Users/y.fujita/.pico-sdk/sdk/2.2.0/src/rp2_common/pico_printf/printf.c.o
 .rodata.crlf_str.0
                0x10007d10        0x2 CMakeFiles/bno085_test.dir/Users/y.fujita/.pico-sdk/sdk/2.2.0/src/rp2_common/pico_stdio/stdio.c.o
 *fill*         0x10007d12        0x2 
 .rodata._resetd_driver
                0x10007d14       0x20 CMakeFiles/bno085_test.dir/Users/y.fujita/.pico-sdk/sdk/2.2.0/src/rp2_common/pico_stdio_usb/reset_interface.c.o
 .rodata.desc_ms_os_20
                0x10007d34       0xa6 CMakeFiles/bno085_test.dir/Users/y.fujita/.pico-sdk/sdk/2.2.0/src/rp2_common/pico_stdio_usb/reset_interface.c.o
 *fill*         0x10007dda        0x2 
 .rodata.desc_bos
                0x10007ddc       0x21 CMakeFiles/bno085_test.dir/Users/y.fujita/.pico-sdk/sdk/2.2.0/src/rp2_common/pico_stdio_usb/reset_interface.c.o
                0x10007ddc                desc_bos
 .rodata.str1.4
                0x10007dfd       0x13 CMakeFiles/bno085_test.dir/Users/y.fujita/.pico-sdk/sdk/2.2.0/src/rp2_common/pico_stdio_usb/stdio_usb.c.o
 *fill*         0x10007dfd        0x3 
 .rodata.__bi_202.0
                0x10007e00        0xc CMakeFiles/bno085_test.dir/Users/y.fujita/.pico-sdk/sdk/2.2.0/src/rp2_common/pico_stdio_usb/stdio_usb.c.o
 .rodata.str1.4
                0x10007e0c       0x2a CMakeFiles/bno085_test.dir/Users/y.fujita/.pico-sdk/sdk/2.2.0/src/rp2_common/pico_stdio_usb/stdio_usb_descriptors.c.o
 .rodata.usbd_desc_str
                0x10007e0c       0x18 CMakeFiles/bno085_test.dir/Users/y.fujita/.pico-sdk/sdk/2.2.0/src/rp2_common/pico_stdio_usb/stdio_usb_descriptors.c.o
 .rodata.usbd_desc_cfg
                0x10007e24       0x54 CMakeFiles/bno085_test.dir/Users/y.fujita/.pico-sdk/sdk/2.2.0/src/rp2_common/pico_stdio_usb/stdio_usb_descriptors.c.o
 .rodata.usbd_desc_device
                0x10007e78       0x12 CMakeFiles/bno085_test.dir/Users/y.fujita/.pico-sdk/sdk/2.2.0/src/rp2_common/pico_stdio_usb/stdio_usb_descriptors.c.o
 .rodata.str1.4
                0x10007e8a       0x14 CMakeFiles/bno085_test.dir/Users/y.fujita/.pico-sdk/sdk/2.2.0/lib/tinyusb/src/portable/raspberrypi/rp2040/dcd_rp2040.c.o
 .rodata.str1.4
                0x10007e8a       0x48 CMakeFiles/bno085_test.dir/Users/y.fujita/.pico-sdk/sdk/2.2.0/lib/tinyusb/src/portable/raspberrypi/rp2040/rp2040_usb.c.o
 *fill*         0x10007e8a        0x2 
 .rodata.tud_task_ext
                0x10007e8c       0x8c CMakeFiles/bno085_test.dir/Users/y.fujita/.pico-sdk/sdk/2.2.0/lib/tinyusb/src/device/usbd.c.o
 .rodata        0x10007f18       0x1c CMakeFiles/bno085_test.dir/Users/y.fujita/.pico-sdk/sdk/2.2.0/lib/tinyusb/src/device/usbd.c.o
 .rodata._usbd_driver
                0x10007f34       0x40 CMakeFiles/bno085_test.dir/Users/y.fujita/.pico-sdk/sdk/2.2.0/lib/tinyusb/src/device/usbd.c.o
                0x10007f74                        . = ALIGN (0x4)
 *(SORT_BY_ALIGNMENT(SORT_BY_NAME(.flashdata*)))
                0x10007f74                        . = ALIGN (0x4)

.ARM.extab
 *(.ARM.extab* .gnu.linkonce.armextab.*)
                0x10007f74                        __exidx_start = .

.ARM.exidx
 *(.ARM.exidx* .gnu.linkonce.armexidx.*)
                0x10007f74                        __exidx_end = .
                0x10007f74                        . = ALIGN (0x4)
                0x10007f74                        __binary_info_start = .

.binary_info    0x10007f74       0x20
 *(.binary_info.keep.*)
 .binary_info.keep.__bi_ptr84
                0x10007f74        0x4 CMakeFiles/bno085_test.dir/Users/y.fujita/.pico-sdk/sdk/2.2.0/src/rp2_common/pico_standard_binary_info/standard_binary_info.c.o
 .binary_info.keep.__bi_ptr78
                0x10007f78        0x4 CMakeFiles/bno085_test.dir/Users/y.fujita/.pico-sdk/sdk/2.2.0/src/rp2_common/pico_standard_binary_info/standard_binary_info.c.o
 .binary_info.keep.__bi_ptr54
                0x10007f7c        0x4 CMakeFiles/bno085_test.dir/Users/y.fujita/.pico-sdk/sdk/2.2.0/src/rp2_common/pico_standard_binary_info/standard_binary_info.c.o
 .binary_info.keep.__bi_ptr48
                0x10007f80        0x4 CMakeFiles/bno085_test.dir/Users/y.fujita/.pico-sdk/sdk/2.2.0/src/rp2_common/pico_standard_binary_info/standard_binary_info.c.o
 .binary_info.keep.__bi_ptr42
                0x10007f84        0x4 CMakeFiles/bno085_test.dir/Users/y.fujita/.pico-sdk/sdk/2.2.0/src/rp2_common/pico_standard_binary_info/standard_binary_info.c.o
 .binary_info.keep.__bi_ptr34
                0x10007f88        0x4 CMakeFiles/bno085_test.dir/Users/y.fujita/.pico-sdk/sdk/2.2.0/src/rp2_common/pico_standard_binary_info/standard_binary_info.c.o
 .binary_info.keep.__bi_ptr26
                0x10007f8c        0x4 CMakeFiles/bno085_test.dir/Users/y.fujita/.pico-sdk/sdk/2.2.0/src/rp2_common/pico_standard_binary_info/standard_binary_info.c.o
 *(.binary_info.*)
 .binary_info.__bi_ptr202
                0x10007f90        0x4 CMakeFiles/bno085_test.dir/Users/y.fujita/.pico-sdk/sdk/2.2.0/src/rp2_common/pico_stdio_usb/stdio_usb.c.o
                0x10007f94                        __binary_info_end = .
                0x10007f94                        . = ALIGN (0x4)

.ram_vector_table
                0x20000000       0xc0
 *(.ram_vector_table)
 .ram_vector_table
                0x20000000       0xc0 CMakeFiles/bno085_test.dir/Users/y.fujita/.pico-sdk/sdk/2.2.0/src/rp2_common/pico_runtime_init/runtime_init.c.o
                0x20000000                ram_vector_table

.uninitialized_data
                0x200000c0        0x0
                0x200000c0                        . = ALIGN (0x4)
 *(.uninitialized_data*)

.data           0x200000c0      0xff8 load address 0x10007f94
                0x200000c0                        __data_start__ = .
 *(vtable)
 *(.time_critical*)
 .time_critical.mutex_try_enter
                0x200000c0       0x40 CMakeFiles/bno085_test.dir/Users/y.fujita/.pico-sdk/sdk/2.2.0/src/common/pico_sync/mutex.c.o
                0x200000c0                mutex_try_enter
 .time_critical.mutex_try_enter_block_until
                0x20000100       0x98 CMakeFiles/bno085_test.dir/Users/y.fujita/.pico-sdk/sdk/2.2.0/src/common/pico_sync/mutex.c.o
                0x20000100                mutex_try_enter_block_until
 .time_critical.mutex_enter_timeout_ms
                0x20000198       0x8c CMakeFiles/bno085_test.dir/Users/y.fujita/.pico-sdk/sdk/2.2.0/src/common/pico_sync/mutex.c.o
                0x20000198                mutex_enter_timeout_ms
 .time_critical.mutex_exit
                0x20000224       0x28 CMakeFiles/bno085_test.dir/Users/y.fujita/.pico-sdk/sdk/2.2.0/src/common/pico_sync/mutex.c.o
                0x20000224                mutex_exit
 .time_critical.flash_init_boot2_copyout
                0x2000024c       0x30 CMakeFiles/bno085_test.dir/Users/y.fujita/.pico-sdk/sdk/2.2.0/src/rp2_common/hardware_flash/flash.c.o
 .time_critical.flash_enable_xip_via_boot2
                0x2000027c        0xc CMakeFiles/bno085_test.dir/Users/y.fujita/.pico-sdk/sdk/2.2.0/src/rp2_common/hardware_flash/flash.c.o
 .time_critical.flash_save_hardware_state
                0x20000288       0x20 CMakeFiles/bno085_test.dir/Users/y.fujita/.pico-sdk/sdk/2.2.0/src/rp2_common/hardware_flash/flash.c.o
 .time_critical.flash_restore_hardware_state
                0x200002a8       0x20 CMakeFiles/bno085_test.dir/Users/y.fujita/.pico-sdk/sdk/2.2.0/src/rp2_common/hardware_flash/flash.c.o
 .time_critical.flash_cs_force
                0x200002c8       0x38 CMakeFiles/bno085_test.dir/Users/y.fujita/.pico-sdk/sdk/2.2.0/src/rp2_common/hardware_flash/flash.c.o
 .time_critical.flash_do_cmd
                0x20000300      0x13c CMakeFiles/bno085_test.dir/Users/y.fujita/.pico-sdk/sdk/2.2.0/src/rp2_common/hardware_flash/flash.c.o
                0x20000300                flash_do_cmd
 .time_critical.reset_non_control_endpoints
                0x2000043c       0x68 CMakeFiles/bno085_test.dir/Users/y.fujita/.pico-sdk/sdk/2.2.0/lib/tinyusb/src/portable/raspberrypi/rp2040/dcd_rp2040.c.o
 .time_critical.hw_handle_buff_status
                0x200004a4       0xa0 CMakeFiles/bno085_test.dir/Users/y.fujita/.pico-sdk/sdk/2.2.0/lib/tinyusb/src/portable/raspberrypi/rp2040/dcd_rp2040.c.o
 .time_critical.dcd_rp2040_irq
                0x20000544      0x548 CMakeFiles/bno085_test.dir/Users/y.fujita/.pico-sdk/sdk/2.2.0/lib/tinyusb/src/portable/raspberrypi/rp2040/dcd_rp2040.c.o
 .time_critical.prepare_ep_buffer
                0x20000a8c       0xc8 CMakeFiles/bno085_test.dir/Users/y.fujita/.pico-sdk/sdk/2.2.0/lib/tinyusb/src/portable/raspberrypi/rp2040/rp2040_usb.c.o
 .time_critical.sync_ep_buffer
                0x20000b54       0x9c CMakeFiles/bno085_test.dir/Users/y.fujita/.pico-sdk/sdk/2.2.0/lib/tinyusb/src/portable/raspberrypi/rp2040/rp2040_usb.c.o
 .time_critical._hw_endpoint_xfer_sync
                0x20000bf0       0x28 CMakeFiles/bno085_test.dir/Users/y.fujita/.pico-sdk/sdk/2.2.0/lib/tinyusb/src/portable/raspberrypi/rp2040/rp2040_usb.c.o
 .time_critical.e15_is_bulkin_ep
                0x20000c18       0x28 CMakeFiles/bno085_test.dir/Users/y.fujita/.pico-sdk/sdk/2.2.0/lib/tinyusb/src/portable/raspberrypi/rp2040/rp2040_usb.c.o
 .time_critical.e15_is_critical_frame_period
                0x20000c40       0x34 CMakeFiles/bno085_test.dir/Users/y.fujita/.pico-sdk/sdk/2.2.0/lib/tinyusb/src/portable/raspberrypi/rp2040/rp2040_usb.c.o
 .time_critical.hw_endpoint_reset_transfer
                0x20000c74        0xc CMakeFiles/bno085_test.dir/Users/y.fujita/.pico-sdk/sdk/2.2.0/lib/tinyusb/src/portable/raspberrypi/rp2040/rp2040_usb.c.o
                0x20000c74                hw_endpoint_reset_transfer
 .time_critical._hw_endpoint_buffer_control_update32
                0x20000c80       0x50 CMakeFiles/bno085_test.dir/Users/y.fujita/.pico-sdk/sdk/2.2.0/lib/tinyusb/src/portable/raspberrypi/rp2040/rp2040_usb.c.o
                0x20000c80                _hw_endpoint_buffer_control_update32
 .time_critical.hw_endpoint_start_next_buffer
                0x20000cd0       0x68 CMakeFiles/bno085_test.dir/Users/y.fujita/.pico-sdk/sdk/2.2.0/lib/tinyusb/src/portable/raspberrypi/rp2040/rp2040_usb.c.o
                0x20000cd0                hw_endpoint_start_next_buffer
 .time_critical.hw_endpoint_xfer_continue
                0x20000d38       0x40 CMakeFiles/bno085_test.dir/Users/y.fujita/.pico-sdk/sdk/2.2.0/lib/tinyusb/src/portable/raspberrypi/rp2040/rp2040_usb.c.o
                0x20000d38                hw_endpoint_xfer_continue
 .time_critical.tinyusb
                0x20000d78      0x1e4 CMakeFiles/bno085_test.dir/Users/y.fujita/.pico-sdk/sdk/2.2.0/lib/tinyusb/src/device/usbd.c.o
                0x20000d78                dcd_event_handler
 *(.text*)
 .text          0x20000f5c        0x4 /Users/y.fujita/.pico-sdk/toolchain/14_2_Rel1/bin/../lib/gcc/arm-none-eabi/14.2.1/thumb/v6-m/nofp/libgcc.a(_dvmd_tls.o)
                0x20000f5c                __aeabi_ldiv0
                0x20000f5c                __aeabi_idiv0
 .text.__stub   0x20000f60       0x80 linker stubs
                0x20000fe0                        . = ALIGN (0x4)
 *(.rodata*)
                0x20000fe0                        . = ALIGN (0x4)
 *(.data*)
 .data.striped_spin_lock_num
                0x20000fe0        0x1 CMakeFiles/bno085_test.dir/Users/y.fujita/.pico-sdk/sdk/2.2.0/src/rp2_common/hardware_sync/sync.c.o
 *fill*         0x20000fe1        0x3 
 .data          0x20000fe4       0x48 CMakeFiles/bno085_test.dir/Users/y.fujita/.pico-sdk/sdk/2.2.0/src/rp2_common/hardware_irq/irq_handler_chain.S.o
                0x20000fe4                irq_handler_chain_slots
                0x20001014                irq_handler_chain_first_slot
                0x2000101e                irq_handler_chain_remove_tail
 .data.default_alarm_pool
                0x2000102c       0x18 CMakeFiles/bno085_test.dir/Users/y.fujita/.pico-sdk/sdk/2.2.0/src/common/pico_time/time.c.o
 *fill*         0x20001044        0xc 
 .data.aeabi_bits_funcs
                0x20001050       0x10 CMakeFiles/bno085_test.dir/Users/y.fujita/.pico-sdk/sdk/2.2.0/src/rp2_common/pico_bit_ops/bit_ops_aeabi.S.o
                0x20001050                aeabi_bits_funcs
                0x20001060                aeabi_bits_funcs_end
 .data.aeabi_mem_funcs
                0x20001060       0x10 CMakeFiles/bno085_test.dir/Users/y.fujita/.pico-sdk/sdk/2.2.0/src/rp2_common/pico_mem_ops/mem_ops_aeabi.S.o
                0x20001060                aeabi_mem_funcs
                0x20001070                aeabi_mem_funcs_end
 .data.stdio_usb
                0x20001070       0x18 CMakeFiles/bno085_test.dir/Users/y.fujita/.pico-sdk/sdk/2.2.0/src/rp2_common/pico_stdio_usb/stdio_usb.c.o
                0x20001070                stdio_usb
 .data._usbd_qdef
                0x20001088       0x1c CMakeFiles/bno085_test.dir/Users/y.fujita/.pico-sdk/sdk/2.2.0/lib/tinyusb/src/device/usbd.c.o
                0x20001088                _usbd_qdef
 .data._usbd_rhport
                0x200010a4        0x1 CMakeFiles/bno085_test.dir/Users/y.fujita/.pico-sdk/sdk/2.2.0/lib/tinyusb/src/device/usbd.c.o
 *fill*         0x200010a5        0x3 
 .data.i2c0_inst
                0x200010a8        0x8 CMakeFiles/bno085_test.dir/Users/y.fujita/.pico-sdk/sdk/2.2.0/src/rp2_common/hardware_i2c/i2c.c.o
                0x200010a8                i2c0_inst
                0x200010b0                        . = ALIGN (0x4)
 *(.after_data.*)
                0x200010b0                        . = ALIGN (0x4)
                0x200010b0                        PROVIDE (__mutex_array_start = .)
 *(SORT_BY_NAME(.mutex_array.*))
 *(.mutex_array)
 .mutex_array   0x200010b0        0x8 CMakeFiles/bno085_test.dir/Users/y.fujita/.pico-sdk/sdk/2.2.0/src/rp2_common/pico_stdio/stdio.c.o
                0x200010b8                        PROVIDE (__mutex_array_end = .)
                0x200010b8                        . = ALIGN (0x4)
 *(.jcr)
                0x200010b8                        . = ALIGN (0x4)

.tm_clone_table
                0x200010b8        0x0 load address 0x10008f8c
 .tm_clone_table
                0x200010b8        0x0 /Users/y.fujita/.pico-sdk/toolchain/14_2_Rel1/bin/../lib/gcc/arm-none-eabi/14.2.1/thumb/v6-m/nofp/crtbegin.o
 .tm_clone_table
                0x200010b8        0x0 /Users/y.fujita/.pico-sdk/toolchain/14_2_Rel1/bin/../lib/gcc/arm-none-eabi/14.2.1/thumb/v6-m/nofp/crtend.o

.igot.plt       0x200010b8        0x0 load address 0x10008f8c
 .igot.plt      0x200010b8        0x0 /Users/y.fujita/.pico-sdk/toolchain/14_2_Rel1/bin/../lib/gcc/arm-none-eabi/14.2.1/thumb/v6-m/nofp/crtbegin.o

.tdata          0x200010b8        0x0 load address 0x10008f8c
                0x200010b8                        . = ALIGN (0x4)
 *(.tdata .tdata.* .gnu.linkonce.td.*)
                0x200010b8                        __tdata_end = .
                0x200010b8                        PROVIDE (__data_end__ = .)
                0x10007f94                        __etext = LOADADDR (.data)

.tbss           0x200010b8        0x0 load address 0x10008f8c
                0x200010b8                        . = ALIGN (0x4)
                0x200010b8                        __bss_start__ = .
                0x200010b8                        __tls_base = .
 *(.tbss .tbss.* .gnu.linkonce.tb.*)
 *(.tcommon)
                0x200010b8                        __tls_end = .

.bss            0x200010b8     0x1130 load address 0x10008f8c
                0x200010b8                        . = ALIGN (0x4)
                0x200010b8                        __tbss_end = .
 *(SORT_BY_ALIGNMENT(SORT_BY_NAME(.bss*)))
 .bss.default_alarm_pool_entries
                0x200010b8      0x180 CMakeFiles/bno085_test.dir/Users/y.fujita/.pico-sdk/sdk/2.2.0/src/common/pico_time/time.c.o
 .bss.last_avail_time.1
                0x20001238        0x8 CMakeFiles/bno085_test.dir/Users/y.fujita/.pico-sdk/sdk/2.2.0/src/rp2_common/pico_stdio_usb/stdio_usb.c.o
 .bss.sd_table  0x20001240      0x100 CMakeFiles/bno085_test.dir/Users/y.fujita/.pico-sdk/sdk/2.2.0/src/rp2_common/pico_double/double_init_rom_rp2040.c.o
                0x20001240                sd_table
 .bss.sf_table  0x20001340      0x100 CMakeFiles/bno085_test.dir/Users/y.fujita/.pico-sdk/sdk/2.2.0/src/rp2_common/pico_float/float_init_rom_rp2040.c.o
                0x20001340                sf_table
 .bss._app_driver
                0x20001440        0x4 CMakeFiles/bno085_test.dir/Users/y.fujita/.pico-sdk/sdk/2.2.0/lib/tinyusb/src/device/usbd.c.o
 .bss._cdcd_epbuf
                0x20001444       0x80 CMakeFiles/bno085_test.dir/Users/y.fujita/.pico-sdk/sdk/2.2.0/lib/tinyusb/src/class/cdc/cdc_device.c.o
 .bss._cdcd_fifo_cfg
                0x200014c4        0x1 CMakeFiles/bno085_test.dir/Users/y.fujita/.pico-sdk/sdk/2.2.0/lib/tinyusb/src/class/cdc/cdc_device.c.o
 *fill*         0x200014c5        0x3 
 .bss._cdcd_itf
                0x200014c8       0xc8 CMakeFiles/bno085_test.dir/Users/y.fujita/.pico-sdk/sdk/2.2.0/lib/tinyusb/src/class/cdc/cdc_device.c.o
 .bss._ctrl_epbuf
                0x20001590       0x40 CMakeFiles/bno085_test.dir/Users/y.fujita/.pico-sdk/sdk/2.2.0/lib/tinyusb/src/device/usbd_control.c.o
 .bss._ctrl_xfer
                0x200015d0       0x14 CMakeFiles/bno085_test.dir/Users/y.fujita/.pico-sdk/sdk/2.2.0/lib/tinyusb/src/device/usbd_control.c.o
 .bss._seq      0x200015e4        0x4 CMakeFiles/bno085_test.dir/bno085_test.c.o
 .bss._tusb_rhport_role
                0x200015e8        0x2 CMakeFiles/bno085_test.dir/Users/y.fujita/.pico-sdk/sdk/2.2.0/lib/tinyusb/src/tusb.c.o
                0x200015e8                _tusb_rhport_role
 *fill*         0x200015ea        0x2 
 .bss._ubsd_mutexdef
                0x200015ec        0x8 CMakeFiles/bno085_test.dir/Users/y.fujita/.pico-sdk/sdk/2.2.0/lib/tinyusb/src/device/usbd.c.o
 .bss._usbd_dev
                0x200015f4       0x54 CMakeFiles/bno085_test.dir/Users/y.fujita/.pico-sdk/sdk/2.2.0/lib/tinyusb/src/device/usbd.c.o
 .bss._usbd_mutex
                0x20001648        0x4 CMakeFiles/bno085_test.dir/Users/y.fujita/.pico-sdk/sdk/2.2.0/lib/tinyusb/src/device/usbd.c.o
 .bss._usbd_q   0x2000164c        0x4 CMakeFiles/bno085_test.dir/Users/y.fujita/.pico-sdk/sdk/2.2.0/lib/tinyusb/src/device/usbd.c.o
 .bss._usbd_qdef_buf
                0x20001650       0xc0 CMakeFiles/bno085_test.dir/Users/y.fujita/.pico-sdk/sdk/2.2.0/lib/tinyusb/src/device/usbd.c.o
                0x20001650                _usbd_qdef_buf
 .bss._vendord_epbuf
                0x20001710       0x80 CMakeFiles/bno085_test.dir/Users/y.fujita/.pico-sdk/sdk/2.2.0/lib/tinyusb/src/class/vendor/vendor_device.c.o
 .bss._vendord_itf
                0x20001790      0x24c CMakeFiles/bno085_test.dir/Users/y.fujita/.pico-sdk/sdk/2.2.0/lib/tinyusb/src/class/vendor/vendor_device.c.o
 .bss.big.1     0x200019dc      0x118 CMakeFiles/bno085_test.dir/bno085_test.c.o
 .bss.boot2_copyout
                0x20001af4      0x100 CMakeFiles/bno085_test.dir/Users/y.fujita/.pico-sdk/sdk/2.2.0/src/rp2_common/hardware_flash/flash.c.o
 .bss.chars_available_callback
                0x20001bf4        0x4 CMakeFiles/bno085_test.dir/Users/y.fujita/.pico-sdk/sdk/2.2.0/src/rp2_common/pico_stdio_usb/stdio_usb.c.o
 .bss.chars_available_param
                0x20001bf8        0x4 CMakeFiles/bno085_test.dir/Users/y.fujita/.pico-sdk/sdk/2.2.0/src/rp2_common/pico_stdio_usb/stdio_usb.c.o
 .bss.claimed   0x20001bfc        0x4 CMakeFiles/bno085_test.dir/Users/y.fujita/.pico-sdk/sdk/2.2.0/src/rp2_common/hardware_sync/sync.c.o
 .bss.claimed   0x20001c00        0x1 CMakeFiles/bno085_test.dir/Users/y.fujita/.pico-sdk/sdk/2.2.0/src/rp2_common/hardware_timer/timer.c.o
 *fill*         0x20001c01        0x3 
 .bss.configured_freq
                0x20001c04       0x28 CMakeFiles/bno085_test.dir/Users/y.fujita/.pico-sdk/sdk/2.2.0/src/rp2_common/hardware_clocks/clocks.c.o
 .bss.desc_str.0
                0x20001c2c       0x28 CMakeFiles/bno085_test.dir/Users/y.fujita/.pico-sdk/sdk/2.2.0/src/rp2_common/pico_stdio_usb/stdio_usb_descriptors.c.o
 .bss.drivers   0x20001c54        0x4 CMakeFiles/bno085_test.dir/Users/y.fujita/.pico-sdk/sdk/2.2.0/src/rp2_common/pico_stdio/stdio.c.o
 .bss.e15_last_sof
                0x20001c58        0x4 CMakeFiles/bno085_test.dir/Users/y.fujita/.pico-sdk/sdk/2.2.0/lib/tinyusb/src/portable/raspberrypi/rp2040/rp2040_usb.c.o
                0x20001c58                e15_last_sof
 .bss.filter    0x20001c5c        0x4 CMakeFiles/bno085_test.dir/Users/y.fujita/.pico-sdk/sdk/2.2.0/src/rp2_common/pico_stdio/stdio.c.o
 .bss.hw_endpoints
                0x20001c60      0x400 CMakeFiles/bno085_test.dir/Users/y.fujita/.pico-sdk/sdk/2.2.0/lib/tinyusb/src/portable/raspberrypi/rp2040/dcd_rp2040.c.o
 .bss.lazy_vsnprintf
                0x20002060        0x4 CMakeFiles/bno085_test.dir/Users/y.fujita/.pico-sdk/sdk/2.2.0/src/rp2_common/pico_printf/printf.c.o
 .bss.load_value
                0x20002064        0x4 CMakeFiles/bno085_test.dir/Users/y.fujita/.pico-sdk/sdk/2.2.0/src/rp2_common/hardware_watchdog/watchdog.c.o
 .bss.next_buffer_ptr
                0x20002068        0x4 CMakeFiles/bno085_test.dir/Users/y.fujita/.pico-sdk/sdk/2.2.0/lib/tinyusb/src/portable/raspberrypi/rp2040/dcd_rp2040.c.o
 .bss.object.0  0x2000206c       0x18 /Users/y.fujita/.pico-sdk/toolchain/14_2_Rel1/bin/../lib/gcc/arm-none-eabi/14.2.1/thumb/v6-m/nofp/crtbegin.o
 .bss.one_shot_timer_crit_sec
                0x20002084        0x8 CMakeFiles/bno085_test.dir/Users/y.fujita/.pico-sdk/sdk/2.2.0/src/rp2_common/pico_stdio_usb/stdio_usb.c.o
 .bss.pools     0x2000208c       0x10 CMakeFiles/bno085_test.dir/Users/y.fujita/.pico-sdk/sdk/2.2.0/src/common/pico_time/time.c.o
 .bss.retrieved_id
                0x2000209c        0x8 CMakeFiles/bno085_test.dir/Users/y.fujita/.pico-sdk/sdk/2.2.0/src/rp2_common/pico_unique_id/unique_id.c.o
 .bss.sf_clz_func
                0x200020a4        0x4 CMakeFiles/bno085_test.dir/Users/y.fujita/.pico-sdk/sdk/2.2.0/src/rp2_common/pico_double/double_init_rom_rp2040.c.o
                0x200020a4                sf_clz_func
 .bss.sleep_notifier
                0x200020a8        0x4 CMakeFiles/bno085_test.dir/Users/y.fujita/.pico-sdk/sdk/2.2.0/src/common/pico_time/time.c.o
 .bss.stdio_usb_mutex
                0x200020ac        0x8 CMakeFiles/bno085_test.dir/Users/y.fujita/.pico-sdk/sdk/2.2.0/src/rp2_common/pico_stdio_usb/stdio_usb.c.o
 .bss.tmp.0     0x200020b4      0x118 CMakeFiles/bno085_test.dir/bno085_test.c.o
 .bss.usbd_serial_str
                0x200021cc       0x11 CMakeFiles/bno085_test.dir/Users/y.fujita/.pico-sdk/sdk/2.2.0/src/rp2_common/pico_stdio_usb/stdio_usb_descriptors.c.o
 .bss._app_driver_count
                0x200021dd        0x1 CMakeFiles/bno085_test.dir/Users/y.fujita/.pico-sdk/sdk/2.2.0/lib/tinyusb/src/device/usbd.c.o
 .bss._sof_enable
                0x200021de        0x1 CMakeFiles/bno085_test.dir/Users/y.fujita/.pico-sdk/sdk/2.2.0/lib/tinyusb/src/portable/raspberrypi/rp2040/dcd_rp2040.c.o
 .bss._usbd_queued_setup
                0x200021df        0x1 CMakeFiles/bno085_test.dir/Users/y.fujita/.pico-sdk/sdk/2.2.0/lib/tinyusb/src/device/usbd.c.o
 .bss.boot2_copyout_valid
                0x200021e0        0x1 CMakeFiles/bno085_test.dir/Users/y.fujita/.pico-sdk/sdk/2.2.0/src/rp2_common/hardware_flash/flash.c.o
 .bss.irq_handler_chain_free_slot_head
                0x200021e1        0x1 CMakeFiles/bno085_test.dir/Users/y.fujita/.pico-sdk/sdk/2.2.0/src/rp2_common/hardware_irq/irq.c.o
 .bss.itf_num   0x200021e2        0x1 CMakeFiles/bno085_test.dir/Users/y.fujita/.pico-sdk/sdk/2.2.0/src/rp2_common/pico_stdio_usb/reset_interface.c.o
 .bss.low_priority_irq_num
                0x200021e3        0x1 CMakeFiles/bno085_test.dir/Users/y.fujita/.pico-sdk/sdk/2.2.0/src/rp2_common/pico_stdio_usb/stdio_usb.c.o
 .bss.one_shot_timer_pending
                0x200021e4        0x1 CMakeFiles/bno085_test.dir/Users/y.fujita/.pico-sdk/sdk/2.2.0/src/rp2_common/pico_stdio_usb/stdio_usb.c.o
 .bss.user_irq_claimed
                0x200021e5        0x1 CMakeFiles/bno085_test.dir/Users/y.fujita/.pico-sdk/sdk/2.2.0/src/rp2_common/hardware_irq/irq.c.o
 *(COMMON)
                0x200021e8                        . = ALIGN (0x4)
 *fill*         0x200021e6        0x2 
                0x200021e8                        __bss_end__ = .

.heap           0x200021e8      0x800 load address 0x10008f8c
                0x200021e8                        __end__ = .
                0x200021e8                        end = __end__
 *(.heap*)
 .heap          0x200021e8      0x800 CMakeFiles/bno085_test.dir/Users/y.fujita/.pico-sdk/sdk/2.2.0/src/rp2_common/pico_crt0/crt0.S.o
                0x20040000                        __HeapLimit = (ORIGIN (RAM) + LENGTH (RAM))

.scratch_x      0x20040000        0x0 load address 0x10008f8c
                0x20040000                        __scratch_x_start__ = .
 *(.scratch_x.*)
                0x20040000                        . = ALIGN (0x4)
                0x20040000                        __scratch_x_end__ = .
                0x10008f8c                        __scratch_x_source__ = LOADADDR (.scratch_x)

.scratch_y      0x20041000        0x0 load address 0x10008f8c
                0x20041000                        __scratch_y_start__ = .
 *(.scratch_y.*)
                0x20041000                        . = ALIGN (0x4)
                0x20041000                        __scratch_y_end__ = .
                0x10008f8c                        __scratch_y_source__ = LOADADDR (.scratch_y)

.stack1_dummy
 *(.stack1*)

.stack_dummy    0x20041000      0x800
 *(.stack*)
 .stack         0x20041000      0x800 CMakeFiles/bno085_test.dir/Users/y.fujita/.pico-sdk/sdk/2.2.0/src/rp2_common/pico_crt0/crt0.S.o

.rel.dyn        0x20041800        0x0
 .rel.iplt      0x20041800        0x0 /Users/y.fujita/.pico-sdk/toolchain/14_2_Rel1/bin/../lib/gcc/arm-none-eabi/14.2.1/thumb/v6-m/nofp/crtbegin.o

.flash_end      0x10008f8c        0x0
 *(.embedded_end_block*)
                0x10008f8c                        PROVIDE (__flash_binary_end = .)
                0x20040000                        __StackLimit = (ORIGIN (RAM) + LENGTH (RAM))
                0x20041000                        __StackOneTop = (ORIGIN (SCRATCH_X) + LENGTH (SCRATCH_X))
                0x20042000                        __StackTop = (ORIGIN (SCRATCH_Y) + LENGTH (SCRATCH_Y))
                0x20041000                        __StackOneBottom = (__StackOneTop - SIZEOF (.stack1_dummy))
                0x20041800                        __StackBottom = (__StackTop - SIZEOF (.stack_dummy))
                0x20042000                        PROVIDE (__stack = __StackTop)
                [!provide]                        PROVIDE (__heap_start = __end__)
                [!provide]                        PROVIDE (__heap_end = __HeapLimit)
                [!provide]                        PROVIDE (__tls_align = MAX (ALIGNOF (.tdata), ALIGNOF (.tbss)))
                [!provide]                        PROVIDE (__tls_size_align = (((__tls_size + __tls_align) - 0x1) & ~ ((__tls_align - 0x1))))
                [!provide]                        PROVIDE (__arm32_tls_tcb_offset = MAX (0x8, __tls_align))
                [!provide]                        PROVIDE (_end = __end__)
                [!provide]                        PROVIDE (__llvm_libc_heap_limit = __HeapLimit)
                0x00000001                        ASSERT ((__StackLimit >= __HeapLimit), region RAM overflowed)
                0x00000001                        ASSERT (((__binary_info_header_end - __logical_binary_start) <= 0x100), Binary info must be in first 256 bytes of the binary)
LOAD CMakeFiles/bno085_test.dir/bno085_test.c.o
LOAD CMakeFiles/bno085_test.dir/Users/y.fujita/.pico-sdk/sdk/2.2.0/src/rp2_common/pico_stdlib/stdlib.c.o
LOAD CMakeFiles/bno085_test.dir/Users/y.fujita/.pico-sdk/sdk/2.2.0/src/rp2_common/hardware_gpio/gpio.c.o
LOAD CMakeFiles/bno085_test.dir/Users/y.fujita/.pico-sdk/sdk/2.2.0/src/rp2040/pico_platform/platform.c.o
LOAD CMakeFiles/bno085_test.dir/Users/y.fujita/.pico-sdk/sdk/2.2.0/src/rp2_common/pico_platform_common/common.c.o
LOAD CMakeFiles/bno085_test.dir/Users/y.fujita/.pico-sdk/sdk/2.2.0/src/rp2_common/pico_platform_panic/panic.c.o
LOAD CMakeFiles/bno085_test.dir/Users/y.fujita/.pico-sdk/sdk/2.2.0/src/common/hardware_claim/claim.c.o
LOAD CMakeFiles/bno085_test.dir/Users/y.fujita/.pico-sdk/sdk/2.2.0/src/rp2_common/hardware_sync/sync.c.o
LOAD CMakeFiles/bno085_test.dir/Users/y.fujita/.pico-sdk/sdk/2.2.0/src/rp2_common/hardware_sync_spin_lock/sync_spin_lock.c.o
LOAD CMakeFiles/bno085_test.dir/Users/y.fujita/.pico-sdk/sdk/2.2.0/src/rp2_common/hardware_irq/irq.c.o
LOAD CMakeFiles/bno085_test.dir/Users/y.fujita/.pico-sdk/sdk/2.2.0/src/rp2_common/hardware_irq/irq_handler_chain.S.o
LOAD CMakeFiles/bno085_test.dir/Users/y.fujita/.pico-sdk/sdk/2.2.0/src/common/pico_sync/sem.c.o
LOAD CMakeFiles/bno085_test.dir/Users/y.fujita/.pico-sdk/sdk/2.2.0/src/common/pico_sync/lock_core.c.o
LOAD CMakeFiles/bno085_test.dir/Users/y.fujita/.pico-sdk/sdk/2.2.0/src/common/pico_sync/mutex.c.o
LOAD CMakeFiles/bno085_test.dir/Users/y.fujita/.pico-sdk/sdk/2.2.0/src/common/pico_sync/critical_section.c.o
LOAD CMakeFiles/bno085_test.dir/Users/y.fujita/.pico-sdk/sdk/2.2.0/src/common/pico_time/time.c.o